Skipping image OS validation for hb__13dcc5c0e50124189c970b028e646fc6: docker inspect returned 1
Parser warnings: - Extra text detected before JSON object
Trajectory dumped to jobs/qwen5x-batch1/courses-ta-hws__LvNYS5i/agent/trajectory.json
Parser warnings: - Extra text detected before JSON object
Trajectory dumped to jobs/qwen5x-batch1/courses-ta-hws__LvNYS5i/agent/trajectory.json
Parser warnings: - Extra text detected before JSON object
Trajectory dumped to jobs/qwen5x-batch1/courses-ta-hws__LvNYS5i/agent/trajectory.json
Parser warnings: - Extra text detected before JSON object
Trajectory dumped to jobs/qwen5x-batch1/courses-ta-hws__LvNYS5i/agent/trajectory.json
Parser warnings: - Extra text detected before JSON object
Trajectory dumped to jobs/qwen5x-batch1/courses-ta-hws__LvNYS5i/agent/trajectory.json
Parser warnings: - Extra text detected before JSON object
Trajectory dumped to jobs/qwen5x-batch1/courses-ta-hws__LvNYS5i/agent/trajectory.json
Parser warnings: - Extra text detected before JSON object
- Extra text detected after JSON object
Parser warnings: - Extra text detected before JSON object
Trajectory dumped to jobs/qwen5x-batch1/courses-ta-hws__LvNYS5i/agent/trajectory.json
Parser warnings: - Extra text detected before JSON object
Trajectory dumped to jobs/qwen5x-batch1/courses-ta-hws__LvNYS5i/agent/trajectory.json
Parser warnings: - Extra text detected before JSON object
Trajectory dumped to jobs/qwen5x-batch1/courses-ta-hws__LvNYS5i/agent/trajectory.json
Parser warnings: - Extra text detected before JSON object
Trajectory dumped to jobs/qwen5x-batch1/courses-ta-hws__LvNYS5i/agent/trajectory.json
Trajectory dumped to jobs/qwen5x-batch1/courses-ta-hws__LvNYS5i/agent/trajectory.json
Collecting main service artifacts
