Skipping image OS validation for hb__7fa1174af8284969f0149e2e51b6763c: docker inspect returned 1
Running healthcheck: test -f /var/run/toolathlon/ready
Healthcheck passed
Parser warnings: - Extra text detected before JSON object
Trajectory dumped to jobs/qwen5x-batch2/logical-datasets-collection__G76HDTq/agent/trajectory.json
Parser warnings: - Extra text detected before JSON object
Trajectory dumped to jobs/qwen5x-batch2/logical-datasets-collection__G76HDTq/agent/trajectory.json
Parser warnings: - Extra text detected before JSON object
Trajectory dumped to jobs/qwen5x-batch2/logical-datasets-collection__G76HDTq/agent/trajectory.json
Parser warnings: - Extra text detected before JSON object
Trajectory dumped to jobs/qwen5x-batch2/logical-datasets-collection__G76HDTq/agent/trajectory.json
Parser warnings: - Extra text detected before JSON object
Trajectory dumped to jobs/qwen5x-batch2/logical-datasets-collection__G76HDTq/agent/trajectory.json
Parser warnings: - Extra text detected before JSON object
Trajectory dumped to jobs/qwen5x-batch2/logical-datasets-collection__G76HDTq/agent/trajectory.json
Parser warnings: - Extra text detected before JSON object
Trajectory dumped to jobs/qwen5x-batch2/logical-datasets-collection__G76HDTq/agent/trajectory.json
Parser warnings: - Extra text detected before JSON object
Trajectory dumped to jobs/qwen5x-batch2/logical-datasets-collection__G76HDTq/agent/trajectory.json
Parser warnings: - Extra text detected before JSON object
Trajectory dumped to jobs/qwen5x-batch2/logical-datasets-collection__G76HDTq/agent/trajectory.json
Parser warnings: - Extra text detected before JSON object
Trajectory dumped to jobs/qwen5x-batch2/logical-datasets-collection__G76HDTq/agent/trajectory.json
Parser warnings: - Extra text detected before JSON object
Trajectory dumped to jobs/qwen5x-batch2/logical-datasets-collection__G76HDTq/agent/trajectory.json
Parser warnings: - Extra text detected before JSON object
Trajectory dumped to jobs/qwen5x-batch2/logical-datasets-collection__G76HDTq/agent/trajectory.json
Parser warnings: - Extra text detected before JSON object
Trajectory dumped to jobs/qwen5x-batch2/logical-datasets-collection__G76HDTq/agent/trajectory.json
Parser warnings: - Extra text detected before JSON object
Trajectory dumped to jobs/qwen5x-batch2/logical-datasets-collection__G76HDTq/agent/trajectory.json
Parser warnings: - Extra text detected before JSON object
Trajectory dumped to jobs/qwen5x-batch2/logical-datasets-collection__G76HDTq/agent/trajectory.json
Parser warnings: - Extra text detected before JSON object
Trajectory dumped to jobs/qwen5x-batch2/logical-datasets-collection__G76HDTq/agent/trajectory.json
Parser warnings: - Extra text detected before JSON object
Trajectory dumped to jobs/qwen5x-batch2/logical-datasets-collection__G76HDTq/agent/trajectory.json
Parser warnings: - Extra text detected before JSON object
Trajectory dumped to jobs/qwen5x-batch2/logical-datasets-collection__G76HDTq/agent/trajectory.json
Parser warnings: - Extra text detected before JSON object
Trajectory dumped to jobs/qwen5x-batch2/logical-datasets-collection__G76HDTq/agent/trajectory.json
Parser warnings: - Extra text detected before JSON object
Trajectory dumped to jobs/qwen5x-batch2/logical-datasets-collection__G76HDTq/agent/trajectory.json
Trajectory dumped to jobs/qwen5x-batch2/logical-datasets-collection__G76HDTq/agent/trajectory.json
Parser warnings: - Extra text detected before JSON object
Trajectory dumped to jobs/qwen5x-batch2/logical-datasets-collection__G76HDTq/agent/trajectory.json
Parser warnings: - Extra text detected before JSON object
Trajectory dumped to jobs/qwen5x-batch2/logical-datasets-collection__G76HDTq/agent/trajectory.json
Parser warnings: - Extra text detected before JSON object
Trajectory dumped to jobs/qwen5x-batch2/logical-datasets-collection__G76HDTq/agent/trajectory.json
Parser warnings: - Extra text detected before JSON object
Trajectory dumped to jobs/qwen5x-batch2/logical-datasets-collection__G76HDTq/agent/trajectory.json
Parser warnings: - Extra text detected before JSON object
Trajectory dumped to jobs/qwen5x-batch2/logical-datasets-collection__G76HDTq/agent/trajectory.json
Parser warnings: - Extra text detected before JSON object
Trajectory dumped to jobs/qwen5x-batch2/logical-datasets-collection__G76HDTq/agent/trajectory.json
Parser warnings: - Extra text detected before JSON object
Trajectory dumped to jobs/qwen5x-batch2/logical-datasets-collection__G76HDTq/agent/trajectory.json
Parser warnings: - Extra text detected before JSON object
Trajectory dumped to jobs/qwen5x-batch2/logical-datasets-collection__G76HDTq/agent/trajectory.json
Parser warnings: - Extra text detected before JSON object
Trajectory dumped to jobs/qwen5x-batch2/logical-datasets-collection__G76HDTq/agent/trajectory.json
Parser warnings: - Extra text detected before JSON object
Trajectory dumped to jobs/qwen5x-batch2/logical-datasets-collection__G76HDTq/agent/trajectory.json
Parser warnings: - Extra text detected before JSON object
Trajectory dumped to jobs/qwen5x-batch2/logical-datasets-collection__G76HDTq/agent/trajectory.json
Trajectory dumped to jobs/qwen5x-batch2/logical-datasets-collection__G76HDTq/agent/trajectory.json
Trajectory dumped to jobs/qwen5x-batch2/logical-datasets-collection__G76HDTq/agent/trajectory.json
Parser warnings: - Extra text detected before JSON object
Trajectory dumped to jobs/qwen5x-batch2/logical-datasets-collection__G76HDTq/agent/trajectory.json
Parser warnings: - Extra text detected before JSON object
Trajectory dumped to jobs/qwen5x-batch2/logical-datasets-collection__G76HDTq/agent/trajectory.json
Parser warnings: - Extra text detected before JSON object
Trajectory dumped to jobs/qwen5x-batch2/logical-datasets-collection__G76HDTq/agent/trajectory.json
Trajectory dumped to jobs/qwen5x-batch2/logical-datasets-collection__G76HDTq/agent/trajectory.json
Collecting main service artifacts
