Skipping image OS validation for hb__3cd8f8489d2970c30b65527d0fa7c105: docker inspect returned 1
Running healthcheck: test -f /var/run/toolathlon/ready
Healthcheck passed
Parser warnings: - Extra text detected before JSON object
Trajectory dumped to jobs/bench-n16/machine-operating__nTFKFkm/agent/trajectory.json
Parser warnings: - Extra text detected before JSON object
Trajectory dumped to jobs/bench-n16/machine-operating__nTFKFkm/agent/trajectory.json
Parser warnings: - Extra text detected before JSON object
Trajectory dumped to jobs/bench-n16/machine-operating__nTFKFkm/agent/trajectory.json
Parser warnings: - Extra text detected before JSON object
Trajectory dumped to jobs/bench-n16/machine-operating__nTFKFkm/agent/trajectory.json
Parser warnings: - Extra text detected before JSON object
Trajectory dumped to jobs/bench-n16/machine-operating__nTFKFkm/agent/trajectory.json
Parser warnings: - Extra text detected before JSON object
Trajectory dumped to jobs/bench-n16/machine-operating__nTFKFkm/agent/trajectory.json
Parser warnings: - Extra text detected before JSON object
Trajectory dumped to jobs/bench-n16/machine-operating__nTFKFkm/agent/trajectory.json
Parser warnings: - Extra text detected before JSON object
Trajectory dumped to jobs/bench-n16/machine-operating__nTFKFkm/agent/trajectory.json
Parser warnings: - Extra text detected before JSON object
Trajectory dumped to jobs/bench-n16/machine-operating__nTFKFkm/agent/trajectory.json
Parser warnings: - Extra text detected before JSON object
Trajectory dumped to jobs/bench-n16/machine-operating__nTFKFkm/agent/trajectory.json
Trajectory dumped to jobs/bench-n16/machine-operating__nTFKFkm/agent/trajectory.json
Collecting main service artifacts
