Skipping image OS validation for hb__90c98f31682e672c0a16c0c8e1eec99d: docker inspect returned 1
Running healthcheck: test -f /var/run/toolathlon/ready
Healthcheck passed
Parser warnings: - Extra text detected before JSON object
Trajectory dumped to jobs/topup5/git-bug-hunt__heUttf9/agent/trajectory.json
Parser warnings: - AUTO-CORRECTED: Extracted JSON from mixed content - please fix this in future responses
Trajectory dumped to jobs/topup5/git-bug-hunt__heUttf9/agent/trajectory.json
Parser warnings: - Extra text detected before JSON object
Trajectory dumped to jobs/topup5/git-bug-hunt__heUttf9/agent/trajectory.json
Parser warnings: - Extra text detected before JSON object
Trajectory dumped to jobs/topup5/git-bug-hunt__heUttf9/agent/trajectory.json
Parser warnings: - Extra text detected before JSON object
Trajectory dumped to jobs/topup5/git-bug-hunt__heUttf9/agent/trajectory.json
Parser warnings: - Extra text detected before JSON object
Trajectory dumped to jobs/topup5/git-bug-hunt__heUttf9/agent/trajectory.json
Parser warnings: - Extra text detected before JSON object
Trajectory dumped to jobs/topup5/git-bug-hunt__heUttf9/agent/trajectory.json
Parser warnings: - Extra text detected before JSON object
Trajectory dumped to jobs/topup5/git-bug-hunt__heUttf9/agent/trajectory.json
Parser warnings: - Extra text detected before JSON object
Trajectory dumped to jobs/topup5/git-bug-hunt__heUttf9/agent/trajectory.json
Trajectory dumped to jobs/topup5/git-bug-hunt__heUttf9/agent/trajectory.json
Collecting main service artifacts
