Skipping image OS validation for hb__b476f5d730710dacc9a30c96da31f4e0: docker inspect returned 1
Parser warnings: - Extra text detected before JSON object
Trajectory dumped to jobs/qwen5x-batch1/university-course-selection__iLu4gXh/agent/trajectory.json
Parser warnings: - Extra text detected before JSON object
Trajectory dumped to jobs/qwen5x-batch1/university-course-selection__iLu4gXh/agent/trajectory.json
Parser warnings: - Extra text detected before JSON object
Trajectory dumped to jobs/qwen5x-batch1/university-course-selection__iLu4gXh/agent/trajectory.json
Parser warnings: - Extra text detected before JSON object
Trajectory dumped to jobs/qwen5x-batch1/university-course-selection__iLu4gXh/agent/trajectory.json
Parser warnings: - Extra text detected before JSON object
Trajectory dumped to jobs/qwen5x-batch1/university-course-selection__iLu4gXh/agent/trajectory.json
Parser warnings: - Extra text detected before JSON object
Trajectory dumped to jobs/qwen5x-batch1/university-course-selection__iLu4gXh/agent/trajectory.json
Parser warnings: - Extra text detected before JSON object
Trajectory dumped to jobs/qwen5x-batch1/university-course-selection__iLu4gXh/agent/trajectory.json
Parser warnings: - Extra text detected before JSON object
Trajectory dumped to jobs/qwen5x-batch1/university-course-selection__iLu4gXh/agent/trajectory.json
Parser warnings: - Extra text detected before JSON object
Trajectory dumped to jobs/qwen5x-batch1/university-course-selection__iLu4gXh/agent/trajectory.json
Parser warnings: - Extra text detected before JSON object
Trajectory dumped to jobs/qwen5x-batch1/university-course-selection__iLu4gXh/agent/trajectory.json
Parser warnings: - Extra text detected before JSON object
Trajectory dumped to jobs/qwen5x-batch1/university-course-selection__iLu4gXh/agent/trajectory.json
Parser warnings: - Extra text detected before JSON object
Trajectory dumped to jobs/qwen5x-batch1/university-course-selection__iLu4gXh/agent/trajectory.json
Parser warnings: - Extra text detected before JSON object
Trajectory dumped to jobs/qwen5x-batch1/university-course-selection__iLu4gXh/agent/trajectory.json
Parser warnings: - Extra text detected before JSON object
Trajectory dumped to jobs/qwen5x-batch1/university-course-selection__iLu4gXh/agent/trajectory.json
Parser warnings: - Extra text detected before JSON object
Trajectory dumped to jobs/qwen5x-batch1/university-course-selection__iLu4gXh/agent/trajectory.json
Parser warnings: - Extra text detected before JSON object
Trajectory dumped to jobs/qwen5x-batch1/university-course-selection__iLu4gXh/agent/trajectory.json
Parser warnings: - Extra text detected before JSON object
Trajectory dumped to jobs/qwen5x-batch1/university-course-selection__iLu4gXh/agent/trajectory.json
Parser warnings: - Extra text detected before JSON object
- Command 1 should end with newline when followed by another command. Otherwise the two commands will be concatenated together on the same line.
- Command 2 should end with newline when followed by another command. Otherwise the two commands will be concatenated together on the same line.
Trajectory dumped to jobs/qwen5x-batch1/university-course-selection__iLu4gXh/agent/trajectory.json
Parser warnings: - Extra text detected before JSON object
Trajectory dumped to jobs/qwen5x-batch1/university-course-selection__iLu4gXh/agent/trajectory.json
Parser warnings: - Extra text detected before JSON object
Trajectory dumped to jobs/qwen5x-batch1/university-course-selection__iLu4gXh/agent/trajectory.json
Parser warnings: - Extra text detected before JSON object
Trajectory dumped to jobs/qwen5x-batch1/university-course-selection__iLu4gXh/agent/trajectory.json
Parser warnings: - Extra text detected before JSON object
Trajectory dumped to jobs/qwen5x-batch1/university-course-selection__iLu4gXh/agent/trajectory.json
Parser warnings: - Extra text detected before JSON object
Trajectory dumped to jobs/qwen5x-batch1/university-course-selection__iLu4gXh/agent/trajectory.json
Parser warnings: - Extra text detected before JSON object
Trajectory dumped to jobs/qwen5x-batch1/university-course-selection__iLu4gXh/agent/trajectory.json
Parser warnings: - Extra text detected before JSON object
Trajectory dumped to jobs/qwen5x-batch1/university-course-selection__iLu4gXh/agent/trajectory.json
Parser warnings: - Extra text detected before JSON object
Trajectory dumped to jobs/qwen5x-batch1/university-course-selection__iLu4gXh/agent/trajectory.json
Parser warnings: - Extra text detected before JSON object
Trajectory dumped to jobs/qwen5x-batch1/university-course-selection__iLu4gXh/agent/trajectory.json
Parser warnings: - Extra text detected before JSON object
Trajectory dumped to jobs/qwen5x-batch1/university-course-selection__iLu4gXh/agent/trajectory.json
Parser warnings: - Extra text detected before JSON object
Trajectory dumped to jobs/qwen5x-batch1/university-course-selection__iLu4gXh/agent/trajectory.json
Parser warnings: - Extra text detected before JSON object
Trajectory dumped to jobs/qwen5x-batch1/university-course-selection__iLu4gXh/agent/trajectory.json
Parser warnings: - Extra text detected before JSON object
Trajectory dumped to jobs/qwen5x-batch1/university-course-selection__iLu4gXh/agent/trajectory.json
Trajectory dumped to jobs/qwen5x-batch1/university-course-selection__iLu4gXh/agent/trajectory.json
Parser warnings: - Extra text detected before JSON object
Trajectory dumped to jobs/qwen5x-batch1/university-course-selection__iLu4gXh/agent/trajectory.json
Trajectory dumped to jobs/qwen5x-batch1/university-course-selection__iLu4gXh/agent/trajectory.json
Trajectory dumped to jobs/qwen5x-batch1/university-course-selection__iLu4gXh/agent/trajectory.json
Parser warnings: - Extra text detected before JSON object
Trajectory dumped to jobs/qwen5x-batch1/university-course-selection__iLu4gXh/agent/trajectory.json
Parser warnings: - Extra text detected before JSON object
Trajectory dumped to jobs/qwen5x-batch1/university-course-selection__iLu4gXh/agent/trajectory.json
Parser warnings: - Extra text detected before JSON object
Trajectory dumped to jobs/qwen5x-batch1/university-course-selection__iLu4gXh/agent/trajectory.json
Trajectory dumped to jobs/qwen5x-batch1/university-course-selection__iLu4gXh/agent/trajectory.json
Parser warnings: - Extra text detected before JSON object
Trajectory dumped to jobs/qwen5x-batch1/university-course-selection__iLu4gXh/agent/trajectory.json
Trajectory dumped to jobs/qwen5x-batch1/university-course-selection__iLu4gXh/agent/trajectory.json
Parser warnings: - Extra text detected before JSON object
Trajectory dumped to jobs/qwen5x-batch1/university-course-selection__iLu4gXh/agent/trajectory.json
Parser warnings: - Extra text detected before JSON object
Trajectory dumped to jobs/qwen5x-batch1/university-course-selection__iLu4gXh/agent/trajectory.json
Parser warnings: - Extra text detected before JSON object
Trajectory dumped to jobs/qwen5x-batch1/university-course-selection__iLu4gXh/agent/trajectory.json
Parser warnings: - Extra text detected before JSON object
Trajectory dumped to jobs/qwen5x-batch1/university-course-selection__iLu4gXh/agent/trajectory.json
Parser warnings: - Extra text detected before JSON object
Trajectory dumped to jobs/qwen5x-batch1/university-course-selection__iLu4gXh/agent/trajectory.json
Parser warnings: - Extra text detected before JSON object
Trajectory dumped to jobs/qwen5x-batch1/university-course-selection__iLu4gXh/agent/trajectory.json
Trajectory dumped to jobs/qwen5x-batch1/university-course-selection__iLu4gXh/agent/trajectory.json
Parser warnings: - Extra text detected before JSON object
Trajectory dumped to jobs/qwen5x-batch1/university-course-selection__iLu4gXh/agent/trajectory.json
Parser warnings: - Extra text detected before JSON object
Trajectory dumped to jobs/qwen5x-batch1/university-course-selection__iLu4gXh/agent/trajectory.json
Parser warnings: - Extra text detected before JSON object
Trajectory dumped to jobs/qwen5x-batch1/university-course-selection__iLu4gXh/agent/trajectory.json
Trajectory dumped to jobs/qwen5x-batch1/university-course-selection__iLu4gXh/agent/trajectory.json
Trajectory dumped to jobs/qwen5x-batch1/university-course-selection__iLu4gXh/agent/trajectory.json
Trajectory dumped to jobs/qwen5x-batch1/university-course-selection__iLu4gXh/agent/trajectory.json
Trajectory dumped to jobs/qwen5x-batch1/university-course-selection__iLu4gXh/agent/trajectory.json
Parser warnings: - Extra text detected before JSON object
Trajectory dumped to jobs/qwen5x-batch1/university-course-selection__iLu4gXh/agent/trajectory.json
Parser warnings: - Extra text detected before JSON object
Trajectory dumped to jobs/qwen5x-batch1/university-course-selection__iLu4gXh/agent/trajectory.json
Trajectory dumped to jobs/qwen5x-batch1/university-course-selection__iLu4gXh/agent/trajectory.json
Trajectory dumped to jobs/qwen5x-batch1/university-course-selection__iLu4gXh/agent/trajectory.json
Parser warnings: - Extra text detected before JSON object
Trajectory dumped to jobs/qwen5x-batch1/university-course-selection__iLu4gXh/agent/trajectory.json
Trajectory dumped to jobs/qwen5x-batch1/university-course-selection__iLu4gXh/agent/trajectory.json
Parser warnings: - Extra text detected before JSON object
Trajectory dumped to jobs/qwen5x-batch1/university-course-selection__iLu4gXh/agent/trajectory.json
Parser warnings: - Extra text detected before JSON object
Trajectory dumped to jobs/qwen5x-batch1/university-course-selection__iLu4gXh/agent/trajectory.json
Parser warnings: - Extra text detected before JSON object
- Extra text detected after JSON object
Parser warnings: - Extra text detected before JSON object
Trajectory dumped to jobs/qwen5x-batch1/university-course-selection__iLu4gXh/agent/trajectory.json
Parser warnings: - Extra text detected before JSON object
Trajectory dumped to jobs/qwen5x-batch1/university-course-selection__iLu4gXh/agent/trajectory.json
Parser warnings: - Extra text detected before JSON object
Trajectory dumped to jobs/qwen5x-batch1/university-course-selection__iLu4gXh/agent/trajectory.json
Trajectory dumped to jobs/qwen5x-batch1/university-course-selection__iLu4gXh/agent/trajectory.json
Trajectory dumped to jobs/qwen5x-batch1/university-course-selection__iLu4gXh/agent/trajectory.json
Parser warnings: - Extra text detected before JSON object
Trajectory dumped to jobs/qwen5x-batch1/university-course-selection__iLu4gXh/agent/trajectory.json
Parser warnings: - Extra text detected before JSON object
Trajectory dumped to jobs/qwen5x-batch1/university-course-selection__iLu4gXh/agent/trajectory.json
Parser warnings: - Extra text detected before JSON object
Trajectory dumped to jobs/qwen5x-batch1/university-course-selection__iLu4gXh/agent/trajectory.json
Trajectory dumped to jobs/qwen5x-batch1/university-course-selection__iLu4gXh/agent/trajectory.json
Trajectory dumped to jobs/qwen5x-batch1/university-course-selection__iLu4gXh/agent/trajectory.json
Parser warnings: - Extra text detected before JSON object
Trajectory dumped to jobs/qwen5x-batch1/university-course-selection__iLu4gXh/agent/trajectory.json
Parser warnings: - Extra text detected before JSON object
Trajectory dumped to jobs/qwen5x-batch1/university-course-selection__iLu4gXh/agent/trajectory.json
Parser warnings: - Extra text detected before JSON object
- Extra text detected after JSON object
Parser warnings: - Extra text detected before JSON object
Trajectory dumped to jobs/qwen5x-batch1/university-course-selection__iLu4gXh/agent/trajectory.json
Trajectory dumped to jobs/qwen5x-batch1/university-course-selection__iLu4gXh/agent/trajectory.json
Trajectory dumped to jobs/qwen5x-batch1/university-course-selection__iLu4gXh/agent/trajectory.json
Parser warnings: - Extra text detected before JSON object
Trajectory dumped to jobs/qwen5x-batch1/university-course-selection__iLu4gXh/agent/trajectory.json
Trajectory dumped to jobs/qwen5x-batch1/university-course-selection__iLu4gXh/agent/trajectory.json
Parser warnings: - Extra text detected before JSON object
Trajectory dumped to jobs/qwen5x-batch1/university-course-selection__iLu4gXh/agent/trajectory.json
Parser warnings: - Extra text detected before JSON object
Trajectory dumped to jobs/qwen5x-batch1/university-course-selection__iLu4gXh/agent/trajectory.json
Parser warnings: - Extra text detected before JSON object
Trajectory dumped to jobs/qwen5x-batch1/university-course-selection__iLu4gXh/agent/trajectory.json
Parser warnings: - Extra text detected before JSON object
Trajectory dumped to jobs/qwen5x-batch1/university-course-selection__iLu4gXh/agent/trajectory.json
Parser warnings: - Extra text detected before JSON object
- Extra text detected after JSON object
Parser warnings: - Extra text detected before JSON object
- Extra text detected after JSON object
Parser warnings: - Extra text detected before JSON object
- Extra text detected after JSON object
Trajectory dumped to jobs/qwen5x-batch1/university-course-selection__iLu4gXh/agent/trajectory.json
Parser warnings: - Extra text detected before JSON object
Trajectory dumped to jobs/qwen5x-batch1/university-course-selection__iLu4gXh/agent/trajectory.json
Parser warnings: - Extra text detected before JSON object
Trajectory dumped to jobs/qwen5x-batch1/university-course-selection__iLu4gXh/agent/trajectory.json
Parser warnings: - Extra text detected before JSON object
- Extra text detected after JSON object
Trajectory dumped to jobs/qwen5x-batch1/university-course-selection__iLu4gXh/agent/trajectory.json
Parser warnings: - Extra text detected before JSON object
- Extra text detected after JSON object
Trajectory dumped to jobs/qwen5x-batch1/university-course-selection__iLu4gXh/agent/trajectory.json
Parser warnings: - Extra text detected before JSON object
- Extra text detected after JSON object
Trajectory dumped to jobs/qwen5x-batch1/university-course-selection__iLu4gXh/agent/trajectory.json
Parser warnings: - Extra text detected before JSON object
- Extra text detected after JSON object
Trajectory dumped to jobs/qwen5x-batch1/university-course-selection__iLu4gXh/agent/trajectory.json
Parser warnings: - Extra text detected before JSON object
- Extra text detected after JSON object
Trajectory dumped to jobs/qwen5x-batch1/university-course-selection__iLu4gXh/agent/trajectory.json
Parser warnings: - Extra text detected before JSON object
- Extra text detected after JSON object
Trajectory dumped to jobs/qwen5x-batch1/university-course-selection__iLu4gXh/agent/trajectory.json
Parser warnings: - Extra text detected before JSON object
- Extra text detected after JSON object
Trajectory dumped to jobs/qwen5x-batch1/university-course-selection__iLu4gXh/agent/trajectory.json
Parser warnings: - Extra text detected before JSON object
- Extra text detected after JSON object
Trajectory dumped to jobs/qwen5x-batch1/university-course-selection__iLu4gXh/agent/trajectory.json
Parser warnings: - Extra text detected before JSON object
- Extra text detected after JSON object
Trajectory dumped to jobs/qwen5x-batch1/university-course-selection__iLu4gXh/agent/trajectory.json
Parser warnings: - Extra text detected before JSON object
- Extra text detected after JSON object
Trajectory dumped to jobs/qwen5x-batch1/university-course-selection__iLu4gXh/agent/trajectory.json
Parser warnings: - Extra text detected before JSON object
- Extra text detected after JSON object
Trajectory dumped to jobs/qwen5x-batch1/university-course-selection__iLu4gXh/agent/trajectory.json
Parser warnings: - Extra text detected before JSON object
- Extra text detected after JSON object
Trajectory dumped to jobs/qwen5x-batch1/university-course-selection__iLu4gXh/agent/trajectory.json
Parser warnings: - Extra text detected before JSON object
- Extra text detected after JSON object
Trajectory dumped to jobs/qwen5x-batch1/university-course-selection__iLu4gXh/agent/trajectory.json
Parser warnings: - Extra text detected before JSON object
- Extra text detected after JSON object
Trajectory dumped to jobs/qwen5x-batch1/university-course-selection__iLu4gXh/agent/trajectory.json
Parser warnings: - Extra text detected before JSON object
- Extra text detected after JSON object
Trajectory dumped to jobs/qwen5x-batch1/university-course-selection__iLu4gXh/agent/trajectory.json
Parser warnings: - Extra text detected before JSON object
- Extra text detected after JSON object
Trajectory dumped to jobs/qwen5x-batch1/university-course-selection__iLu4gXh/agent/trajectory.json
Parser warnings: - Extra text detected before JSON object
- Extra text detected after JSON object
Trajectory dumped to jobs/qwen5x-batch1/university-course-selection__iLu4gXh/agent/trajectory.json
Parser warnings: - Extra text detected before JSON object
- Extra text detected after JSON object
Trajectory dumped to jobs/qwen5x-batch1/university-course-selection__iLu4gXh/agent/trajectory.json
Parser warnings: - Extra text detected before JSON object
- Extra text detected after JSON object
Trajectory dumped to jobs/qwen5x-batch1/university-course-selection__iLu4gXh/agent/trajectory.json
Parser warnings: - Extra text detected before JSON object
- Extra text detected after JSON object
Trajectory dumped to jobs/qwen5x-batch1/university-course-selection__iLu4gXh/agent/trajectory.json
Parser warnings: - Extra text detected before JSON object
Trajectory dumped to jobs/qwen5x-batch1/university-course-selection__iLu4gXh/agent/trajectory.json
Parser warnings: - Extra text detected before JSON object
Trajectory dumped to jobs/qwen5x-batch1/university-course-selection__iLu4gXh/agent/trajectory.json
Parser warnings: - Extra text detected before JSON object
Trajectory dumped to jobs/qwen5x-batch1/university-course-selection__iLu4gXh/agent/trajectory.json
Parser warnings: - Extra text detected before JSON object
Trajectory dumped to jobs/qwen5x-batch1/university-course-selection__iLu4gXh/agent/trajectory.json
Parser warnings: - Extra text detected before JSON object
Trajectory dumped to jobs/qwen5x-batch1/university-course-selection__iLu4gXh/agent/trajectory.json
Trajectory dumped to jobs/qwen5x-batch1/university-course-selection__iLu4gXh/agent/trajectory.json
Collecting main service artifacts
