Skipping image OS validation for hb__1e70cbb991f1a3c893b71d081245e53e: docker inspect returned 1
Parser warnings: - Extra text detected before JSON object
Trajectory dumped to jobs/bench-n16/excel-data-transformation__LZ8v5H8/agent/trajectory.json
Parser warnings: - Extra text detected before JSON object
Trajectory dumped to jobs/bench-n16/excel-data-transformation__LZ8v5H8/agent/trajectory.json
Parser warnings: - Extra text detected before JSON object
Trajectory dumped to jobs/bench-n16/excel-data-transformation__LZ8v5H8/agent/trajectory.json
Parser warnings: - Extra text detected before JSON object
Trajectory dumped to jobs/bench-n16/excel-data-transformation__LZ8v5H8/agent/trajectory.json
Parser warnings: - Extra text detected before JSON object
Trajectory dumped to jobs/bench-n16/excel-data-transformation__LZ8v5H8/agent/trajectory.json
Parser warnings: - Extra text detected before JSON object
Trajectory dumped to jobs/bench-n16/excel-data-transformation__LZ8v5H8/agent/trajectory.json
Parser warnings: - Extra text detected before JSON object
Trajectory dumped to jobs/bench-n16/excel-data-transformation__LZ8v5H8/agent/trajectory.json
Parser warnings: - Extra text detected before JSON object
- Extra text detected after JSON object
Parser warnings: - Extra text detected before JSON object
Trajectory dumped to jobs/bench-n16/excel-data-transformation__LZ8v5H8/agent/trajectory.json
Parser warnings: - Extra text detected before JSON object
Trajectory dumped to jobs/bench-n16/excel-data-transformation__LZ8v5H8/agent/trajectory.json
Parser warnings: - Extra text detected before JSON object
Trajectory dumped to jobs/bench-n16/excel-data-transformation__LZ8v5H8/agent/trajectory.json
Parser warnings: - Extra text detected before JSON object
Trajectory dumped to jobs/bench-n16/excel-data-transformation__LZ8v5H8/agent/trajectory.json
Trajectory dumped to jobs/bench-n16/excel-data-transformation__LZ8v5H8/agent/trajectory.json
Collecting main service artifacts
