Skipping image OS validation for hb__eef4e2cd56bc9841b40dad2b668dc56c: docker inspect returned 1
Running healthcheck: test -f /var/run/toolathlon/ready
Healthcheck passed
Parser warnings: - Extra text detected before JSON object
Trajectory dumped to jobs/topup5/nvidia-market__HrcYRMj/agent/trajectory.json
Parser warnings: - Extra text detected before JSON object
Trajectory dumped to jobs/topup5/nvidia-market__HrcYRMj/agent/trajectory.json
Parser warnings: - Extra text detected before JSON object
Trajectory dumped to jobs/topup5/nvidia-market__HrcYRMj/agent/trajectory.json
Parser warnings: - Extra text detected before JSON object
Trajectory dumped to jobs/topup5/nvidia-market__HrcYRMj/agent/trajectory.json
Parser warnings: - Extra text detected before JSON object
Trajectory dumped to jobs/topup5/nvidia-market__HrcYRMj/agent/trajectory.json
Parser warnings: - Extra text detected before JSON object
Trajectory dumped to jobs/topup5/nvidia-market__HrcYRMj/agent/trajectory.json
Parser warnings: - Extra text detected before JSON object
Trajectory dumped to jobs/topup5/nvidia-market__HrcYRMj/agent/trajectory.json
Trajectory dumped to jobs/topup5/nvidia-market__HrcYRMj/agent/trajectory.json
Parser warnings: - Extra text detected before JSON object
Trajectory dumped to jobs/topup5/nvidia-market__HrcYRMj/agent/trajectory.json
Trajectory dumped to jobs/topup5/nvidia-market__HrcYRMj/agent/trajectory.json
Trajectory dumped to jobs/topup5/nvidia-market__HrcYRMj/agent/trajectory.json
Parser warnings: - Extra text detected before JSON object
Trajectory dumped to jobs/topup5/nvidia-market__HrcYRMj/agent/trajectory.json
Parser warnings: - Extra text detected before JSON object
Trajectory dumped to jobs/topup5/nvidia-market__HrcYRMj/agent/trajectory.json
Parser warnings: - Extra text detected before JSON object
Trajectory dumped to jobs/topup5/nvidia-market__HrcYRMj/agent/trajectory.json
Parser warnings: - Extra text detected before JSON object
Trajectory dumped to jobs/topup5/nvidia-market__HrcYRMj/agent/trajectory.json
Parser warnings: - Extra text detected before JSON object
Trajectory dumped to jobs/topup5/nvidia-market__HrcYRMj/agent/trajectory.json
Trajectory dumped to jobs/topup5/nvidia-market__HrcYRMj/agent/trajectory.json
Trajectory dumped to jobs/topup5/nvidia-market__HrcYRMj/agent/trajectory.json
Parser warnings: - Extra text detected before JSON object
Trajectory dumped to jobs/topup5/nvidia-market__HrcYRMj/agent/trajectory.json
Parser warnings: - Extra text detected before JSON object
Trajectory dumped to jobs/topup5/nvidia-market__HrcYRMj/agent/trajectory.json
Parser warnings: - Extra text detected before JSON object
Trajectory dumped to jobs/topup5/nvidia-market__HrcYRMj/agent/trajectory.json
Trajectory dumped to jobs/topup5/nvidia-market__HrcYRMj/agent/trajectory.json
Trajectory dumped to jobs/topup5/nvidia-market__HrcYRMj/agent/trajectory.json
Trajectory dumped to jobs/topup5/nvidia-market__HrcYRMj/agent/trajectory.json
Parser warnings: - Extra text detected before JSON object
Trajectory dumped to jobs/topup5/nvidia-market__HrcYRMj/agent/trajectory.json
Parser warnings: - Extra text detected before JSON object
Trajectory dumped to jobs/topup5/nvidia-market__HrcYRMj/agent/trajectory.json
Parser warnings: - Extra text detected before JSON object
Trajectory dumped to jobs/topup5/nvidia-market__HrcYRMj/agent/trajectory.json
Parser warnings: - Extra text detected before JSON object
Trajectory dumped to jobs/topup5/nvidia-market__HrcYRMj/agent/trajectory.json
Trajectory dumped to jobs/topup5/nvidia-market__HrcYRMj/agent/trajectory.json
Parser warnings: - Extra text detected before JSON object
Trajectory dumped to jobs/topup5/nvidia-market__HrcYRMj/agent/trajectory.json
Trajectory dumped to jobs/topup5/nvidia-market__HrcYRMj/agent/trajectory.json
Parser warnings: - Extra text detected before JSON object
Trajectory dumped to jobs/topup5/nvidia-market__HrcYRMj/agent/trajectory.json
Parser warnings: - Extra text detected before JSON object
Trajectory dumped to jobs/topup5/nvidia-market__HrcYRMj/agent/trajectory.json
Parser warnings: - Extra text detected before JSON object
Trajectory dumped to jobs/topup5/nvidia-market__HrcYRMj/agent/trajectory.json
Trajectory dumped to jobs/topup5/nvidia-market__HrcYRMj/agent/trajectory.json
Parser warnings: - Extra text detected before JSON object
Trajectory dumped to jobs/topup5/nvidia-market__HrcYRMj/agent/trajectory.json
Trajectory dumped to jobs/topup5/nvidia-market__HrcYRMj/agent/trajectory.json
Parser warnings: - Extra text detected before JSON object
- Extra text detected after JSON object
Parser warnings: - Extra text detected before JSON object
Trajectory dumped to jobs/topup5/nvidia-market__HrcYRMj/agent/trajectory.json
Trajectory dumped to jobs/topup5/nvidia-market__HrcYRMj/agent/trajectory.json
Parser warnings: - Extra text detected before JSON object
- Extra text detected after JSON object
Parser warnings: - Extra text detected before JSON object
Trajectory dumped to jobs/topup5/nvidia-market__HrcYRMj/agent/trajectory.json
Trajectory dumped to jobs/topup5/nvidia-market__HrcYRMj/agent/trajectory.json
Parser warnings: - Extra text detected before JSON object
Trajectory dumped to jobs/topup5/nvidia-market__HrcYRMj/agent/trajectory.json
Parser warnings: - Extra text detected before JSON object
Trajectory dumped to jobs/topup5/nvidia-market__HrcYRMj/agent/trajectory.json
Parser warnings: - Extra text detected before JSON object
- Extra text detected after JSON object
Parser warnings: - Extra text detected before JSON object
Trajectory dumped to jobs/topup5/nvidia-market__HrcYRMj/agent/trajectory.json
Parser warnings: - Extra text detected before JSON object
Trajectory dumped to jobs/topup5/nvidia-market__HrcYRMj/agent/trajectory.json
Parser warnings: - Extra text detected before JSON object
- Extra text detected after JSON object
Parser warnings: - Extra text detected before JSON object
Trajectory dumped to jobs/topup5/nvidia-market__HrcYRMj/agent/trajectory.json
Trajectory dumped to jobs/topup5/nvidia-market__HrcYRMj/agent/trajectory.json
Parser warnings: - Extra text detected before JSON object
Trajectory dumped to jobs/topup5/nvidia-market__HrcYRMj/agent/trajectory.json
Parser warnings: - Extra text detected before JSON object
- Extra text detected after JSON object
Parser warnings: - Extra text detected before JSON object
- Extra text detected after JSON object
Parser warnings: - Extra text detected before JSON object
- Extra text detected after JSON object
Parser warnings: - Extra text detected before JSON object
- Extra text detected after JSON object
Parser warnings: - Extra text detected before JSON object
- Extra text detected after JSON object
Parser warnings: - AUTO-CORRECTED: Extracted JSON from mixed content - please fix this in future responses
Trajectory dumped to jobs/topup5/nvidia-market__HrcYRMj/agent/trajectory.json
Parser warnings: - Extra text detected before JSON object
Trajectory dumped to jobs/topup5/nvidia-market__HrcYRMj/agent/trajectory.json
Trajectory dumped to jobs/topup5/nvidia-market__HrcYRMj/agent/trajectory.json
Trajectory dumped to jobs/topup5/nvidia-market__HrcYRMj/agent/trajectory.json
Trajectory dumped to jobs/topup5/nvidia-market__HrcYRMj/agent/trajectory.json
Trajectory dumped to jobs/topup5/nvidia-market__HrcYRMj/agent/trajectory.json
Parser warnings: - Extra text detected before JSON object
Trajectory dumped to jobs/topup5/nvidia-market__HrcYRMj/agent/trajectory.json
Trajectory dumped to jobs/topup5/nvidia-market__HrcYRMj/agent/trajectory.json
Parser warnings: - Extra text detected before JSON object
Trajectory dumped to jobs/topup5/nvidia-market__HrcYRMj/agent/trajectory.json
Parser warnings: - Extra text detected before JSON object
Trajectory dumped to jobs/topup5/nvidia-market__HrcYRMj/agent/trajectory.json
Trajectory dumped to jobs/topup5/nvidia-market__HrcYRMj/agent/trajectory.json
Trajectory dumped to jobs/topup5/nvidia-market__HrcYRMj/agent/trajectory.json
Trajectory dumped to jobs/topup5/nvidia-market__HrcYRMj/agent/trajectory.json
Parser warnings: - Extra text detected before JSON object
Trajectory dumped to jobs/topup5/nvidia-market__HrcYRMj/agent/trajectory.json
Trajectory dumped to jobs/topup5/nvidia-market__HrcYRMj/agent/trajectory.json
Parser warnings: - Extra text detected before JSON object
Trajectory dumped to jobs/topup5/nvidia-market__HrcYRMj/agent/trajectory.json
Trajectory dumped to jobs/topup5/nvidia-market__HrcYRMj/agent/trajectory.json
Parser warnings: - Extra text detected before JSON object
Trajectory dumped to jobs/topup5/nvidia-market__HrcYRMj/agent/trajectory.json
Parser warnings: - Extra text detected before JSON object
Trajectory dumped to jobs/topup5/nvidia-market__HrcYRMj/agent/trajectory.json
Parser warnings: - Extra text detected before JSON object
Trajectory dumped to jobs/topup5/nvidia-market__HrcYRMj/agent/trajectory.json
Trajectory dumped to jobs/topup5/nvidia-market__HrcYRMj/agent/trajectory.json
Trajectory dumped to jobs/topup5/nvidia-market__HrcYRMj/agent/trajectory.json
Trajectory dumped to jobs/topup5/nvidia-market__HrcYRMj/agent/trajectory.json
Parser warnings: - Extra text detected before JSON object
Trajectory dumped to jobs/topup5/nvidia-market__HrcYRMj/agent/trajectory.json
Parser warnings: - Extra text detected before JSON object
Trajectory dumped to jobs/topup5/nvidia-market__HrcYRMj/agent/trajectory.json
Parser warnings: - Extra text detected before JSON object
Trajectory dumped to jobs/topup5/nvidia-market__HrcYRMj/agent/trajectory.json
Parser warnings: - Extra text detected before JSON object
Trajectory dumped to jobs/topup5/nvidia-market__HrcYRMj/agent/trajectory.json
Parser warnings: - Extra text detected before JSON object
Trajectory dumped to jobs/topup5/nvidia-market__HrcYRMj/agent/trajectory.json
Parser warnings: - Extra text detected before JSON object
Trajectory dumped to jobs/topup5/nvidia-market__HrcYRMj/agent/trajectory.json
Parser warnings: - Extra text detected before JSON object
Trajectory dumped to jobs/topup5/nvidia-market__HrcYRMj/agent/trajectory.json
Parser warnings: - Extra text detected before JSON object
Trajectory dumped to jobs/topup5/nvidia-market__HrcYRMj/agent/trajectory.json
Parser warnings: - Extra text detected before JSON object
Trajectory dumped to jobs/topup5/nvidia-market__HrcYRMj/agent/trajectory.json
Trajectory dumped to jobs/topup5/nvidia-market__HrcYRMj/agent/trajectory.json
Collecting main service artifacts
