Skipping image OS validation for hb__b4c869e3d2b4f6442c50fccfd7395375: docker inspect returned 1
Running healthcheck: test -f /var/run/toolathlon/ready
Healthcheck passed
Parser warnings: - AUTO-CORRECTED: Extracted JSON from mixed content - please fix this in future responses
Trajectory dumped to jobs/topup3b/find-alita-paper__bhAWznn/agent/trajectory.json
Parser warnings: - Extra text detected before JSON object
Trajectory dumped to jobs/topup3b/find-alita-paper__bhAWznn/agent/trajectory.json
Parser warnings: - Extra text detected before JSON object
Trajectory dumped to jobs/topup3b/find-alita-paper__bhAWznn/agent/trajectory.json
Parser warnings: - Extra text detected before JSON object
Trajectory dumped to jobs/topup3b/find-alita-paper__bhAWznn/agent/trajectory.json
Parser warnings: - Extra text detected before JSON object
Trajectory dumped to jobs/topup3b/find-alita-paper__bhAWznn/agent/trajectory.json
Parser warnings: - Extra text detected before JSON object
Trajectory dumped to jobs/topup3b/find-alita-paper__bhAWznn/agent/trajectory.json
Parser warnings: - Extra text detected before JSON object
Trajectory dumped to jobs/topup3b/find-alita-paper__bhAWznn/agent/trajectory.json
Parser warnings: - Extra text detected before JSON object
Trajectory dumped to jobs/topup3b/find-alita-paper__bhAWznn/agent/trajectory.json
Parser warnings: - Extra text detected before JSON object
Trajectory dumped to jobs/topup3b/find-alita-paper__bhAWznn/agent/trajectory.json
Trajectory dumped to jobs/topup3b/find-alita-paper__bhAWznn/agent/trajectory.json
Collecting main service artifacts
