Skipping image OS validation for hb__384ab447adaa00f6dc32d0ce2d0c1476: docker inspect returned 1
Parser warnings: - Extra text detected before JSON object
Trajectory dumped to jobs/qwen5x-batch1/cooking-guidance__E2xZ9sh/agent/trajectory.json
Parser warnings: - Extra text detected before JSON object
Trajectory dumped to jobs/qwen5x-batch1/cooking-guidance__E2xZ9sh/agent/trajectory.json
Parser warnings: - Extra text detected before JSON object
Trajectory dumped to jobs/qwen5x-batch1/cooking-guidance__E2xZ9sh/agent/trajectory.json
Parser warnings: - Extra text detected before JSON object
Trajectory dumped to jobs/qwen5x-batch1/cooking-guidance__E2xZ9sh/agent/trajectory.json
Parser warnings: - Extra text detected before JSON object
Trajectory dumped to jobs/qwen5x-batch1/cooking-guidance__E2xZ9sh/agent/trajectory.json
Parser warnings: - Extra text detected before JSON object
Trajectory dumped to jobs/qwen5x-batch1/cooking-guidance__E2xZ9sh/agent/trajectory.json
Parser warnings: - Extra text detected before JSON object
Trajectory dumped to jobs/qwen5x-batch1/cooking-guidance__E2xZ9sh/agent/trajectory.json
Parser warnings: - Extra text detected before JSON object
Trajectory dumped to jobs/qwen5x-batch1/cooking-guidance__E2xZ9sh/agent/trajectory.json
Parser warnings: - Extra text detected before JSON object
Trajectory dumped to jobs/qwen5x-batch1/cooking-guidance__E2xZ9sh/agent/trajectory.json
Parser warnings: - Extra text detected before JSON object
- Command 1 should end with newline when followed by another command. Otherwise the two commands will be concatenated together on the same line.
Trajectory dumped to jobs/qwen5x-batch1/cooking-guidance__E2xZ9sh/agent/trajectory.json
Parser warnings: - Extra text detected before JSON object
Trajectory dumped to jobs/qwen5x-batch1/cooking-guidance__E2xZ9sh/agent/trajectory.json
Parser warnings: - Extra text detected before JSON object
Trajectory dumped to jobs/qwen5x-batch1/cooking-guidance__E2xZ9sh/agent/trajectory.json
Parser warnings: - Extra text detected before JSON object
Trajectory dumped to jobs/qwen5x-batch1/cooking-guidance__E2xZ9sh/agent/trajectory.json
Parser warnings: - Extra text detected before JSON object
Trajectory dumped to jobs/qwen5x-batch1/cooking-guidance__E2xZ9sh/agent/trajectory.json
Parser warnings: - Extra text detected before JSON object
Trajectory dumped to jobs/qwen5x-batch1/cooking-guidance__E2xZ9sh/agent/trajectory.json
Parser warnings: - Extra text detected before JSON object
Trajectory dumped to jobs/qwen5x-batch1/cooking-guidance__E2xZ9sh/agent/trajectory.json
Parser warnings: - Extra text detected before JSON object
Trajectory dumped to jobs/qwen5x-batch1/cooking-guidance__E2xZ9sh/agent/trajectory.json
Parser warnings: - Extra text detected before JSON object
- Command 1 should end with newline when followed by another command. Otherwise the two commands will be concatenated together on the same line.
Trajectory dumped to jobs/qwen5x-batch1/cooking-guidance__E2xZ9sh/agent/trajectory.json
Parser warnings: - Extra text detected before JSON object
Trajectory dumped to jobs/qwen5x-batch1/cooking-guidance__E2xZ9sh/agent/trajectory.json
Parser warnings: - Extra text detected before JSON object
Trajectory dumped to jobs/qwen5x-batch1/cooking-guidance__E2xZ9sh/agent/trajectory.json
Parser warnings: - Extra text detected before JSON object
Trajectory dumped to jobs/qwen5x-batch1/cooking-guidance__E2xZ9sh/agent/trajectory.json
Parser warnings: - Extra text detected before JSON object
Trajectory dumped to jobs/qwen5x-batch1/cooking-guidance__E2xZ9sh/agent/trajectory.json
Parser warnings: - Extra text detected before JSON object
Trajectory dumped to jobs/qwen5x-batch1/cooking-guidance__E2xZ9sh/agent/trajectory.json
Parser warnings: - Extra text detected before JSON object
Trajectory dumped to jobs/qwen5x-batch1/cooking-guidance__E2xZ9sh/agent/trajectory.json
Parser warnings: - Extra text detected before JSON object
Trajectory dumped to jobs/qwen5x-batch1/cooking-guidance__E2xZ9sh/agent/trajectory.json
Parser warnings: - Extra text detected before JSON object
Trajectory dumped to jobs/qwen5x-batch1/cooking-guidance__E2xZ9sh/agent/trajectory.json
Parser warnings: - Extra text detected before JSON object
Trajectory dumped to jobs/qwen5x-batch1/cooking-guidance__E2xZ9sh/agent/trajectory.json
Parser warnings: - Extra text detected before JSON object
Trajectory dumped to jobs/qwen5x-batch1/cooking-guidance__E2xZ9sh/agent/trajectory.json
Parser warnings: - Extra text detected before JSON object
Trajectory dumped to jobs/qwen5x-batch1/cooking-guidance__E2xZ9sh/agent/trajectory.json
Parser warnings: - Extra text detected before JSON object
Trajectory dumped to jobs/qwen5x-batch1/cooking-guidance__E2xZ9sh/agent/trajectory.json
Parser warnings: - Extra text detected before JSON object
Trajectory dumped to jobs/qwen5x-batch1/cooking-guidance__E2xZ9sh/agent/trajectory.json
Parser warnings: - Extra text detected before JSON object
Trajectory dumped to jobs/qwen5x-batch1/cooking-guidance__E2xZ9sh/agent/trajectory.json
Parser warnings: - Extra text detected before JSON object
Trajectory dumped to jobs/qwen5x-batch1/cooking-guidance__E2xZ9sh/agent/trajectory.json
Parser warnings: - Extra text detected before JSON object
Trajectory dumped to jobs/qwen5x-batch1/cooking-guidance__E2xZ9sh/agent/trajectory.json
Parser warnings: - Extra text detected before JSON object
Trajectory dumped to jobs/qwen5x-batch1/cooking-guidance__E2xZ9sh/agent/trajectory.json
Parser warnings: - Extra text detected before JSON object
Trajectory dumped to jobs/qwen5x-batch1/cooking-guidance__E2xZ9sh/agent/trajectory.json
Parser warnings: - Extra text detected before JSON object
Trajectory dumped to jobs/qwen5x-batch1/cooking-guidance__E2xZ9sh/agent/trajectory.json
Parser warnings: - Extra text detected before JSON object
Trajectory dumped to jobs/qwen5x-batch1/cooking-guidance__E2xZ9sh/agent/trajectory.json
Parser warnings: - Extra text detected before JSON object
Trajectory dumped to jobs/qwen5x-batch1/cooking-guidance__E2xZ9sh/agent/trajectory.json
Parser warnings: - Extra text detected before JSON object
Trajectory dumped to jobs/qwen5x-batch1/cooking-guidance__E2xZ9sh/agent/trajectory.json
Parser warnings: - Extra text detected before JSON object
- Extra text detected after JSON object
Parser warnings: - Extra text detected before JSON object
Trajectory dumped to jobs/qwen5x-batch1/cooking-guidance__E2xZ9sh/agent/trajectory.json
Parser warnings: - Extra text detected before JSON object
Trajectory dumped to jobs/qwen5x-batch1/cooking-guidance__E2xZ9sh/agent/trajectory.json
Parser warnings: - Extra text detected before JSON object
Trajectory dumped to jobs/qwen5x-batch1/cooking-guidance__E2xZ9sh/agent/trajectory.json
Parser warnings: - Extra text detected before JSON object
Trajectory dumped to jobs/qwen5x-batch1/cooking-guidance__E2xZ9sh/agent/trajectory.json
Parser warnings: - Extra text detected before JSON object
Trajectory dumped to jobs/qwen5x-batch1/cooking-guidance__E2xZ9sh/agent/trajectory.json
Parser warnings: - Extra text detected before JSON object
Trajectory dumped to jobs/qwen5x-batch1/cooking-guidance__E2xZ9sh/agent/trajectory.json
Parser warnings: - Extra text detected before JSON object
Trajectory dumped to jobs/qwen5x-batch1/cooking-guidance__E2xZ9sh/agent/trajectory.json
Parser warnings: - Extra text detected before JSON object
Trajectory dumped to jobs/qwen5x-batch1/cooking-guidance__E2xZ9sh/agent/trajectory.json
Parser warnings: - Extra text detected before JSON object
Trajectory dumped to jobs/qwen5x-batch1/cooking-guidance__E2xZ9sh/agent/trajectory.json
Parser warnings: - Extra text detected before JSON object
Trajectory dumped to jobs/qwen5x-batch1/cooking-guidance__E2xZ9sh/agent/trajectory.json
Parser warnings: - Extra text detected before JSON object
Trajectory dumped to jobs/qwen5x-batch1/cooking-guidance__E2xZ9sh/agent/trajectory.json
Parser warnings: - Extra text detected before JSON object
Trajectory dumped to jobs/qwen5x-batch1/cooking-guidance__E2xZ9sh/agent/trajectory.json
Parser warnings: - Extra text detected before JSON object
Trajectory dumped to jobs/qwen5x-batch1/cooking-guidance__E2xZ9sh/agent/trajectory.json
Parser warnings: - Extra text detected before JSON object
Trajectory dumped to jobs/qwen5x-batch1/cooking-guidance__E2xZ9sh/agent/trajectory.json
Parser warnings: - Extra text detected before JSON object
Trajectory dumped to jobs/qwen5x-batch1/cooking-guidance__E2xZ9sh/agent/trajectory.json
Parser warnings: - Extra text detected before JSON object
Trajectory dumped to jobs/qwen5x-batch1/cooking-guidance__E2xZ9sh/agent/trajectory.json
Parser warnings: - Extra text detected before JSON object
Trajectory dumped to jobs/qwen5x-batch1/cooking-guidance__E2xZ9sh/agent/trajectory.json
Parser warnings: - Extra text detected before JSON object
Trajectory dumped to jobs/qwen5x-batch1/cooking-guidance__E2xZ9sh/agent/trajectory.json
Parser warnings: - Extra text detected before JSON object
Trajectory dumped to jobs/qwen5x-batch1/cooking-guidance__E2xZ9sh/agent/trajectory.json
Parser warnings: - Extra text detected before JSON object
Trajectory dumped to jobs/qwen5x-batch1/cooking-guidance__E2xZ9sh/agent/trajectory.json
Parser warnings: - Extra text detected before JSON object
- Extra text detected after JSON object
Parser warnings: - Extra text detected before JSON object
Trajectory dumped to jobs/qwen5x-batch1/cooking-guidance__E2xZ9sh/agent/trajectory.json
Parser warnings: - Extra text detected before JSON object
Trajectory dumped to jobs/qwen5x-batch1/cooking-guidance__E2xZ9sh/agent/trajectory.json
Parser warnings: - Extra text detected before JSON object
Trajectory dumped to jobs/qwen5x-batch1/cooking-guidance__E2xZ9sh/agent/trajectory.json
Parser warnings: - Extra text detected before JSON object
Trajectory dumped to jobs/qwen5x-batch1/cooking-guidance__E2xZ9sh/agent/trajectory.json
Parser warnings: - Extra text detected before JSON object
Trajectory dumped to jobs/qwen5x-batch1/cooking-guidance__E2xZ9sh/agent/trajectory.json
Parser warnings: - Extra text detected before JSON object
- Extra text detected after JSON object
Parser warnings: - Extra text detected before JSON object
Trajectory dumped to jobs/qwen5x-batch1/cooking-guidance__E2xZ9sh/agent/trajectory.json
Parser warnings: - Extra text detected before JSON object
Trajectory dumped to jobs/qwen5x-batch1/cooking-guidance__E2xZ9sh/agent/trajectory.json
Parser warnings: - Extra text detected before JSON object
Trajectory dumped to jobs/qwen5x-batch1/cooking-guidance__E2xZ9sh/agent/trajectory.json
Parser warnings: - Extra text detected before JSON object
Trajectory dumped to jobs/qwen5x-batch1/cooking-guidance__E2xZ9sh/agent/trajectory.json
Trajectory dumped to jobs/qwen5x-batch1/cooking-guidance__E2xZ9sh/agent/trajectory.json
Trajectory dumped to jobs/qwen5x-batch1/cooking-guidance__E2xZ9sh/agent/trajectory.json
Trajectory dumped to jobs/qwen5x-batch1/cooking-guidance__E2xZ9sh/agent/trajectory.json
Parser warnings: - Extra text detected before JSON object
Trajectory dumped to jobs/qwen5x-batch1/cooking-guidance__E2xZ9sh/agent/trajectory.json
Parser warnings: - Extra text detected before JSON object
Trajectory dumped to jobs/qwen5x-batch1/cooking-guidance__E2xZ9sh/agent/trajectory.json
Parser warnings: - AUTO-CORRECTED: Extracted JSON from mixed content - please fix this in future responses
Trajectory dumped to jobs/qwen5x-batch1/cooking-guidance__E2xZ9sh/agent/trajectory.json
Trajectory dumped to jobs/qwen5x-batch1/cooking-guidance__E2xZ9sh/agent/trajectory.json
Collecting main service artifacts
