Skipping image OS validation for hb__de772b48d87aff38259ab2221cbeb941: docker inspect returned 1
Running healthcheck: test -f /var/run/toolathlon/ready
Healthcheck passed
Parser warnings: - Extra text detected before JSON object
Trajectory dumped to jobs/topup5/hk-top-conf__naDrLnf/agent/trajectory.json
Parser warnings: - Extra text detected before JSON object
Trajectory dumped to jobs/topup5/hk-top-conf__naDrLnf/agent/trajectory.json
Parser warnings: - Extra text detected before JSON object
Trajectory dumped to jobs/topup5/hk-top-conf__naDrLnf/agent/trajectory.json
Parser warnings: - Extra text detected before JSON object
Trajectory dumped to jobs/topup5/hk-top-conf__naDrLnf/agent/trajectory.json
Parser warnings: - Extra text detected before JSON object
Trajectory dumped to jobs/topup5/hk-top-conf__naDrLnf/agent/trajectory.json
Parser warnings: - Extra text detected before JSON object
Trajectory dumped to jobs/topup5/hk-top-conf__naDrLnf/agent/trajectory.json
Parser warnings: - Extra text detected before JSON object
Trajectory dumped to jobs/topup5/hk-top-conf__naDrLnf/agent/trajectory.json
Trajectory dumped to jobs/topup5/hk-top-conf__naDrLnf/agent/trajectory.json
Parser warnings: - Extra text detected before JSON object
Trajectory dumped to jobs/topup5/hk-top-conf__naDrLnf/agent/trajectory.json
Parser warnings: - Extra text detected before JSON object
Trajectory dumped to jobs/topup5/hk-top-conf__naDrLnf/agent/trajectory.json
Parser warnings: - Extra text detected before JSON object
Trajectory dumped to jobs/topup5/hk-top-conf__naDrLnf/agent/trajectory.json
Parser warnings: - Extra text detected before JSON object
Trajectory dumped to jobs/topup5/hk-top-conf__naDrLnf/agent/trajectory.json
Parser warnings: - Extra text detected before JSON object
Trajectory dumped to jobs/topup5/hk-top-conf__naDrLnf/agent/trajectory.json
Parser warnings: - Extra text detected before JSON object
Trajectory dumped to jobs/topup5/hk-top-conf__naDrLnf/agent/trajectory.json
Parser warnings: - Extra text detected before JSON object
Trajectory dumped to jobs/topup5/hk-top-conf__naDrLnf/agent/trajectory.json
Parser warnings: - Extra text detected before JSON object
Trajectory dumped to jobs/topup5/hk-top-conf__naDrLnf/agent/trajectory.json
Parser warnings: - Extra text detected before JSON object
Trajectory dumped to jobs/topup5/hk-top-conf__naDrLnf/agent/trajectory.json
Parser warnings: - Extra text detected before JSON object
Trajectory dumped to jobs/topup5/hk-top-conf__naDrLnf/agent/trajectory.json
Parser warnings: - Extra text detected before JSON object
Trajectory dumped to jobs/topup5/hk-top-conf__naDrLnf/agent/trajectory.json
Parser warnings: - Extra text detected before JSON object
Trajectory dumped to jobs/topup5/hk-top-conf__naDrLnf/agent/trajectory.json
Parser warnings: - Extra text detected before JSON object
Trajectory dumped to jobs/topup5/hk-top-conf__naDrLnf/agent/trajectory.json
Parser warnings: - Extra text detected before JSON object
Trajectory dumped to jobs/topup5/hk-top-conf__naDrLnf/agent/trajectory.json
Parser warnings: - Extra text detected before JSON object
Trajectory dumped to jobs/topup5/hk-top-conf__naDrLnf/agent/trajectory.json
Trajectory dumped to jobs/topup5/hk-top-conf__naDrLnf/agent/trajectory.json
Parser warnings: - Extra text detected before JSON object
Trajectory dumped to jobs/topup5/hk-top-conf__naDrLnf/agent/trajectory.json
Parser warnings: - Extra text detected before JSON object
Trajectory dumped to jobs/topup5/hk-top-conf__naDrLnf/agent/trajectory.json
Parser warnings: - Extra text detected before JSON object
Trajectory dumped to jobs/topup5/hk-top-conf__naDrLnf/agent/trajectory.json
Parser warnings: - Extra text detected before JSON object
Trajectory dumped to jobs/topup5/hk-top-conf__naDrLnf/agent/trajectory.json
Parser warnings: - Extra text detected before JSON object
Trajectory dumped to jobs/topup5/hk-top-conf__naDrLnf/agent/trajectory.json
Parser warnings: - Extra text detected before JSON object
Trajectory dumped to jobs/topup5/hk-top-conf__naDrLnf/agent/trajectory.json
Parser warnings: - Extra text detected before JSON object
Trajectory dumped to jobs/topup5/hk-top-conf__naDrLnf/agent/trajectory.json
Parser warnings: - Extra text detected before JSON object
Trajectory dumped to jobs/topup5/hk-top-conf__naDrLnf/agent/trajectory.json
Parser warnings: - Extra text detected before JSON object
- Extra text detected after JSON object
Parser warnings: - Extra text detected before JSON object
- Extra text detected after JSON object
Parser warnings: - AUTO-CORRECTED: Extracted JSON from mixed content - please fix this in future responses
Trajectory dumped to jobs/topup5/hk-top-conf__naDrLnf/agent/trajectory.json
Parser warnings: - Extra text detected before JSON object
Trajectory dumped to jobs/topup5/hk-top-conf__naDrLnf/agent/trajectory.json
Parser warnings: - Extra text detected before JSON object
Trajectory dumped to jobs/topup5/hk-top-conf__naDrLnf/agent/trajectory.json
Parser warnings: - Extra text detected before JSON object
Trajectory dumped to jobs/topup5/hk-top-conf__naDrLnf/agent/trajectory.json
Parser warnings: - Extra text detected before JSON object
Trajectory dumped to jobs/topup5/hk-top-conf__naDrLnf/agent/trajectory.json
Parser warnings: - Extra text detected before JSON object
Trajectory dumped to jobs/topup5/hk-top-conf__naDrLnf/agent/trajectory.json
Parser warnings: - Extra text detected before JSON object
Trajectory dumped to jobs/topup5/hk-top-conf__naDrLnf/agent/trajectory.json
Parser warnings: - Extra text detected before JSON object
Trajectory dumped to jobs/topup5/hk-top-conf__naDrLnf/agent/trajectory.json
Parser warnings: - Extra text detected before JSON object
Trajectory dumped to jobs/topup5/hk-top-conf__naDrLnf/agent/trajectory.json
Parser warnings: - Extra text detected before JSON object
Trajectory dumped to jobs/topup5/hk-top-conf__naDrLnf/agent/trajectory.json
Parser warnings: - Extra text detected before JSON object
- Extra text detected after JSON object
Parser warnings: - AUTO-CORRECTED: Extracted JSON from mixed content - please fix this in future responses
Trajectory dumped to jobs/topup5/hk-top-conf__naDrLnf/agent/trajectory.json
Parser warnings: - Extra text detected before JSON object
Trajectory dumped to jobs/topup5/hk-top-conf__naDrLnf/agent/trajectory.json
Parser warnings: - Extra text detected before JSON object
Trajectory dumped to jobs/topup5/hk-top-conf__naDrLnf/agent/trajectory.json
Parser warnings: - Extra text detected before JSON object
Trajectory dumped to jobs/topup5/hk-top-conf__naDrLnf/agent/trajectory.json
Parser warnings: - Extra text detected before JSON object
Trajectory dumped to jobs/topup5/hk-top-conf__naDrLnf/agent/trajectory.json
Parser warnings: - Extra text detected before JSON object
Trajectory dumped to jobs/topup5/hk-top-conf__naDrLnf/agent/trajectory.json
Parser warnings: - Extra text detected before JSON object
Trajectory dumped to jobs/topup5/hk-top-conf__naDrLnf/agent/trajectory.json
Parser warnings: - Extra text detected before JSON object
Trajectory dumped to jobs/topup5/hk-top-conf__naDrLnf/agent/trajectory.json
Parser warnings: - Extra text detected before JSON object
Trajectory dumped to jobs/topup5/hk-top-conf__naDrLnf/agent/trajectory.json
Parser warnings: - Extra text detected before JSON object
Trajectory dumped to jobs/topup5/hk-top-conf__naDrLnf/agent/trajectory.json
Parser warnings: - Extra text detected before JSON object
Trajectory dumped to jobs/topup5/hk-top-conf__naDrLnf/agent/trajectory.json
Parser warnings: - Extra text detected before JSON object
Trajectory dumped to jobs/topup5/hk-top-conf__naDrLnf/agent/trajectory.json
Parser warnings: - Extra text detected before JSON object
- Extra text detected after JSON object
Parser warnings: - Extra text detected before JSON object
Trajectory dumped to jobs/topup5/hk-top-conf__naDrLnf/agent/trajectory.json
Parser warnings: - Extra text detected before JSON object
Trajectory dumped to jobs/topup5/hk-top-conf__naDrLnf/agent/trajectory.json
Parser warnings: - Extra text detected before JSON object
Trajectory dumped to jobs/topup5/hk-top-conf__naDrLnf/agent/trajectory.json
Parser warnings: - Extra text detected before JSON object
Trajectory dumped to jobs/topup5/hk-top-conf__naDrLnf/agent/trajectory.json
Parser warnings: - Extra text detected before JSON object
Parser warnings: - Extra text detected before JSON object
Trajectory dumped to jobs/topup5/hk-top-conf__naDrLnf/agent/trajectory.json
Parser warnings: - Extra text detected before JSON object
Trajectory dumped to jobs/topup5/hk-top-conf__naDrLnf/agent/trajectory.json
Parser warnings: - Extra text detected before JSON object
Trajectory dumped to jobs/topup5/hk-top-conf__naDrLnf/agent/trajectory.json
Parser warnings: - Extra text detected before JSON object
Trajectory dumped to jobs/topup5/hk-top-conf__naDrLnf/agent/trajectory.json
Parser warnings: - Extra text detected before JSON object
Trajectory dumped to jobs/topup5/hk-top-conf__naDrLnf/agent/trajectory.json
Parser warnings: - Extra text detected before JSON object
Trajectory dumped to jobs/topup5/hk-top-conf__naDrLnf/agent/trajectory.json
Parser warnings: - Extra text detected before JSON object
Trajectory dumped to jobs/topup5/hk-top-conf__naDrLnf/agent/trajectory.json
Parser warnings: - Extra text detected before JSON object
Trajectory dumped to jobs/topup5/hk-top-conf__naDrLnf/agent/trajectory.json
Parser warnings: - Extra text detected before JSON object
Trajectory dumped to jobs/topup5/hk-top-conf__naDrLnf/agent/trajectory.json
Parser warnings: - Extra text detected before JSON object
Trajectory dumped to jobs/topup5/hk-top-conf__naDrLnf/agent/trajectory.json
Parser warnings: - Extra text detected before JSON object
Trajectory dumped to jobs/topup5/hk-top-conf__naDrLnf/agent/trajectory.json
Parser warnings: - Extra text detected before JSON object
Trajectory dumped to jobs/topup5/hk-top-conf__naDrLnf/agent/trajectory.json
Parser warnings: - Extra text detected before JSON object
Trajectory dumped to jobs/topup5/hk-top-conf__naDrLnf/agent/trajectory.json
Parser warnings: - Extra text detected before JSON object
Trajectory dumped to jobs/topup5/hk-top-conf__naDrLnf/agent/trajectory.json
Parser warnings: - Extra text detected before JSON object
Trajectory dumped to jobs/topup5/hk-top-conf__naDrLnf/agent/trajectory.json
Parser warnings: - Extra text detected before JSON object
Trajectory dumped to jobs/topup5/hk-top-conf__naDrLnf/agent/trajectory.json
Parser warnings: - No valid JSON object found
Parser warnings: - Extra text detected before JSON object
Trajectory dumped to jobs/topup5/hk-top-conf__naDrLnf/agent/trajectory.json
Parser warnings: - Extra text detected before JSON object
- Extra text detected after JSON object
Parser warnings: - Extra text detected before JSON object
Trajectory dumped to jobs/topup5/hk-top-conf__naDrLnf/agent/trajectory.json
Parser warnings: - Extra text detected before JSON object
Trajectory dumped to jobs/topup5/hk-top-conf__naDrLnf/agent/trajectory.json
Parser warnings: - AUTO-CORRECTED: Extracted JSON from mixed content - please fix this in future responses
Trajectory dumped to jobs/topup5/hk-top-conf__naDrLnf/agent/trajectory.json
Parser warnings: - Extra text detected before JSON object
Trajectory dumped to jobs/topup5/hk-top-conf__naDrLnf/agent/trajectory.json
Parser warnings: - Extra text detected before JSON object
Trajectory dumped to jobs/topup5/hk-top-conf__naDrLnf/agent/trajectory.json
Parser warnings: - Extra text detected before JSON object
- Extra text detected after JSON object
Parser warnings: - Extra text detected before JSON object
Trajectory dumped to jobs/topup5/hk-top-conf__naDrLnf/agent/trajectory.json
Parser warnings: - Extra text detected before JSON object
- Extra text detected after JSON object
Parser warnings: - Extra text detected before JSON object
- Extra text detected after JSON object
Parser warnings: - AUTO-CORRECTED: Extracted JSON from mixed content - please fix this in future responses
Trajectory dumped to jobs/topup5/hk-top-conf__naDrLnf/agent/trajectory.json
Parser warnings: - Extra text detected before JSON object
Trajectory dumped to jobs/topup5/hk-top-conf__naDrLnf/agent/trajectory.json
Parser warnings: - Extra text detected before JSON object
Trajectory dumped to jobs/topup5/hk-top-conf__naDrLnf/agent/trajectory.json
Parser warnings: - Extra text detected before JSON object
Trajectory dumped to jobs/topup5/hk-top-conf__naDrLnf/agent/trajectory.json
Parser warnings: - Extra text detected before JSON object
Trajectory dumped to jobs/topup5/hk-top-conf__naDrLnf/agent/trajectory.json
Parser warnings: - AUTO-CORRECTED: Extracted JSON from mixed content - please fix this in future responses
Trajectory dumped to jobs/topup5/hk-top-conf__naDrLnf/agent/trajectory.json
Parser warnings: - Extra text detected before JSON object
Trajectory dumped to jobs/topup5/hk-top-conf__naDrLnf/agent/trajectory.json
Parser warnings: - Extra text detected before JSON object
Trajectory dumped to jobs/topup5/hk-top-conf__naDrLnf/agent/trajectory.json
Parser warnings: - Extra text detected before JSON object
Trajectory dumped to jobs/topup5/hk-top-conf__naDrLnf/agent/trajectory.json
Parser warnings: - Extra text detected before JSON object
- Extra text detected after JSON object
Parser warnings: - Extra text detected before JSON object
Trajectory dumped to jobs/topup5/hk-top-conf__naDrLnf/agent/trajectory.json
Parser warnings: - Extra text detected before JSON object
Trajectory dumped to jobs/topup5/hk-top-conf__naDrLnf/agent/trajectory.json
Collecting main service artifacts
