Skipping image OS validation for hb__73eb3e6f0ffdca1b67a482a652911eb2: docker inspect returned 1
Parser warnings: - Extra text detected before JSON object
Trajectory dumped to jobs/qwen5x-batch1/excel-market-research__NWfaumL/agent/trajectory.json
Parser warnings: - Extra text detected before JSON object
- Extra text detected after JSON object
Parser warnings: - Extra text detected before JSON object
Trajectory dumped to jobs/qwen5x-batch1/excel-market-research__NWfaumL/agent/trajectory.json
Parser warnings: - Extra text detected before JSON object
Trajectory dumped to jobs/qwen5x-batch1/excel-market-research__NWfaumL/agent/trajectory.json
Parser warnings: - Extra text detected before JSON object
Trajectory dumped to jobs/qwen5x-batch1/excel-market-research__NWfaumL/agent/trajectory.json
Parser warnings: - Extra text detected before JSON object
Trajectory dumped to jobs/qwen5x-batch1/excel-market-research__NWfaumL/agent/trajectory.json
Parser warnings: - Extra text detected before JSON object
Trajectory dumped to jobs/qwen5x-batch1/excel-market-research__NWfaumL/agent/trajectory.json
Parser warnings: - Extra text detected before JSON object
Trajectory dumped to jobs/qwen5x-batch1/excel-market-research__NWfaumL/agent/trajectory.json
Parser warnings: - Extra text detected before JSON object
Trajectory dumped to jobs/qwen5x-batch1/excel-market-research__NWfaumL/agent/trajectory.json
Trajectory dumped to jobs/qwen5x-batch1/excel-market-research__NWfaumL/agent/trajectory.json
Collecting main service artifacts
