Skipping image OS validation for hb__38389f7e1019d26de375d5e82590c040: docker inspect returned 1
Running healthcheck: test -f /var/run/toolathlon/ready
Healthcheck passed
Parser warnings: - Extra text detected before JSON object
Trajectory dumped to jobs/qwen5x-gcp-mock/price-comparison__8TsDAuQ/agent/trajectory.json
Parser warnings: - Extra text detected before JSON object
Trajectory dumped to jobs/qwen5x-gcp-mock/price-comparison__8TsDAuQ/agent/trajectory.json
Parser warnings: - Extra text detected before JSON object
Trajectory dumped to jobs/qwen5x-gcp-mock/price-comparison__8TsDAuQ/agent/trajectory.json
Parser warnings: - Extra text detected before JSON object
Trajectory dumped to jobs/qwen5x-gcp-mock/price-comparison__8TsDAuQ/agent/trajectory.json
Parser warnings: - Extra text detected before JSON object
Trajectory dumped to jobs/qwen5x-gcp-mock/price-comparison__8TsDAuQ/agent/trajectory.json
Parser warnings: - Extra text detected before JSON object
Trajectory dumped to jobs/qwen5x-gcp-mock/price-comparison__8TsDAuQ/agent/trajectory.json
Parser warnings: - Extra text detected before JSON object
Trajectory dumped to jobs/qwen5x-gcp-mock/price-comparison__8TsDAuQ/agent/trajectory.json
Parser warnings: - Extra text detected before JSON object
Trajectory dumped to jobs/qwen5x-gcp-mock/price-comparison__8TsDAuQ/agent/trajectory.json
Parser warnings: - Extra text detected before JSON object
Trajectory dumped to jobs/qwen5x-gcp-mock/price-comparison__8TsDAuQ/agent/trajectory.json
Parser warnings: - Extra text detected before JSON object
Trajectory dumped to jobs/qwen5x-gcp-mock/price-comparison__8TsDAuQ/agent/trajectory.json
Parser warnings: - Extra text detected before JSON object
Trajectory dumped to jobs/qwen5x-gcp-mock/price-comparison__8TsDAuQ/agent/trajectory.json
Parser warnings: - Extra text detected before JSON object
Trajectory dumped to jobs/qwen5x-gcp-mock/price-comparison__8TsDAuQ/agent/trajectory.json
Parser warnings: - Extra text detected before JSON object
Trajectory dumped to jobs/qwen5x-gcp-mock/price-comparison__8TsDAuQ/agent/trajectory.json
Parser warnings: - Extra text detected before JSON object
Trajectory dumped to jobs/qwen5x-gcp-mock/price-comparison__8TsDAuQ/agent/trajectory.json
Parser warnings: - Extra text detected before JSON object
Trajectory dumped to jobs/qwen5x-gcp-mock/price-comparison__8TsDAuQ/agent/trajectory.json
Parser warnings: - Extra text detected before JSON object
Trajectory dumped to jobs/qwen5x-gcp-mock/price-comparison__8TsDAuQ/agent/trajectory.json
Parser warnings: - Extra text detected before JSON object
Trajectory dumped to jobs/qwen5x-gcp-mock/price-comparison__8TsDAuQ/agent/trajectory.json
Parser warnings: - Extra text detected before JSON object
Trajectory dumped to jobs/qwen5x-gcp-mock/price-comparison__8TsDAuQ/agent/trajectory.json
Parser warnings: - Extra text detected before JSON object
Trajectory dumped to jobs/qwen5x-gcp-mock/price-comparison__8TsDAuQ/agent/trajectory.json
Parser warnings: - Extra text detected before JSON object
Trajectory dumped to jobs/qwen5x-gcp-mock/price-comparison__8TsDAuQ/agent/trajectory.json
Parser warnings: - Extra text detected before JSON object
Trajectory dumped to jobs/qwen5x-gcp-mock/price-comparison__8TsDAuQ/agent/trajectory.json
Parser warnings: - Extra text detected before JSON object
Trajectory dumped to jobs/qwen5x-gcp-mock/price-comparison__8TsDAuQ/agent/trajectory.json
Parser warnings: - Extra text detected before JSON object
Trajectory dumped to jobs/qwen5x-gcp-mock/price-comparison__8TsDAuQ/agent/trajectory.json
Parser warnings: - Extra text detected before JSON object
Trajectory dumped to jobs/qwen5x-gcp-mock/price-comparison__8TsDAuQ/agent/trajectory.json
Parser warnings: - Extra text detected before JSON object
Trajectory dumped to jobs/qwen5x-gcp-mock/price-comparison__8TsDAuQ/agent/trajectory.json
Parser warnings: - Extra text detected before JSON object
Trajectory dumped to jobs/qwen5x-gcp-mock/price-comparison__8TsDAuQ/agent/trajectory.json
Parser warnings: - Extra text detected before JSON object
Trajectory dumped to jobs/qwen5x-gcp-mock/price-comparison__8TsDAuQ/agent/trajectory.json
Parser warnings: - Extra text detected before JSON object
Trajectory dumped to jobs/qwen5x-gcp-mock/price-comparison__8TsDAuQ/agent/trajectory.json
Parser warnings: - Extra text detected before JSON object
Trajectory dumped to jobs/qwen5x-gcp-mock/price-comparison__8TsDAuQ/agent/trajectory.json
Parser warnings: - Extra text detected before JSON object
Trajectory dumped to jobs/qwen5x-gcp-mock/price-comparison__8TsDAuQ/agent/trajectory.json
Parser warnings: - Extra text detected before JSON object
Trajectory dumped to jobs/qwen5x-gcp-mock/price-comparison__8TsDAuQ/agent/trajectory.json
Parser warnings: - Extra text detected before JSON object
Trajectory dumped to jobs/qwen5x-gcp-mock/price-comparison__8TsDAuQ/agent/trajectory.json
Parser warnings: - Extra text detected before JSON object
Trajectory dumped to jobs/qwen5x-gcp-mock/price-comparison__8TsDAuQ/agent/trajectory.json
Parser warnings: - Extra text detected before JSON object
Trajectory dumped to jobs/qwen5x-gcp-mock/price-comparison__8TsDAuQ/agent/trajectory.json
Trajectory dumped to jobs/qwen5x-gcp-mock/price-comparison__8TsDAuQ/agent/trajectory.json
Collecting main service artifacts
