Skipping image OS validation for hb__334f4943d9c41f3e7113d4f9350852b3: docker inspect returned 1
Running healthcheck: test -f /var/run/toolathlon/ready
Healthcheck failed (rc=1, in_start_period=True)
Healthcheck failed (rc=1, in_start_period=False)
Healthcheck failed (rc=1, in_start_period=False)
Healthcheck failed (rc=1, in_start_period=False)
Healthcheck failed (rc=1, in_start_period=False)
Healthcheck failed (rc=1, in_start_period=False)
Healthcheck failed (rc=1, in_start_period=False)
Healthcheck passed
Parser warnings: - Extra text detected before JSON object
Trajectory dumped to jobs/topup5/inventory-sync__GNdsh2W/agent/trajectory.json
Parser warnings: - Extra text detected before JSON object
Trajectory dumped to jobs/topup5/inventory-sync__GNdsh2W/agent/trajectory.json
Parser warnings: - Extra text detected before JSON object
Trajectory dumped to jobs/topup5/inventory-sync__GNdsh2W/agent/trajectory.json
Parser warnings: - Extra text detected before JSON object
Trajectory dumped to jobs/topup5/inventory-sync__GNdsh2W/agent/trajectory.json
Parser warnings: - Extra text detected before JSON object
Trajectory dumped to jobs/topup5/inventory-sync__GNdsh2W/agent/trajectory.json
Parser warnings: - Extra text detected before JSON object
Trajectory dumped to jobs/topup5/inventory-sync__GNdsh2W/agent/trajectory.json
Parser warnings: - Extra text detected before JSON object
Trajectory dumped to jobs/topup5/inventory-sync__GNdsh2W/agent/trajectory.json
Parser warnings: - Extra text detected before JSON object
Trajectory dumped to jobs/topup5/inventory-sync__GNdsh2W/agent/trajectory.json
Parser warnings: - Extra text detected before JSON object
Trajectory dumped to jobs/topup5/inventory-sync__GNdsh2W/agent/trajectory.json
Parser warnings: - Extra text detected before JSON object
Trajectory dumped to jobs/topup5/inventory-sync__GNdsh2W/agent/trajectory.json
Parser warnings: - Extra text detected before JSON object
Trajectory dumped to jobs/topup5/inventory-sync__GNdsh2W/agent/trajectory.json
Parser warnings: - Extra text detected before JSON object
Trajectory dumped to jobs/topup5/inventory-sync__GNdsh2W/agent/trajectory.json
Parser warnings: - Extra text detected before JSON object
Trajectory dumped to jobs/topup5/inventory-sync__GNdsh2W/agent/trajectory.json
Parser warnings: - Extra text detected before JSON object
Trajectory dumped to jobs/topup5/inventory-sync__GNdsh2W/agent/trajectory.json
Parser warnings: - Extra text detected before JSON object
Trajectory dumped to jobs/topup5/inventory-sync__GNdsh2W/agent/trajectory.json
Parser warnings: - No valid JSON object found
Parser warnings: - Extra text detected before JSON object
Trajectory dumped to jobs/topup5/inventory-sync__GNdsh2W/agent/trajectory.json
Parser warnings: - Extra text detected before JSON object
Trajectory dumped to jobs/topup5/inventory-sync__GNdsh2W/agent/trajectory.json
Parser warnings: - Extra text detected before JSON object
Trajectory dumped to jobs/topup5/inventory-sync__GNdsh2W/agent/trajectory.json
Parser warnings: - Extra text detected before JSON object
- Extra text detected after JSON object
Parser warnings: - Extra text detected before JSON object
Trajectory dumped to jobs/topup5/inventory-sync__GNdsh2W/agent/trajectory.json
Parser warnings: - Extra text detected before JSON object
Trajectory dumped to jobs/topup5/inventory-sync__GNdsh2W/agent/trajectory.json
Parser warnings: - Extra text detected before JSON object
Trajectory dumped to jobs/topup5/inventory-sync__GNdsh2W/agent/trajectory.json
Parser warnings: - Extra text detected before JSON object
Trajectory dumped to jobs/topup5/inventory-sync__GNdsh2W/agent/trajectory.json
Parser warnings: - Extra text detected before JSON object
Trajectory dumped to jobs/topup5/inventory-sync__GNdsh2W/agent/trajectory.json
Parser warnings: - Extra text detected before JSON object
Trajectory dumped to jobs/topup5/inventory-sync__GNdsh2W/agent/trajectory.json
Parser warnings: - Extra text detected before JSON object
Trajectory dumped to jobs/topup5/inventory-sync__GNdsh2W/agent/trajectory.json
Parser warnings: - Extra text detected before JSON object
Trajectory dumped to jobs/topup5/inventory-sync__GNdsh2W/agent/trajectory.json
Parser warnings: - Extra text detected before JSON object
Trajectory dumped to jobs/topup5/inventory-sync__GNdsh2W/agent/trajectory.json
Parser warnings: - Extra text detected before JSON object
Trajectory dumped to jobs/topup5/inventory-sync__GNdsh2W/agent/trajectory.json
Trajectory dumped to jobs/topup5/inventory-sync__GNdsh2W/agent/trajectory.json
Parser warnings: - Extra text detected before JSON object
Trajectory dumped to jobs/topup5/inventory-sync__GNdsh2W/agent/trajectory.json
Parser warnings: - Extra text detected before JSON object
Trajectory dumped to jobs/topup5/inventory-sync__GNdsh2W/agent/trajectory.json
Parser warnings: - Extra text detected before JSON object
Trajectory dumped to jobs/topup5/inventory-sync__GNdsh2W/agent/trajectory.json
Parser warnings: - Extra text detected before JSON object
Trajectory dumped to jobs/topup5/inventory-sync__GNdsh2W/agent/trajectory.json
Parser warnings: - Extra text detected before JSON object
Trajectory dumped to jobs/topup5/inventory-sync__GNdsh2W/agent/trajectory.json
Parser warnings: - Extra text detected before JSON object
Trajectory dumped to jobs/topup5/inventory-sync__GNdsh2W/agent/trajectory.json
Parser warnings: - Extra text detected before JSON object
Trajectory dumped to jobs/topup5/inventory-sync__GNdsh2W/agent/trajectory.json
Parser warnings: - Extra text detected before JSON object
Trajectory dumped to jobs/topup5/inventory-sync__GNdsh2W/agent/trajectory.json
Parser warnings: - Extra text detected before JSON object
Trajectory dumped to jobs/topup5/inventory-sync__GNdsh2W/agent/trajectory.json
Parser warnings: - Extra text detected before JSON object
Trajectory dumped to jobs/topup5/inventory-sync__GNdsh2W/agent/trajectory.json
Trajectory dumped to jobs/topup5/inventory-sync__GNdsh2W/agent/trajectory.json
Collecting main service artifacts
