Skipping image OS validation for hb__ec451e61e4bc35358801aca03bdcb508: docker inspect returned 1
Running healthcheck: test -f /var/run/toolathlon/ready
Healthcheck failed (rc=1, in_start_period=True)
Healthcheck failed (rc=1, in_start_period=True)
Healthcheck failed (rc=1, in_start_period=False)
Healthcheck passed
Parser warnings: - Extra text detected before JSON object
Trajectory dumped to jobs/qwen5x-gcp-mock/academic-warning__RZfzof8/agent/trajectory.json
Parser warnings: - Extra text detected before JSON object
Trajectory dumped to jobs/qwen5x-gcp-mock/academic-warning__RZfzof8/agent/trajectory.json
Parser warnings: - Extra text detected before JSON object
Trajectory dumped to jobs/qwen5x-gcp-mock/academic-warning__RZfzof8/agent/trajectory.json
Parser warnings: - Extra text detected before JSON object
Trajectory dumped to jobs/qwen5x-gcp-mock/academic-warning__RZfzof8/agent/trajectory.json
Parser warnings: - Extra text detected before JSON object
Trajectory dumped to jobs/qwen5x-gcp-mock/academic-warning__RZfzof8/agent/trajectory.json
Parser warnings: - Extra text detected before JSON object
Trajectory dumped to jobs/qwen5x-gcp-mock/academic-warning__RZfzof8/agent/trajectory.json
Parser warnings: - Extra text detected before JSON object
Trajectory dumped to jobs/qwen5x-gcp-mock/academic-warning__RZfzof8/agent/trajectory.json
Parser warnings: - Extra text detected before JSON object
Trajectory dumped to jobs/qwen5x-gcp-mock/academic-warning__RZfzof8/agent/trajectory.json
Parser warnings: - Extra text detected before JSON object
Trajectory dumped to jobs/qwen5x-gcp-mock/academic-warning__RZfzof8/agent/trajectory.json
Parser warnings: - Extra text detected before JSON object
Trajectory dumped to jobs/qwen5x-gcp-mock/academic-warning__RZfzof8/agent/trajectory.json
Parser warnings: - Extra text detected before JSON object
Trajectory dumped to jobs/qwen5x-gcp-mock/academic-warning__RZfzof8/agent/trajectory.json
Parser warnings: - Extra text detected before JSON object
Trajectory dumped to jobs/qwen5x-gcp-mock/academic-warning__RZfzof8/agent/trajectory.json
Parser warnings: - Extra text detected before JSON object
Trajectory dumped to jobs/qwen5x-gcp-mock/academic-warning__RZfzof8/agent/trajectory.json
Parser warnings: - Extra text detected before JSON object
Trajectory dumped to jobs/qwen5x-gcp-mock/academic-warning__RZfzof8/agent/trajectory.json
Parser warnings: - Extra text detected before JSON object
Trajectory dumped to jobs/qwen5x-gcp-mock/academic-warning__RZfzof8/agent/trajectory.json
Parser warnings: - Extra text detected before JSON object
Trajectory dumped to jobs/qwen5x-gcp-mock/academic-warning__RZfzof8/agent/trajectory.json
Parser warnings: - Extra text detected before JSON object
Trajectory dumped to jobs/qwen5x-gcp-mock/academic-warning__RZfzof8/agent/trajectory.json
Parser warnings: - Extra text detected before JSON object
Trajectory dumped to jobs/qwen5x-gcp-mock/academic-warning__RZfzof8/agent/trajectory.json
Parser warnings: - Extra text detected before JSON object
Trajectory dumped to jobs/qwen5x-gcp-mock/academic-warning__RZfzof8/agent/trajectory.json
Parser warnings: - Extra text detected before JSON object
Trajectory dumped to jobs/qwen5x-gcp-mock/academic-warning__RZfzof8/agent/trajectory.json
Parser warnings: - Extra text detected before JSON object
Trajectory dumped to jobs/qwen5x-gcp-mock/academic-warning__RZfzof8/agent/trajectory.json
Parser warnings: - Extra text detected before JSON object
Trajectory dumped to jobs/qwen5x-gcp-mock/academic-warning__RZfzof8/agent/trajectory.json
Parser warnings: - Extra text detected before JSON object
Trajectory dumped to jobs/qwen5x-gcp-mock/academic-warning__RZfzof8/agent/trajectory.json
Parser warnings: - Extra text detected before JSON object
Trajectory dumped to jobs/qwen5x-gcp-mock/academic-warning__RZfzof8/agent/trajectory.json
Parser warnings: - Extra text detected before JSON object
Trajectory dumped to jobs/qwen5x-gcp-mock/academic-warning__RZfzof8/agent/trajectory.json
Parser warnings: - Extra text detected before JSON object
Trajectory dumped to jobs/qwen5x-gcp-mock/academic-warning__RZfzof8/agent/trajectory.json
Parser warnings: - Extra text detected before JSON object
Trajectory dumped to jobs/qwen5x-gcp-mock/academic-warning__RZfzof8/agent/trajectory.json
Parser warnings: - Extra text detected before JSON object
Trajectory dumped to jobs/qwen5x-gcp-mock/academic-warning__RZfzof8/agent/trajectory.json
Parser warnings: - Extra text detected before JSON object
Trajectory dumped to jobs/qwen5x-gcp-mock/academic-warning__RZfzof8/agent/trajectory.json
Parser warnings: - Extra text detected before JSON object
Trajectory dumped to jobs/qwen5x-gcp-mock/academic-warning__RZfzof8/agent/trajectory.json
Trajectory dumped to jobs/qwen5x-gcp-mock/academic-warning__RZfzof8/agent/trajectory.json
Collecting main service artifacts
