Skipping image OS validation for hb__847877938084e2618ed8382b29028f34: docker inspect returned 1
Parser warnings: - Extra text detected before JSON object
- Extra text detected after JSON object
Parser warnings: - Extra text detected before JSON object
- Extra text detected after JSON object
Trajectory dumped to jobs/topup5/git-milestone__deyJ73b/agent/trajectory.json
Parser warnings: - Extra text detected before JSON object
- Extra text detected after JSON object
Trajectory dumped to jobs/topup5/git-milestone__deyJ73b/agent/trajectory.json
Parser warnings: - Extra text detected before JSON object
- Extra text detected after JSON object
Trajectory dumped to jobs/topup5/git-milestone__deyJ73b/agent/trajectory.json
Parser warnings: - Extra text detected before JSON object
- Extra text detected after JSON object
Trajectory dumped to jobs/topup5/git-milestone__deyJ73b/agent/trajectory.json
Parser warnings: - Extra text detected before JSON object
- Extra text detected after JSON object
Trajectory dumped to jobs/topup5/git-milestone__deyJ73b/agent/trajectory.json
Trajectory dumped to jobs/topup5/git-milestone__deyJ73b/agent/trajectory.json
Collecting main service artifacts
