Skipping image OS validation for hb__a9df7ef8ba3a008b0a76ceec5b947cbc: docker inspect returned 1
Running healthcheck: test -f /var/run/toolathlon/ready
Healthcheck passed
Parser warnings: - Extra text detected before JSON object
Trajectory dumped to jobs/qwen5x-batch2/add-bibtex__9DQHyan/agent/trajectory.json
Parser warnings: - Extra text detected before JSON object
- Extra text detected after JSON object
Parser warnings: - Extra text detected before JSON object
Trajectory dumped to jobs/qwen5x-batch2/add-bibtex__9DQHyan/agent/trajectory.json
Parser warnings: - Extra text detected before JSON object
Trajectory dumped to jobs/qwen5x-batch2/add-bibtex__9DQHyan/agent/trajectory.json
Parser warnings: - Extra text detected before JSON object
Trajectory dumped to jobs/qwen5x-batch2/add-bibtex__9DQHyan/agent/trajectory.json
Parser warnings: - Extra text detected before JSON object
Trajectory dumped to jobs/qwen5x-batch2/add-bibtex__9DQHyan/agent/trajectory.json
Parser warnings: - Extra text detected before JSON object
Trajectory dumped to jobs/qwen5x-batch2/add-bibtex__9DQHyan/agent/trajectory.json
Parser warnings: - Extra text detected before JSON object
Trajectory dumped to jobs/qwen5x-batch2/add-bibtex__9DQHyan/agent/trajectory.json
Parser warnings: - Extra text detected before JSON object
Trajectory dumped to jobs/qwen5x-batch2/add-bibtex__9DQHyan/agent/trajectory.json
Parser warnings: - Extra text detected before JSON object
Trajectory dumped to jobs/qwen5x-batch2/add-bibtex__9DQHyan/agent/trajectory.json
Parser warnings: - Extra text detected before JSON object
Trajectory dumped to jobs/qwen5x-batch2/add-bibtex__9DQHyan/agent/trajectory.json
Parser warnings: - Extra text detected before JSON object
Trajectory dumped to jobs/qwen5x-batch2/add-bibtex__9DQHyan/agent/trajectory.json
Parser warnings: - Extra text detected before JSON object
Trajectory dumped to jobs/qwen5x-batch2/add-bibtex__9DQHyan/agent/trajectory.json
Parser warnings: - Extra text detected before JSON object
Trajectory dumped to jobs/qwen5x-batch2/add-bibtex__9DQHyan/agent/trajectory.json
Parser warnings: - Extra text detected before JSON object
Trajectory dumped to jobs/qwen5x-batch2/add-bibtex__9DQHyan/agent/trajectory.json
Parser warnings: - Extra text detected before JSON object
Trajectory dumped to jobs/qwen5x-batch2/add-bibtex__9DQHyan/agent/trajectory.json
Parser warnings: - Extra text detected before JSON object
Trajectory dumped to jobs/qwen5x-batch2/add-bibtex__9DQHyan/agent/trajectory.json
Parser warnings: - Extra text detected before JSON object
Trajectory dumped to jobs/qwen5x-batch2/add-bibtex__9DQHyan/agent/trajectory.json
Parser warnings: - Extra text detected before JSON object
Trajectory dumped to jobs/qwen5x-batch2/add-bibtex__9DQHyan/agent/trajectory.json
Parser warnings: - Extra text detected before JSON object
Trajectory dumped to jobs/qwen5x-batch2/add-bibtex__9DQHyan/agent/trajectory.json
Parser warnings: - Extra text detected before JSON object
Trajectory dumped to jobs/qwen5x-batch2/add-bibtex__9DQHyan/agent/trajectory.json
Parser warnings: - Extra text detected before JSON object
Trajectory dumped to jobs/qwen5x-batch2/add-bibtex__9DQHyan/agent/trajectory.json
Parser warnings: - Extra text detected before JSON object
Trajectory dumped to jobs/qwen5x-batch2/add-bibtex__9DQHyan/agent/trajectory.json
Parser warnings: - Extra text detected before JSON object
Trajectory dumped to jobs/qwen5x-batch2/add-bibtex__9DQHyan/agent/trajectory.json
Parser warnings: - Extra text detected before JSON object
Trajectory dumped to jobs/qwen5x-batch2/add-bibtex__9DQHyan/agent/trajectory.json
Parser warnings: - Extra text detected before JSON object
Trajectory dumped to jobs/qwen5x-batch2/add-bibtex__9DQHyan/agent/trajectory.json
Parser warnings: - Extra text detected before JSON object
Trajectory dumped to jobs/qwen5x-batch2/add-bibtex__9DQHyan/agent/trajectory.json
Parser warnings: - Extra text detected before JSON object
Trajectory dumped to jobs/qwen5x-batch2/add-bibtex__9DQHyan/agent/trajectory.json
Parser warnings: - Extra text detected before JSON object
Trajectory dumped to jobs/qwen5x-batch2/add-bibtex__9DQHyan/agent/trajectory.json
Parser warnings: - Extra text detected before JSON object
Trajectory dumped to jobs/qwen5x-batch2/add-bibtex__9DQHyan/agent/trajectory.json
Parser warnings: - Extra text detected before JSON object
Trajectory dumped to jobs/qwen5x-batch2/add-bibtex__9DQHyan/agent/trajectory.json
Parser warnings: - Extra text detected before JSON object
Trajectory dumped to jobs/qwen5x-batch2/add-bibtex__9DQHyan/agent/trajectory.json
Parser warnings: - Extra text detected before JSON object
Trajectory dumped to jobs/qwen5x-batch2/add-bibtex__9DQHyan/agent/trajectory.json
Parser warnings: - Extra text detected before JSON object
Trajectory dumped to jobs/qwen5x-batch2/add-bibtex__9DQHyan/agent/trajectory.json
Parser warnings: - Extra text detected before JSON object
Trajectory dumped to jobs/qwen5x-batch2/add-bibtex__9DQHyan/agent/trajectory.json
Parser warnings: - Extra text detected before JSON object
- Command 1 should end with newline when followed by another command. Otherwise the two commands will be concatenated together on the same line.
Trajectory dumped to jobs/qwen5x-batch2/add-bibtex__9DQHyan/agent/trajectory.json
Parser warnings: - Extra text detected before JSON object
Trajectory dumped to jobs/qwen5x-batch2/add-bibtex__9DQHyan/agent/trajectory.json
Parser warnings: - Extra text detected before JSON object
Trajectory dumped to jobs/qwen5x-batch2/add-bibtex__9DQHyan/agent/trajectory.json
Parser warnings: - Extra text detected before JSON object
Trajectory dumped to jobs/qwen5x-batch2/add-bibtex__9DQHyan/agent/trajectory.json
Parser warnings: - Extra text detected before JSON object
Trajectory dumped to jobs/qwen5x-batch2/add-bibtex__9DQHyan/agent/trajectory.json
Parser warnings: - Extra text detected before JSON object
Trajectory dumped to jobs/qwen5x-batch2/add-bibtex__9DQHyan/agent/trajectory.json
Parser warnings: - Extra text detected before JSON object
Trajectory dumped to jobs/qwen5x-batch2/add-bibtex__9DQHyan/agent/trajectory.json
Parser warnings: - Extra text detected before JSON object
Trajectory dumped to jobs/qwen5x-batch2/add-bibtex__9DQHyan/agent/trajectory.json
Parser warnings: - Extra text detected before JSON object
Trajectory dumped to jobs/qwen5x-batch2/add-bibtex__9DQHyan/agent/trajectory.json
Parser warnings: - Extra text detected before JSON object
Trajectory dumped to jobs/qwen5x-batch2/add-bibtex__9DQHyan/agent/trajectory.json
Parser warnings: - AUTO-CORRECTED: Extracted JSON from mixed content - please fix this in future responses
Trajectory dumped to jobs/qwen5x-batch2/add-bibtex__9DQHyan/agent/trajectory.json
Parser warnings: - Extra text detected before JSON object
- Extra text detected after JSON object
Parser warnings: - Extra text detected before JSON object
Trajectory dumped to jobs/qwen5x-batch2/add-bibtex__9DQHyan/agent/trajectory.json
Parser warnings: - Extra text detected before JSON object
- Extra text detected after JSON object
Parser warnings: - Extra text detected before JSON object
Trajectory dumped to jobs/qwen5x-batch2/add-bibtex__9DQHyan/agent/trajectory.json
Parser warnings: - Extra text detected before JSON object
- Extra text detected after JSON object
Parser warnings: - Extra text detected before JSON object
Trajectory dumped to jobs/qwen5x-batch2/add-bibtex__9DQHyan/agent/trajectory.json
Parser warnings: - Extra text detected before JSON object
- Extra text detected after JSON object
Parser warnings: - Extra text detected before JSON object
Trajectory dumped to jobs/qwen5x-batch2/add-bibtex__9DQHyan/agent/trajectory.json
Parser warnings: - Extra text detected before JSON object
Trajectory dumped to jobs/qwen5x-batch2/add-bibtex__9DQHyan/agent/trajectory.json
Parser warnings: - Extra text detected before JSON object
- Extra text detected after JSON object
Parser warnings: - Extra text detected before JSON object
Trajectory dumped to jobs/qwen5x-batch2/add-bibtex__9DQHyan/agent/trajectory.json
Parser warnings: - Extra text detected before JSON object
Trajectory dumped to jobs/qwen5x-batch2/add-bibtex__9DQHyan/agent/trajectory.json
Parser warnings: - Extra text detected before JSON object
Trajectory dumped to jobs/qwen5x-batch2/add-bibtex__9DQHyan/agent/trajectory.json
Parser warnings: - Extra text detected before JSON object
Trajectory dumped to jobs/qwen5x-batch2/add-bibtex__9DQHyan/agent/trajectory.json
Parser warnings: - Extra text detected before JSON object
Trajectory dumped to jobs/qwen5x-batch2/add-bibtex__9DQHyan/agent/trajectory.json
Parser warnings: - AUTO-CORRECTED: Extracted JSON from mixed content - please fix this in future responses
Trajectory dumped to jobs/qwen5x-batch2/add-bibtex__9DQHyan/agent/trajectory.json
Parser warnings: - Extra text detected before JSON object
Trajectory dumped to jobs/qwen5x-batch2/add-bibtex__9DQHyan/agent/trajectory.json
Parser warnings: - Extra text detected before JSON object
Trajectory dumped to jobs/qwen5x-batch2/add-bibtex__9DQHyan/agent/trajectory.json
Parser warnings: - Extra text detected before JSON object
Trajectory dumped to jobs/qwen5x-batch2/add-bibtex__9DQHyan/agent/trajectory.json
Trajectory dumped to jobs/qwen5x-batch2/add-bibtex__9DQHyan/agent/trajectory.json
Collecting main service artifacts
