Skipping image OS validation for hb__f1652dbd222764da1f9c2f1be0e91ca1: docker inspect returned 1
Running healthcheck: test -f /var/run/toolathlon/ready
Healthcheck passed
Parser warnings: - Extra text detected before JSON object
Trajectory dumped to jobs/topup4/identify-all-songs__9NdLxXA/agent/trajectory.json
Parser warnings: - Extra text detected before JSON object
Trajectory dumped to jobs/topup4/identify-all-songs__9NdLxXA/agent/trajectory.json
Parser warnings: - Extra text detected before JSON object
Trajectory dumped to jobs/topup4/identify-all-songs__9NdLxXA/agent/trajectory.json
Parser warnings: - Extra text detected before JSON object
Trajectory dumped to jobs/topup4/identify-all-songs__9NdLxXA/agent/trajectory.json
Parser warnings: - Extra text detected before JSON object
Trajectory dumped to jobs/topup4/identify-all-songs__9NdLxXA/agent/trajectory.json
Parser warnings: - Extra text detected before JSON object
Trajectory dumped to jobs/topup4/identify-all-songs__9NdLxXA/agent/trajectory.json
Parser warnings: - Extra text detected before JSON object
Trajectory dumped to jobs/topup4/identify-all-songs__9NdLxXA/agent/trajectory.json
Parser warnings: - Extra text detected before JSON object
Trajectory dumped to jobs/topup4/identify-all-songs__9NdLxXA/agent/trajectory.json
Parser warnings: - Extra text detected before JSON object
Trajectory dumped to jobs/topup4/identify-all-songs__9NdLxXA/agent/trajectory.json
Parser warnings: - Extra text detected before JSON object
Trajectory dumped to jobs/topup4/identify-all-songs__9NdLxXA/agent/trajectory.json
Parser warnings: - Extra text detected before JSON object
Trajectory dumped to jobs/topup4/identify-all-songs__9NdLxXA/agent/trajectory.json
Parser warnings: - Extra text detected before JSON object
Trajectory dumped to jobs/topup4/identify-all-songs__9NdLxXA/agent/trajectory.json
Parser warnings: - Extra text detected before JSON object
Trajectory dumped to jobs/topup4/identify-all-songs__9NdLxXA/agent/trajectory.json
Parser warnings: - Extra text detected before JSON object
Trajectory dumped to jobs/topup4/identify-all-songs__9NdLxXA/agent/trajectory.json
Parser warnings: - Extra text detected before JSON object
Trajectory dumped to jobs/topup4/identify-all-songs__9NdLxXA/agent/trajectory.json
Trajectory dumped to jobs/topup4/identify-all-songs__9NdLxXA/agent/trajectory.json
Collecting main service artifacts
