Skipping image OS validation for hb__d899112447484751b3d3c429077066c4: docker inspect returned 1
Skipping image OS validation for hb__7fa1174af8284969f0149e2e51b6763c: docker inspect returned 1
Skipping image OS validation for hb__a9df7ef8ba3a008b0a76ceec5b947cbc: docker inspect returned 1
Skipping image OS validation for hb__b4c869e3d2b4f6442c50fccfd7395375: docker inspect returned 1
Skipping image OS validation for hb__171574b169ba7f2515dd624e2e7cde0e: docker inspect returned 1
Skipping image OS validation for hb__f1652dbd222764da1f9c2f1be0e91ca1: docker inspect returned 1
Skipping image OS validation for hb__eef4e2cd56bc9841b40dad2b668dc56c: docker inspect returned 1
Skipping image OS validation for hb__3825cf691cbb0e607d3d6084e0554182: docker inspect returned 1
Skipping image OS validation for hb__de772b48d87aff38259ab2221cbeb941: docker inspect returned 1
Skipping image OS validation for hb__e1c31657594d24f35d2741c433d4e4c5: docker inspect returned 1
Running healthcheck: test -f /var/run/toolathlon/ready
Healthcheck passed
Installing: tmux, asciinema
Running healthcheck: test -f /var/run/toolathlon/ready
Healthcheck passed
Running healthcheck: test -f /var/run/toolathlon/ready
Running healthcheck: test -f /var/run/toolathlon/ready
Running healthcheck: test -f /var/run/toolathlon/ready
Healthcheck passed
Detected system: {'os': 'debian-based', 'package_manager': 'apt-get', 'update_command': None}
Installing tools using apt-get: DEBIAN_FRONTEND=noninteractive apt-get update && DEBIAN_FRONTEND=noninteractive apt-get install -y tmux asciinema
Healthcheck passed
Installing: tmux, asciinema
Healthcheck passed
Installing: tmux, asciinema
Installing: tmux, asciinema
Running healthcheck: test -f /var/run/toolathlon/ready
Installing: tmux, asciinema
Healthcheck passed
Detected system: {'os': 'debian-based', 'package_manager': 'apt-get', 'update_command': None}
Installing tools using apt-get: DEBIAN_FRONTEND=noninteractive apt-get update && DEBIAN_FRONTEND=noninteractive apt-get install -y tmux asciinema
Detected system: {'os': 'debian-based', 'package_manager': 'apt-get', 'update_command': None}
Installing tools using apt-get: DEBIAN_FRONTEND=noninteractive apt-get update && DEBIAN_FRONTEND=noninteractive apt-get install -y tmux asciinema
Detected system: {'os': 'debian-based', 'package_manager': 'apt-get', 'update_command': None}
Installing tools using apt-get: DEBIAN_FRONTEND=noninteractive apt-get update && DEBIAN_FRONTEND=noninteractive apt-get install -y tmux asciinema
Trial course-schedule__BAEg7Z4 failed: Command timed out after 120 seconds
Trial logical-datasets-collection__8BBsUae failed: Command timed out after 120 seconds
Trial add-bibtex__BGuboir failed: Command timed out after 120 seconds
Trial mrbeast-analysis__j8JXWmR failed: Command timed out after 120 seconds
Trial nvidia-market__MpEc9hs failed: Docker compose command failed for environment nvidia-market. Command: docker compose --project-name nvidia-market__mpec9hs__env --project-directory /Users/chili/Projects/self-evolve/datasets/toolathlon/nvidia-market/environment -f /private/var/folders/qs/wcbkf5sx6zl5w5n9226c88n40000gp/T/tmpi6uqzmth/nvidia-market__MpEc9hs__env-docker-compose-resources.json -f /Users/chili/Projects/self-evolve/.venv/lib/python3.13/site-packages/harbor/environments/docker/docker-compose-build.yaml -f /private/var/folders/qs/wcbkf5sx6zl5w5n9226c88n40000gp/T/tmpdby_ukxg/docker-compose-environment.json -f /private/var/folders/qs/wcbkf5sx6zl5w5n9226c88n40000gp/T/tmpmqwki6zs/docker-compose-mounts.json up --detach --wait. Return code: 1. Stdout:  Image nvidia-market__mpec9hs__env-main Building 
#1 [internal] load local bake definitions
#1 reading from stdin 642B done
#1 DONE 0.0s

#2 [internal] load build definition from Dockerfile
#2 transferring dockerfile:
#2 transferring dockerfile: 421B 0.0s done
#2 DONE 0.7s

#3 [internal] load metadata for docker.io/library/toolathlon-harbor-base:v3
#3 DONE 0.4s

#4 [internal] load .dockerignore
#4 transferring context:
#4 transferring context: 2B 0.0s done
#4 DONE 3.0s

#5 [1/5] FROM docker.io/library/toolathlon-harbor-base:v3@sha256:a56dd7cc9977e0f2d00989cb07addeadf6146c5f5f6ce4f01c54fc1cde68a70b
#5 resolve docker.io/library/toolathlon-harbor-base:v3@sha256:a56dd7cc9977e0f2d00989cb07addeadf6146c5f5f6ce4f01c54fc1cde68a70b 0.1s done
#5 DONE 0.1s

#6 [internal] load build context
#6 transferring context: 35.82kB 0.0s done
#6 DONE 0.5s

#7 [3/5] COPY init.sh /opt/harbor-init/init.sh
#7 CACHED

#8 [4/5] RUN chmod +x /opt/harbor-init/init.sh
#8 CACHED

#9 [2/5] COPY task/ /opt/toolathlon/tasks/finalpool/nvidia-market/
#9 CACHED

#10 [5/5] WORKDIR /app
#10 CACHED

#11 exporting to image
#11 exporting layers
#11 exporting layers 0.3s done
#11 exporting manifest sha256:c7d968a7770704d8e158a24898b8352e5de5daa0970d7757c5176cb399f2e20b
#11 exporting manifest sha256:c7d968a7770704d8e158a24898b8352e5de5daa0970d7757c5176cb399f2e20b 0.0s done
#11 exporting config sha256:98f5c9cf5855ed35fc63a492b029c135925b9240f092d4707a00423c586974bf 0.0s done
#11 exporting attestation manifest sha256:2a48a66dafc455323c0e904c350b085b116ccfa382a74edaaf8a0df4e16da2e4
#11 exporting attestation manifest sha256:2a48a66dafc455323c0e904c350b085b116ccfa382a74edaaf8a0df4e16da2e4 0.2s done
#11 exporting manifest list sha256:382e46829168e9ff3c6056f802f7d8e38e0795b6bac300e72cb70434d20367c9
#11 exporting manifest list sha256:382e46829168e9ff3c6056f802f7d8e38e0795b6bac300e72cb70434d20367c9 0.1s done
#11 naming to docker.io/library/nvidia-market__mpec9hs__env-main:latest 0.0s done
#11 unpacking to docker.io/library/nvidia-market__mpec9hs__env-main:latest
#11 unpacking to docker.io/library/nvidia-market__mpec9hs__env-main:latest 0.3s done
#11 DONE 2.8s

#12 resolving provenance for metadata file
#12 DONE 0.1s
 Image nvidia-market__mpec9hs__env-main Built 
 Network nvidia-market__mpec9hs__env_default Creating 
 Network nvidia-market__mpec9hs__env_default Created 
 Container nvidia-market__mpec9hs__env-main-1 Creating 
 main The requested image's platform (linux/amd64) does not match the detected host platform (linux/arm64/v8) and no specific platform was requested 
 Container nvidia-market__mpec9hs__env-main-1 Created 
 Container nvidia-market__mpec9hs__env-main-1 Starting 
 Container nvidia-market__mpec9hs__env-main-1 Started 
 Container nvidia-market__mpec9hs__env-main-1 Waiting 
container nvidia-market__mpec9hs__env-main-1 is unhealthy
. Stderr: None. 
Tool installation exceeded its 240s budget; proceeding without guaranteed tmux/asciinema (session recording may be unavailable).
Tool installation exceeded its 240s budget; proceeding without guaranteed tmux/asciinema (session recording may be unavailable).
