Skipping image OS validation for hb__5880a8306c913a5e16f22c09480c4402: docker inspect returned 1
Running healthcheck: test -f /var/run/toolathlon/ready
Healthcheck failed (rc=1, in_start_period=True)
Healthcheck failed (rc=1, in_start_period=False)
Healthcheck failed (rc=1, in_start_period=False)
Healthcheck failed (rc=1, in_start_period=False)
Healthcheck passed
Parser warnings: - Extra text detected before JSON object
Trajectory dumped to jobs/topup5/woocommerce-new-product__dhuJXi4/agent/trajectory.json
Parser warnings: - Extra text detected before JSON object
Trajectory dumped to jobs/topup5/woocommerce-new-product__dhuJXi4/agent/trajectory.json
Parser warnings: - Extra text detected before JSON object
Trajectory dumped to jobs/topup5/woocommerce-new-product__dhuJXi4/agent/trajectory.json
Parser warnings: - Extra text detected before JSON object
Trajectory dumped to jobs/topup5/woocommerce-new-product__dhuJXi4/agent/trajectory.json
Parser warnings: - Extra text detected before JSON object
Trajectory dumped to jobs/topup5/woocommerce-new-product__dhuJXi4/agent/trajectory.json
Parser warnings: - Extra text detected before JSON object
Trajectory dumped to jobs/topup5/woocommerce-new-product__dhuJXi4/agent/trajectory.json
Parser warnings: - Extra text detected before JSON object
Trajectory dumped to jobs/topup5/woocommerce-new-product__dhuJXi4/agent/trajectory.json
Parser warnings: - Extra text detected before JSON object
Trajectory dumped to jobs/topup5/woocommerce-new-product__dhuJXi4/agent/trajectory.json
Parser warnings: - Extra text detected before JSON object
Trajectory dumped to jobs/topup5/woocommerce-new-product__dhuJXi4/agent/trajectory.json
Parser warnings: - Extra text detected before JSON object
Trajectory dumped to jobs/topup5/woocommerce-new-product__dhuJXi4/agent/trajectory.json
Parser warnings: - Extra text detected before JSON object
Trajectory dumped to jobs/topup5/woocommerce-new-product__dhuJXi4/agent/trajectory.json
Trajectory dumped to jobs/topup5/woocommerce-new-product__dhuJXi4/agent/trajectory.json
Parser warnings: - Extra text detected before JSON object
Trajectory dumped to jobs/topup5/woocommerce-new-product__dhuJXi4/agent/trajectory.json
Parser warnings: - Extra text detected before JSON object
Trajectory dumped to jobs/topup5/woocommerce-new-product__dhuJXi4/agent/trajectory.json
Parser warnings: - Extra text detected before JSON object
Trajectory dumped to jobs/topup5/woocommerce-new-product__dhuJXi4/agent/trajectory.json
Parser warnings: - Extra text detected before JSON object
Trajectory dumped to jobs/topup5/woocommerce-new-product__dhuJXi4/agent/trajectory.json
Parser warnings: - Extra text detected before JSON object
Trajectory dumped to jobs/topup5/woocommerce-new-product__dhuJXi4/agent/trajectory.json
Parser warnings: - Extra text detected before JSON object
Trajectory dumped to jobs/topup5/woocommerce-new-product__dhuJXi4/agent/trajectory.json
Parser warnings: - Extra text detected before JSON object
Trajectory dumped to jobs/topup5/woocommerce-new-product__dhuJXi4/agent/trajectory.json
Trajectory dumped to jobs/topup5/woocommerce-new-product__dhuJXi4/agent/trajectory.json
Parser warnings: - Extra text detected before JSON object
Trajectory dumped to jobs/topup5/woocommerce-new-product__dhuJXi4/agent/trajectory.json
Parser warnings: - Extra text detected before JSON object
Trajectory dumped to jobs/topup5/woocommerce-new-product__dhuJXi4/agent/trajectory.json
Parser warnings: - Extra text detected before JSON object
Trajectory dumped to jobs/topup5/woocommerce-new-product__dhuJXi4/agent/trajectory.json
Trajectory dumped to jobs/topup5/woocommerce-new-product__dhuJXi4/agent/trajectory.json
Collecting main service artifacts
