Skipping image OS validation for hb__cce318c9fdaebc815f34e9027950600b: docker inspect returned 1
Parser warnings: - Extra text detected before JSON object
Trajectory dumped to jobs/topup5/travel-exchange__Do8yV6M/agent/trajectory.json
Parser warnings: - Extra text detected before JSON object
Trajectory dumped to jobs/topup5/travel-exchange__Do8yV6M/agent/trajectory.json
Parser warnings: - Extra text detected before JSON object
- Command 1 should end with newline when followed by another command. Otherwise the two commands will be concatenated together on the same line.
Trajectory dumped to jobs/topup5/travel-exchange__Do8yV6M/agent/trajectory.json
Parser warnings: - Extra text detected before JSON object
Trajectory dumped to jobs/topup5/travel-exchange__Do8yV6M/agent/trajectory.json
Parser warnings: - Extra text detected before JSON object
Trajectory dumped to jobs/topup5/travel-exchange__Do8yV6M/agent/trajectory.json
Parser warnings: - Extra text detected before JSON object
Trajectory dumped to jobs/topup5/travel-exchange__Do8yV6M/agent/trajectory.json
Parser warnings: - Extra text detected before JSON object
Trajectory dumped to jobs/topup5/travel-exchange__Do8yV6M/agent/trajectory.json
Parser warnings: - Extra text detected before JSON object
Trajectory dumped to jobs/topup5/travel-exchange__Do8yV6M/agent/trajectory.json
Parser warnings: - Extra text detected before JSON object
Trajectory dumped to jobs/topup5/travel-exchange__Do8yV6M/agent/trajectory.json
Parser warnings: - Extra text detected before JSON object
Trajectory dumped to jobs/topup5/travel-exchange__Do8yV6M/agent/trajectory.json
Parser warnings: - Extra text detected before JSON object
Trajectory dumped to jobs/topup5/travel-exchange__Do8yV6M/agent/trajectory.json
Parser warnings: - Extra text detected before JSON object
Trajectory dumped to jobs/topup5/travel-exchange__Do8yV6M/agent/trajectory.json
Parser warnings: - Extra text detected before JSON object
Trajectory dumped to jobs/topup5/travel-exchange__Do8yV6M/agent/trajectory.json
Parser warnings: - Extra text detected before JSON object
Trajectory dumped to jobs/topup5/travel-exchange__Do8yV6M/agent/trajectory.json
Parser warnings: - Extra text detected before JSON object
Trajectory dumped to jobs/topup5/travel-exchange__Do8yV6M/agent/trajectory.json
Parser warnings: - Extra text detected before JSON object
Trajectory dumped to jobs/topup5/travel-exchange__Do8yV6M/agent/trajectory.json
Parser warnings: - Extra text detected before JSON object
Trajectory dumped to jobs/topup5/travel-exchange__Do8yV6M/agent/trajectory.json
Parser warnings: - Extra text detected before JSON object
Trajectory dumped to jobs/topup5/travel-exchange__Do8yV6M/agent/trajectory.json
Parser warnings: - Extra text detected before JSON object
Trajectory dumped to jobs/topup5/travel-exchange__Do8yV6M/agent/trajectory.json
Parser warnings: - Extra text detected before JSON object
Trajectory dumped to jobs/topup5/travel-exchange__Do8yV6M/agent/trajectory.json
Trajectory dumped to jobs/topup5/travel-exchange__Do8yV6M/agent/trajectory.json
Collecting main service artifacts
