Skipping image OS validation for hb__c09ae8418e244ca9a0a456067a0e424d: docker inspect returned 1
Running healthcheck: test -f /var/run/toolathlon/ready
Healthcheck failed (rc=1, in_start_period=True)
Healthcheck failed (rc=1, in_start_period=False)
Healthcheck failed (rc=1, in_start_period=False)
Healthcheck failed (rc=1, in_start_period=False)
Healthcheck failed (rc=1, in_start_period=False)
Healthcheck passed
Parser warnings: - Extra text detected before JSON object
Trajectory dumped to jobs/topup5b/woocommerce-stock-alert__zPHaYBn/agent/trajectory.json
Parser warnings: - Extra text detected before JSON object
Trajectory dumped to jobs/topup5b/woocommerce-stock-alert__zPHaYBn/agent/trajectory.json
Parser warnings: - Extra text detected before JSON object
Trajectory dumped to jobs/topup5b/woocommerce-stock-alert__zPHaYBn/agent/trajectory.json
Parser warnings: - Extra text detected before JSON object
Trajectory dumped to jobs/topup5b/woocommerce-stock-alert__zPHaYBn/agent/trajectory.json
Parser warnings: - Extra text detected before JSON object
Trajectory dumped to jobs/topup5b/woocommerce-stock-alert__zPHaYBn/agent/trajectory.json
Parser warnings: - Extra text detected before JSON object
- Extra text detected after JSON object
Parser warnings: - Extra text detected before JSON object
Trajectory dumped to jobs/topup5b/woocommerce-stock-alert__zPHaYBn/agent/trajectory.json
Parser warnings: - Extra text detected before JSON object
Trajectory dumped to jobs/topup5b/woocommerce-stock-alert__zPHaYBn/agent/trajectory.json
Parser warnings: - Extra text detected before JSON object
- Extra text detected after JSON object
Parser warnings: - Extra text detected before JSON object
Trajectory dumped to jobs/topup5b/woocommerce-stock-alert__zPHaYBn/agent/trajectory.json
Parser warnings: - Extra text detected before JSON object
Trajectory dumped to jobs/topup5b/woocommerce-stock-alert__zPHaYBn/agent/trajectory.json
Parser warnings: - Extra text detected before JSON object
Trajectory dumped to jobs/topup5b/woocommerce-stock-alert__zPHaYBn/agent/trajectory.json
Parser warnings: - Extra text detected before JSON object
Trajectory dumped to jobs/topup5b/woocommerce-stock-alert__zPHaYBn/agent/trajectory.json
Parser warnings: - Extra text detected before JSON object
Trajectory dumped to jobs/topup5b/woocommerce-stock-alert__zPHaYBn/agent/trajectory.json
Parser warnings: - Extra text detected before JSON object
Trajectory dumped to jobs/topup5b/woocommerce-stock-alert__zPHaYBn/agent/trajectory.json
Parser warnings: - Extra text detected before JSON object
- Command 1 should end with newline when followed by another command. Otherwise the two commands will be concatenated together on the same line.
Trajectory dumped to jobs/topup5b/woocommerce-stock-alert__zPHaYBn/agent/trajectory.json
Parser warnings: - Extra text detected before JSON object
Trajectory dumped to jobs/topup5b/woocommerce-stock-alert__zPHaYBn/agent/trajectory.json
Parser warnings: - Extra text detected before JSON object
Trajectory dumped to jobs/topup5b/woocommerce-stock-alert__zPHaYBn/agent/trajectory.json
Parser warnings: - Extra text detected before JSON object
Trajectory dumped to jobs/topup5b/woocommerce-stock-alert__zPHaYBn/agent/trajectory.json
Parser warnings: - Extra text detected before JSON object
Trajectory dumped to jobs/topup5b/woocommerce-stock-alert__zPHaYBn/agent/trajectory.json
Parser warnings: - Extra text detected before JSON object
Trajectory dumped to jobs/topup5b/woocommerce-stock-alert__zPHaYBn/agent/trajectory.json
Trajectory dumped to jobs/topup5b/woocommerce-stock-alert__zPHaYBn/agent/trajectory.json
Collecting main service artifacts
