Skipping image OS validation for hb__171574b169ba7f2515dd624e2e7cde0e: docker inspect returned 1
Running healthcheck: test -f /var/run/toolathlon/ready
Healthcheck passed
Parser warnings: - Extra text detected before JSON object
Trajectory dumped to jobs/topup5/mrbeast-analysis__Xc85uDy/agent/trajectory.json
Parser warnings: - Extra text detected before JSON object
Trajectory dumped to jobs/topup5/mrbeast-analysis__Xc85uDy/agent/trajectory.json
Parser warnings: - Extra text detected before JSON object
Trajectory dumped to jobs/topup5/mrbeast-analysis__Xc85uDy/agent/trajectory.json
Parser warnings: - Extra text detected before JSON object
Trajectory dumped to jobs/topup5/mrbeast-analysis__Xc85uDy/agent/trajectory.json
Parser warnings: - Extra text detected before JSON object
Trajectory dumped to jobs/topup5/mrbeast-analysis__Xc85uDy/agent/trajectory.json
Parser warnings: - Extra text detected before JSON object
Trajectory dumped to jobs/topup5/mrbeast-analysis__Xc85uDy/agent/trajectory.json
Parser warnings: - Extra text detected before JSON object
Trajectory dumped to jobs/topup5/mrbeast-analysis__Xc85uDy/agent/trajectory.json
Parser warnings: - Extra text detected before JSON object
Trajectory dumped to jobs/topup5/mrbeast-analysis__Xc85uDy/agent/trajectory.json
Parser warnings: - Extra text detected before JSON object
Trajectory dumped to jobs/topup5/mrbeast-analysis__Xc85uDy/agent/trajectory.json
Trajectory dumped to jobs/topup5/mrbeast-analysis__Xc85uDy/agent/trajectory.json
Parser warnings: - Extra text detected before JSON object
Trajectory dumped to jobs/topup5/mrbeast-analysis__Xc85uDy/agent/trajectory.json
Parser warnings: - Extra text detected before JSON object
Trajectory dumped to jobs/topup5/mrbeast-analysis__Xc85uDy/agent/trajectory.json
Parser warnings: - Extra text detected before JSON object
- Command 1 should end with newline when followed by another command. Otherwise the two commands will be concatenated together on the same line.
Trajectory dumped to jobs/topup5/mrbeast-analysis__Xc85uDy/agent/trajectory.json
Parser warnings: - Extra text detected before JSON object
Trajectory dumped to jobs/topup5/mrbeast-analysis__Xc85uDy/agent/trajectory.json
Trajectory dumped to jobs/topup5/mrbeast-analysis__Xc85uDy/agent/trajectory.json
Parser warnings: - Extra text detected before JSON object
Trajectory dumped to jobs/topup5/mrbeast-analysis__Xc85uDy/agent/trajectory.json
Parser warnings: - Extra text detected before JSON object
Trajectory dumped to jobs/topup5/mrbeast-analysis__Xc85uDy/agent/trajectory.json
Parser warnings: - Extra text detected before JSON object
Trajectory dumped to jobs/topup5/mrbeast-analysis__Xc85uDy/agent/trajectory.json
Parser warnings: - Extra text detected before JSON object
Trajectory dumped to jobs/topup5/mrbeast-analysis__Xc85uDy/agent/trajectory.json
Parser warnings: - Extra text detected before JSON object
Trajectory dumped to jobs/topup5/mrbeast-analysis__Xc85uDy/agent/trajectory.json
Parser warnings: - Extra text detected before JSON object
- Command 1 should end with newline when followed by another command. Otherwise the two commands will be concatenated together on the same line.
Trajectory dumped to jobs/topup5/mrbeast-analysis__Xc85uDy/agent/trajectory.json
Trajectory dumped to jobs/topup5/mrbeast-analysis__Xc85uDy/agent/trajectory.json
Parser warnings: - Extra text detected before JSON object
Trajectory dumped to jobs/topup5/mrbeast-analysis__Xc85uDy/agent/trajectory.json
Trajectory dumped to jobs/topup5/mrbeast-analysis__Xc85uDy/agent/trajectory.json
Parser warnings: - Extra text detected before JSON object
Trajectory dumped to jobs/topup5/mrbeast-analysis__Xc85uDy/agent/trajectory.json
Parser warnings: - Extra text detected before JSON object
Trajectory dumped to jobs/topup5/mrbeast-analysis__Xc85uDy/agent/trajectory.json
Parser warnings: - Extra text detected before JSON object
Trajectory dumped to jobs/topup5/mrbeast-analysis__Xc85uDy/agent/trajectory.json
Parser warnings: - Extra text detected before JSON object
Trajectory dumped to jobs/topup5/mrbeast-analysis__Xc85uDy/agent/trajectory.json
Parser warnings: - Extra text detected before JSON object
Trajectory dumped to jobs/topup5/mrbeast-analysis__Xc85uDy/agent/trajectory.json
Trajectory dumped to jobs/topup5/mrbeast-analysis__Xc85uDy/agent/trajectory.json
Parser warnings: - Extra text detected before JSON object
Trajectory dumped to jobs/topup5/mrbeast-analysis__Xc85uDy/agent/trajectory.json
Parser warnings: - Extra text detected before JSON object
Trajectory dumped to jobs/topup5/mrbeast-analysis__Xc85uDy/agent/trajectory.json
Parser warnings: - Extra text detected before JSON object
Trajectory dumped to jobs/topup5/mrbeast-analysis__Xc85uDy/agent/trajectory.json
Parser warnings: - Extra text detected before JSON object
Trajectory dumped to jobs/topup5/mrbeast-analysis__Xc85uDy/agent/trajectory.json
Parser warnings: - Extra text detected before JSON object
Trajectory dumped to jobs/topup5/mrbeast-analysis__Xc85uDy/agent/trajectory.json
Parser warnings: - Extra text detected before JSON object
Trajectory dumped to jobs/topup5/mrbeast-analysis__Xc85uDy/agent/trajectory.json
Parser warnings: - Extra text detected before JSON object
Trajectory dumped to jobs/topup5/mrbeast-analysis__Xc85uDy/agent/trajectory.json
Trajectory dumped to jobs/topup5/mrbeast-analysis__Xc85uDy/agent/trajectory.json
Parser warnings: - Extra text detected before JSON object
Trajectory dumped to jobs/topup5/mrbeast-analysis__Xc85uDy/agent/trajectory.json
Parser warnings: - Extra text detected before JSON object
Trajectory dumped to jobs/topup5/mrbeast-analysis__Xc85uDy/agent/trajectory.json
Trajectory dumped to jobs/topup5/mrbeast-analysis__Xc85uDy/agent/trajectory.json
Parser warnings: - Extra text detected before JSON object
Trajectory dumped to jobs/topup5/mrbeast-analysis__Xc85uDy/agent/trajectory.json
Parser warnings: - Extra text detected before JSON object
Trajectory dumped to jobs/topup5/mrbeast-analysis__Xc85uDy/agent/trajectory.json
Parser warnings: - Extra text detected before JSON object
Trajectory dumped to jobs/topup5/mrbeast-analysis__Xc85uDy/agent/trajectory.json
Parser warnings: - Extra text detected before JSON object
Trajectory dumped to jobs/topup5/mrbeast-analysis__Xc85uDy/agent/trajectory.json
Parser warnings: - Extra text detected before JSON object
Trajectory dumped to jobs/topup5/mrbeast-analysis__Xc85uDy/agent/trajectory.json
Parser warnings: - Extra text detected before JSON object
Trajectory dumped to jobs/topup5/mrbeast-analysis__Xc85uDy/agent/trajectory.json
Parser warnings: - Extra text detected before JSON object
Trajectory dumped to jobs/topup5/mrbeast-analysis__Xc85uDy/agent/trajectory.json
Parser warnings: - Extra text detected before JSON object
Trajectory dumped to jobs/topup5/mrbeast-analysis__Xc85uDy/agent/trajectory.json
Parser warnings: - Extra text detected before JSON object
Trajectory dumped to jobs/topup5/mrbeast-analysis__Xc85uDy/agent/trajectory.json
Parser warnings: - Extra text detected before JSON object
Trajectory dumped to jobs/topup5/mrbeast-analysis__Xc85uDy/agent/trajectory.json
Parser warnings: - Extra text detected before JSON object
Trajectory dumped to jobs/topup5/mrbeast-analysis__Xc85uDy/agent/trajectory.json
Parser warnings: - Extra text detected before JSON object
Trajectory dumped to jobs/topup5/mrbeast-analysis__Xc85uDy/agent/trajectory.json
Parser warnings: - Extra text detected before JSON object
Trajectory dumped to jobs/topup5/mrbeast-analysis__Xc85uDy/agent/trajectory.json
Parser warnings: - Extra text detected before JSON object
Trajectory dumped to jobs/topup5/mrbeast-analysis__Xc85uDy/agent/trajectory.json
Parser warnings: - Extra text detected before JSON object
Trajectory dumped to jobs/topup5/mrbeast-analysis__Xc85uDy/agent/trajectory.json
Parser warnings: - Extra text detected before JSON object
Trajectory dumped to jobs/topup5/mrbeast-analysis__Xc85uDy/agent/trajectory.json
Parser warnings: - Extra text detected before JSON object
- Command 1 should end with newline when followed by another command. Otherwise the two commands will be concatenated together on the same line.
Trajectory dumped to jobs/topup5/mrbeast-analysis__Xc85uDy/agent/trajectory.json
Parser warnings: - Extra text detected before JSON object
Trajectory dumped to jobs/topup5/mrbeast-analysis__Xc85uDy/agent/trajectory.json
Parser warnings: - Extra text detected before JSON object
Trajectory dumped to jobs/topup5/mrbeast-analysis__Xc85uDy/agent/trajectory.json
Parser warnings: - Extra text detected before JSON object
- Command 2 should end with newline when followed by another command. Otherwise the two commands will be concatenated together on the same line.
Trajectory dumped to jobs/topup5/mrbeast-analysis__Xc85uDy/agent/trajectory.json
Parser warnings: - Extra text detected before JSON object
- Command 1 should end with newline when followed by another command. Otherwise the two commands will be concatenated together on the same line.
Trajectory dumped to jobs/topup5/mrbeast-analysis__Xc85uDy/agent/trajectory.json
Parser warnings: - Extra text detected before JSON object
Trajectory dumped to jobs/topup5/mrbeast-analysis__Xc85uDy/agent/trajectory.json
Parser warnings: - Extra text detected before JSON object
- Command 1 should end with newline when followed by another command. Otherwise the two commands will be concatenated together on the same line.
- Command 2 should end with newline when followed by another command. Otherwise the two commands will be concatenated together on the same line.
- Command 3 should end with newline when followed by another command. Otherwise the two commands will be concatenated together on the same line.
- Command 4 should end with newline when followed by another command. Otherwise the two commands will be concatenated together on the same line.
Trajectory dumped to jobs/topup5/mrbeast-analysis__Xc85uDy/agent/trajectory.json
Parser warnings: - Extra text detected before JSON object
Trajectory dumped to jobs/topup5/mrbeast-analysis__Xc85uDy/agent/trajectory.json
Parser warnings: - Extra text detected before JSON object
Trajectory dumped to jobs/topup5/mrbeast-analysis__Xc85uDy/agent/trajectory.json
Parser warnings: - Extra text detected before JSON object
Trajectory dumped to jobs/topup5/mrbeast-analysis__Xc85uDy/agent/trajectory.json
Parser warnings: - Extra text detected before JSON object
- Command 1 should end with newline when followed by another command. Otherwise the two commands will be concatenated together on the same line.
Trajectory dumped to jobs/topup5/mrbeast-analysis__Xc85uDy/agent/trajectory.json
Parser warnings: - Extra text detected before JSON object
Trajectory dumped to jobs/topup5/mrbeast-analysis__Xc85uDy/agent/trajectory.json
Parser warnings: - Extra text detected before JSON object
Trajectory dumped to jobs/topup5/mrbeast-analysis__Xc85uDy/agent/trajectory.json
Parser warnings: - Extra text detected before JSON object
Trajectory dumped to jobs/topup5/mrbeast-analysis__Xc85uDy/agent/trajectory.json
Parser warnings: - Extra text detected before JSON object
- Command 1 should end with newline when followed by another command. Otherwise the two commands will be concatenated together on the same line.
- Command 2 should end with newline when followed by another command. Otherwise the two commands will be concatenated together on the same line.
Trajectory dumped to jobs/topup5/mrbeast-analysis__Xc85uDy/agent/trajectory.json
Parser warnings: - Extra text detected before JSON object
Trajectory dumped to jobs/topup5/mrbeast-analysis__Xc85uDy/agent/trajectory.json
Parser warnings: - Extra text detected before JSON object
- Command 1 should end with newline when followed by another command. Otherwise the two commands will be concatenated together on the same line.
Trajectory dumped to jobs/topup5/mrbeast-analysis__Xc85uDy/agent/trajectory.json
Parser warnings: - Extra text detected before JSON object
- Command 1 should end with newline when followed by another command. Otherwise the two commands will be concatenated together on the same line.
- Command 2 should end with newline when followed by another command. Otherwise the two commands will be concatenated together on the same line.
- Command 3 should end with newline when followed by another command. Otherwise the two commands will be concatenated together on the same line.
- Command 4 should end with newline when followed by another command. Otherwise the two commands will be concatenated together on the same line.
- Command 5 should end with newline when followed by another command. Otherwise the two commands will be concatenated together on the same line.
- Command 6 should end with newline when followed by another command. Otherwise the two commands will be concatenated together on the same line.
- Command 7 should end with newline when followed by another command. Otherwise the two commands will be concatenated together on the same line.
- Command 8 should end with newline when followed by another command. Otherwise the two commands will be concatenated together on the same line.
- Command 9 should end with newline when followed by another command. Otherwise the two commands will be concatenated together on the same line.
Trajectory dumped to jobs/topup5/mrbeast-analysis__Xc85uDy/agent/trajectory.json
Parser warnings: - Extra text detected before JSON object
Trajectory dumped to jobs/topup5/mrbeast-analysis__Xc85uDy/agent/trajectory.json
Parser warnings: - Extra text detected before JSON object
Trajectory dumped to jobs/topup5/mrbeast-analysis__Xc85uDy/agent/trajectory.json
Parser warnings: - Extra text detected before JSON object
Trajectory dumped to jobs/topup5/mrbeast-analysis__Xc85uDy/agent/trajectory.json
Parser warnings: - Extra text detected before JSON object
Trajectory dumped to jobs/topup5/mrbeast-analysis__Xc85uDy/agent/trajectory.json
Parser warnings: - Extra text detected before JSON object
Trajectory dumped to jobs/topup5/mrbeast-analysis__Xc85uDy/agent/trajectory.json
Parser warnings: - Extra text detected before JSON object
Trajectory dumped to jobs/topup5/mrbeast-analysis__Xc85uDy/agent/trajectory.json
Parser warnings: - Extra text detected before JSON object
Trajectory dumped to jobs/topup5/mrbeast-analysis__Xc85uDy/agent/trajectory.json
Parser warnings: - Extra text detected before JSON object
Trajectory dumped to jobs/topup5/mrbeast-analysis__Xc85uDy/agent/trajectory.json
Parser warnings: - Extra text detected before JSON object
Trajectory dumped to jobs/topup5/mrbeast-analysis__Xc85uDy/agent/trajectory.json
Parser warnings: - Extra text detected before JSON object
Trajectory dumped to jobs/topup5/mrbeast-analysis__Xc85uDy/agent/trajectory.json
Parser warnings: - Extra text detected before JSON object
Trajectory dumped to jobs/topup5/mrbeast-analysis__Xc85uDy/agent/trajectory.json
Parser warnings: - Extra text detected before JSON object
Trajectory dumped to jobs/topup5/mrbeast-analysis__Xc85uDy/agent/trajectory.json
Parser warnings: - Extra text detected before JSON object
- Command 1 should end with newline when followed by another command. Otherwise the two commands will be concatenated together on the same line.
Trajectory dumped to jobs/topup5/mrbeast-analysis__Xc85uDy/agent/trajectory.json
Parser warnings: - Extra text detected before JSON object
- Command 1 should end with newline when followed by another command. Otherwise the two commands will be concatenated together on the same line.
Trajectory dumped to jobs/topup5/mrbeast-analysis__Xc85uDy/agent/trajectory.json
Parser warnings: - Extra text detected before JSON object
- Command 1 should end with newline when followed by another command. Otherwise the two commands will be concatenated together on the same line.
Trajectory dumped to jobs/topup5/mrbeast-analysis__Xc85uDy/agent/trajectory.json
Parser warnings: - Extra text detected before JSON object
Trajectory dumped to jobs/topup5/mrbeast-analysis__Xc85uDy/agent/trajectory.json
Parser warnings: - Extra text detected before JSON object
Trajectory dumped to jobs/topup5/mrbeast-analysis__Xc85uDy/agent/trajectory.json
Parser warnings: - Extra text detected before JSON object
Trajectory dumped to jobs/topup5/mrbeast-analysis__Xc85uDy/agent/trajectory.json
Parser warnings: - Extra text detected before JSON object
Trajectory dumped to jobs/topup5/mrbeast-analysis__Xc85uDy/agent/trajectory.json
Parser warnings: - Extra text detected before JSON object
Trajectory dumped to jobs/topup5/mrbeast-analysis__Xc85uDy/agent/trajectory.json
Parser warnings: - Extra text detected before JSON object
Trajectory dumped to jobs/topup5/mrbeast-analysis__Xc85uDy/agent/trajectory.json
Trajectory dumped to jobs/topup5/mrbeast-analysis__Xc85uDy/agent/trajectory.json
Parser warnings: - Extra text detected before JSON object
Trajectory dumped to jobs/topup5/mrbeast-analysis__Xc85uDy/agent/trajectory.json
Parser warnings: - Extra text detected before JSON object
Trajectory dumped to jobs/topup5/mrbeast-analysis__Xc85uDy/agent/trajectory.json
Parser warnings: - Extra text detected before JSON object
- Command 1 should end with newline when followed by another command. Otherwise the two commands will be concatenated together on the same line.
Trajectory dumped to jobs/topup5/mrbeast-analysis__Xc85uDy/agent/trajectory.json
Parser warnings: - Extra text detected before JSON object
Trajectory dumped to jobs/topup5/mrbeast-analysis__Xc85uDy/agent/trajectory.json
Parser warnings: - Extra text detected before JSON object
Trajectory dumped to jobs/topup5/mrbeast-analysis__Xc85uDy/agent/trajectory.json
Parser warnings: - Extra text detected before JSON object
Trajectory dumped to jobs/topup5/mrbeast-analysis__Xc85uDy/agent/trajectory.json
Parser warnings: - Extra text detected before JSON object
Trajectory dumped to jobs/topup5/mrbeast-analysis__Xc85uDy/agent/trajectory.json
Parser warnings: - Extra text detected before JSON object
Trajectory dumped to jobs/topup5/mrbeast-analysis__Xc85uDy/agent/trajectory.json
Parser warnings: - Extra text detected before JSON object
Trajectory dumped to jobs/topup5/mrbeast-analysis__Xc85uDy/agent/trajectory.json
Parser warnings: - Extra text detected before JSON object
Parser warnings: - Extra text detected before JSON object
- Command 1 should end with newline when followed by another command. Otherwise the two commands will be concatenated together on the same line.
Trajectory dumped to jobs/topup5/mrbeast-analysis__Xc85uDy/agent/trajectory.json
Parser warnings: - Extra text detected before JSON object
Trajectory dumped to jobs/topup5/mrbeast-analysis__Xc85uDy/agent/trajectory.json
Parser warnings: - Extra text detected before JSON object
Trajectory dumped to jobs/topup5/mrbeast-analysis__Xc85uDy/agent/trajectory.json
Parser warnings: - Extra text detected before JSON object
Trajectory dumped to jobs/topup5/mrbeast-analysis__Xc85uDy/agent/trajectory.json
Parser warnings: - Extra text detected before JSON object
Trajectory dumped to jobs/topup5/mrbeast-analysis__Xc85uDy/agent/trajectory.json
Parser warnings: - Extra text detected before JSON object
Trajectory dumped to jobs/topup5/mrbeast-analysis__Xc85uDy/agent/trajectory.json
Trajectory dumped to jobs/topup5/mrbeast-analysis__Xc85uDy/agent/trajectory.json
Parser warnings: - Extra text detected before JSON object
Trajectory dumped to jobs/topup5/mrbeast-analysis__Xc85uDy/agent/trajectory.json
Parser warnings: - Extra text detected before JSON object
Trajectory dumped to jobs/topup5/mrbeast-analysis__Xc85uDy/agent/trajectory.json
Parser warnings: - Extra text detected before JSON object
Trajectory dumped to jobs/topup5/mrbeast-analysis__Xc85uDy/agent/trajectory.json
Parser warnings: - Extra text detected before JSON object
- Command 1 should end with newline when followed by another command. Otherwise the two commands will be concatenated together on the same line.
- Command 2 should end with newline when followed by another command. Otherwise the two commands will be concatenated together on the same line.
- Command 3 should end with newline when followed by another command. Otherwise the two commands will be concatenated together on the same line.
- Command 4 should end with newline when followed by another command. Otherwise the two commands will be concatenated together on the same line.
- Command 5 should end with newline when followed by another command. Otherwise the two commands will be concatenated together on the same line.
- Command 6 should end with newline when followed by another command. Otherwise the two commands will be concatenated together on the same line.
- Command 7 should end with newline when followed by another command. Otherwise the two commands will be concatenated together on the same line.
- Command 8 should end with newline when followed by another command. Otherwise the two commands will be concatenated together on the same line.
- Command 9 should end with newline when followed by another command. Otherwise the two commands will be concatenated together on the same line.
Trajectory dumped to jobs/topup5/mrbeast-analysis__Xc85uDy/agent/trajectory.json
Parser warnings: - Extra text detected before JSON object
Trajectory dumped to jobs/topup5/mrbeast-analysis__Xc85uDy/agent/trajectory.json
Parser warnings: - Extra text detected before JSON object
Trajectory dumped to jobs/topup5/mrbeast-analysis__Xc85uDy/agent/trajectory.json
Parser warnings: - Extra text detected before JSON object
- Command 1 should end with newline when followed by another command. Otherwise the two commands will be concatenated together on the same line.
Trajectory dumped to jobs/topup5/mrbeast-analysis__Xc85uDy/agent/trajectory.json
Parser warnings: - Extra text detected before JSON object
Trajectory dumped to jobs/topup5/mrbeast-analysis__Xc85uDy/agent/trajectory.json
Parser warnings: - Extra text detected before JSON object
Trajectory dumped to jobs/topup5/mrbeast-analysis__Xc85uDy/agent/trajectory.json
Parser warnings: - Extra text detected before JSON object
Trajectory dumped to jobs/topup5/mrbeast-analysis__Xc85uDy/agent/trajectory.json
Parser warnings: - Extra text detected before JSON object
Trajectory dumped to jobs/topup5/mrbeast-analysis__Xc85uDy/agent/trajectory.json
Parser warnings: - Extra text detected before JSON object
Trajectory dumped to jobs/topup5/mrbeast-analysis__Xc85uDy/agent/trajectory.json
Parser warnings: - Extra text detected before JSON object
- Command 1 should end with newline when followed by another command. Otherwise the two commands will be concatenated together on the same line.
Trajectory dumped to jobs/topup5/mrbeast-analysis__Xc85uDy/agent/trajectory.json
Trajectory dumped to jobs/topup5/mrbeast-analysis__Xc85uDy/agent/trajectory.json
Parser warnings: - Extra text detected before JSON object
Trajectory dumped to jobs/topup5/mrbeast-analysis__Xc85uDy/agent/trajectory.json
Parser warnings: - Extra text detected before JSON object
Trajectory dumped to jobs/topup5/mrbeast-analysis__Xc85uDy/agent/trajectory.json
Parser warnings: - Extra text detected before JSON object
Trajectory dumped to jobs/topup5/mrbeast-analysis__Xc85uDy/agent/trajectory.json
Parser warnings: - Extra text detected before JSON object
Trajectory dumped to jobs/topup5/mrbeast-analysis__Xc85uDy/agent/trajectory.json
Parser warnings: - Extra text detected before JSON object
Trajectory dumped to jobs/topup5/mrbeast-analysis__Xc85uDy/agent/trajectory.json
Parser warnings: - Extra text detected before JSON object
Trajectory dumped to jobs/topup5/mrbeast-analysis__Xc85uDy/agent/trajectory.json
Parser warnings: - Extra text detected before JSON object
Trajectory dumped to jobs/topup5/mrbeast-analysis__Xc85uDy/agent/trajectory.json
Parser warnings: - Extra text detected before JSON object
Trajectory dumped to jobs/topup5/mrbeast-analysis__Xc85uDy/agent/trajectory.json
Parser warnings: - Extra text detected before JSON object
Trajectory dumped to jobs/topup5/mrbeast-analysis__Xc85uDy/agent/trajectory.json
Parser warnings: - Extra text detected before JSON object
- Command 1 should end with newline when followed by another command. Otherwise the two commands will be concatenated together on the same line.
Trajectory dumped to jobs/topup5/mrbeast-analysis__Xc85uDy/agent/trajectory.json
Parser warnings: - Extra text detected before JSON object
Trajectory dumped to jobs/topup5/mrbeast-analysis__Xc85uDy/agent/trajectory.json
Parser warnings: - Extra text detected before JSON object
- Command 1 should end with newline when followed by another command. Otherwise the two commands will be concatenated together on the same line.
Trajectory dumped to jobs/topup5/mrbeast-analysis__Xc85uDy/agent/trajectory.json
Parser warnings: - Extra text detected before JSON object
Trajectory dumped to jobs/topup5/mrbeast-analysis__Xc85uDy/agent/trajectory.json
Parser warnings: - Extra text detected before JSON object
Trajectory dumped to jobs/topup5/mrbeast-analysis__Xc85uDy/agent/trajectory.json
Parser warnings: - Extra text detected before JSON object
Trajectory dumped to jobs/topup5/mrbeast-analysis__Xc85uDy/agent/trajectory.json
Parser warnings: - Extra text detected before JSON object
Trajectory dumped to jobs/topup5/mrbeast-analysis__Xc85uDy/agent/trajectory.json
Parser warnings: - Extra text detected before JSON object
- Command 1 should end with newline when followed by another command. Otherwise the two commands will be concatenated together on the same line.
Trajectory dumped to jobs/topup5/mrbeast-analysis__Xc85uDy/agent/trajectory.json
Parser warnings: - Extra text detected before JSON object
Trajectory dumped to jobs/topup5/mrbeast-analysis__Xc85uDy/agent/trajectory.json
Parser warnings: - Extra text detected before JSON object
Trajectory dumped to jobs/topup5/mrbeast-analysis__Xc85uDy/agent/trajectory.json
Parser warnings: - Extra text detected before JSON object
Trajectory dumped to jobs/topup5/mrbeast-analysis__Xc85uDy/agent/trajectory.json
Parser warnings: - Extra text detected before JSON object
- Command 1 should end with newline when followed by another command. Otherwise the two commands will be concatenated together on the same line.
Trajectory dumped to jobs/topup5/mrbeast-analysis__Xc85uDy/agent/trajectory.json
Trajectory dumped to jobs/topup5/mrbeast-analysis__Xc85uDy/agent/trajectory.json
Parser warnings: - Extra text detected before JSON object
Trajectory dumped to jobs/topup5/mrbeast-analysis__Xc85uDy/agent/trajectory.json
Parser warnings: - Extra text detected before JSON object
Trajectory dumped to jobs/topup5/mrbeast-analysis__Xc85uDy/agent/trajectory.json
Parser warnings: - Extra text detected before JSON object
- Command 1 should end with newline when followed by another command. Otherwise the two commands will be concatenated together on the same line.
Trajectory dumped to jobs/topup5/mrbeast-analysis__Xc85uDy/agent/trajectory.json
Parser warnings: - Extra text detected before JSON object
Trajectory dumped to jobs/topup5/mrbeast-analysis__Xc85uDy/agent/trajectory.json
Parser warnings: - Extra text detected before JSON object
Trajectory dumped to jobs/topup5/mrbeast-analysis__Xc85uDy/agent/trajectory.json
Trajectory dumped to jobs/topup5/mrbeast-analysis__Xc85uDy/agent/trajectory.json
Parser warnings: - Extra text detected before JSON object
Trajectory dumped to jobs/topup5/mrbeast-analysis__Xc85uDy/agent/trajectory.json
Parser warnings: - Extra text detected before JSON object
Trajectory dumped to jobs/topup5/mrbeast-analysis__Xc85uDy/agent/trajectory.json
Parser warnings: - Extra text detected before JSON object
Trajectory dumped to jobs/topup5/mrbeast-analysis__Xc85uDy/agent/trajectory.json
Parser warnings: - Extra text detected before JSON object
Trajectory dumped to jobs/topup5/mrbeast-analysis__Xc85uDy/agent/trajectory.json
Parser warnings: - Extra text detected before JSON object
Trajectory dumped to jobs/topup5/mrbeast-analysis__Xc85uDy/agent/trajectory.json
Parser warnings: - Extra text detected before JSON object
- Command 1 should end with newline when followed by another command. Otherwise the two commands will be concatenated together on the same line.
Trajectory dumped to jobs/topup5/mrbeast-analysis__Xc85uDy/agent/trajectory.json
Parser warnings: - Extra text detected before JSON object
- Command 1 should end with newline when followed by another command. Otherwise the two commands will be concatenated together on the same line.
Trajectory dumped to jobs/topup5/mrbeast-analysis__Xc85uDy/agent/trajectory.json
Parser warnings: - Extra text detected before JSON object
Trajectory dumped to jobs/topup5/mrbeast-analysis__Xc85uDy/agent/trajectory.json
Parser warnings: - Extra text detected before JSON object
Trajectory dumped to jobs/topup5/mrbeast-analysis__Xc85uDy/agent/trajectory.json
Parser warnings: - Extra text detected before JSON object
Trajectory dumped to jobs/topup5/mrbeast-analysis__Xc85uDy/agent/trajectory.json
Trajectory dumped to jobs/topup5/mrbeast-analysis__Xc85uDy/agent/trajectory.json
Parser warnings: - Extra text detected before JSON object
Trajectory dumped to jobs/topup5/mrbeast-analysis__Xc85uDy/agent/trajectory.json
Trajectory dumped to jobs/topup5/mrbeast-analysis__Xc85uDy/agent/trajectory.json
Parser warnings: - Extra text detected before JSON object
Trajectory dumped to jobs/topup5/mrbeast-analysis__Xc85uDy/agent/trajectory.json
Parser warnings: - Extra text detected before JSON object
- Command 1 should end with newline when followed by another command. Otherwise the two commands will be concatenated together on the same line.
Trajectory dumped to jobs/topup5/mrbeast-analysis__Xc85uDy/agent/trajectory.json
Parser warnings: - Extra text detected before JSON object
Trajectory dumped to jobs/topup5/mrbeast-analysis__Xc85uDy/agent/trajectory.json
Parser warnings: - Extra text detected before JSON object
- Command 1 should end with newline when followed by another command. Otherwise the two commands will be concatenated together on the same line.
Trajectory dumped to jobs/topup5/mrbeast-analysis__Xc85uDy/agent/trajectory.json
Parser warnings: - Extra text detected before JSON object
Trajectory dumped to jobs/topup5/mrbeast-analysis__Xc85uDy/agent/trajectory.json
Parser warnings: - Extra text detected before JSON object
Trajectory dumped to jobs/topup5/mrbeast-analysis__Xc85uDy/agent/trajectory.json
Parser warnings: - Extra text detected before JSON object
Trajectory dumped to jobs/topup5/mrbeast-analysis__Xc85uDy/agent/trajectory.json
Parser warnings: - Extra text detected before JSON object
Trajectory dumped to jobs/topup5/mrbeast-analysis__Xc85uDy/agent/trajectory.json
Parser warnings: - Extra text detected before JSON object
Trajectory dumped to jobs/topup5/mrbeast-analysis__Xc85uDy/agent/trajectory.json
Trajectory dumped to jobs/topup5/mrbeast-analysis__Xc85uDy/agent/trajectory.json
Parser warnings: - Command 1 should end with newline when followed by another command. Otherwise the two commands will be concatenated together on the same line.
Trajectory dumped to jobs/topup5/mrbeast-analysis__Xc85uDy/agent/trajectory.json
Trajectory dumped to jobs/topup5/mrbeast-analysis__Xc85uDy/agent/trajectory.json
Parser warnings: - Extra text detected before JSON object
Trajectory dumped to jobs/topup5/mrbeast-analysis__Xc85uDy/agent/trajectory.json
Parser warnings: - Command 1 should end with newline when followed by another command. Otherwise the two commands will be concatenated together on the same line.
Trajectory dumped to jobs/topup5/mrbeast-analysis__Xc85uDy/agent/trajectory.json
Parser warnings: - Extra text detected before JSON object
Trajectory dumped to jobs/topup5/mrbeast-analysis__Xc85uDy/agent/trajectory.json
Parser warnings: - Extra text detected before JSON object
Trajectory dumped to jobs/topup5/mrbeast-analysis__Xc85uDy/agent/trajectory.json
Trajectory dumped to jobs/topup5/mrbeast-analysis__Xc85uDy/agent/trajectory.json
Parser warnings: - Extra text detected before JSON object
Trajectory dumped to jobs/topup5/mrbeast-analysis__Xc85uDy/agent/trajectory.json
Parser warnings: - Command 1 should end with newline when followed by another command. Otherwise the two commands will be concatenated together on the same line.
Trajectory dumped to jobs/topup5/mrbeast-analysis__Xc85uDy/agent/trajectory.json
Parser warnings: - Extra text detected before JSON object
Trajectory dumped to jobs/topup5/mrbeast-analysis__Xc85uDy/agent/trajectory.json
Parser warnings: - Extra text detected before JSON object
Trajectory dumped to jobs/topup5/mrbeast-analysis__Xc85uDy/agent/trajectory.json
Parser warnings: - Extra text detected before JSON object
Trajectory dumped to jobs/topup5/mrbeast-analysis__Xc85uDy/agent/trajectory.json
Parser warnings: - Extra text detected before JSON object
Trajectory dumped to jobs/topup5/mrbeast-analysis__Xc85uDy/agent/trajectory.json
Parser warnings: - AUTO-CORRECTED: Extracted JSON from mixed content - please fix this in future responses
Trajectory dumped to jobs/topup5/mrbeast-analysis__Xc85uDy/agent/trajectory.json
Parser warnings: - Extra text detected before JSON object
Trajectory dumped to jobs/topup5/mrbeast-analysis__Xc85uDy/agent/trajectory.json
Parser warnings: - Extra text detected before JSON object
Trajectory dumped to jobs/topup5/mrbeast-analysis__Xc85uDy/agent/trajectory.json
Parser warnings: - Extra text detected before JSON object
Trajectory dumped to jobs/topup5/mrbeast-analysis__Xc85uDy/agent/trajectory.json
Trajectory dumped to jobs/topup5/mrbeast-analysis__Xc85uDy/agent/trajectory.json
Parser warnings: - Extra text detected before JSON object
Trajectory dumped to jobs/topup5/mrbeast-analysis__Xc85uDy/agent/trajectory.json
Parser warnings: - Extra text detected before JSON object
Trajectory dumped to jobs/topup5/mrbeast-analysis__Xc85uDy/agent/trajectory.json
Parser warnings: - Extra text detected before JSON object
- Command 1 should end with newline when followed by another command. Otherwise the two commands will be concatenated together on the same line.
Trajectory dumped to jobs/topup5/mrbeast-analysis__Xc85uDy/agent/trajectory.json
Parser warnings: - Extra text detected before JSON object
Trajectory dumped to jobs/topup5/mrbeast-analysis__Xc85uDy/agent/trajectory.json
Parser warnings: - Command 1 should end with newline when followed by another command. Otherwise the two commands will be concatenated together on the same line.
Trajectory dumped to jobs/topup5/mrbeast-analysis__Xc85uDy/agent/trajectory.json
Parser warnings: - Extra text detected before JSON object
Trajectory dumped to jobs/topup5/mrbeast-analysis__Xc85uDy/agent/trajectory.json
Parser warnings: - Extra text detected before JSON object
Trajectory dumped to jobs/topup5/mrbeast-analysis__Xc85uDy/agent/trajectory.json
Parser warnings: - Extra text detected before JSON object
Trajectory dumped to jobs/topup5/mrbeast-analysis__Xc85uDy/agent/trajectory.json
Parser warnings: - Extra text detected before JSON object
Trajectory dumped to jobs/topup5/mrbeast-analysis__Xc85uDy/agent/trajectory.json
Parser warnings: - Extra text detected before JSON object
Trajectory dumped to jobs/topup5/mrbeast-analysis__Xc85uDy/agent/trajectory.json
Trajectory dumped to jobs/topup5/mrbeast-analysis__Xc85uDy/agent/trajectory.json
Trajectory dumped to jobs/topup5/mrbeast-analysis__Xc85uDy/agent/trajectory.json
Collecting main service artifacts
