Skipping image OS validation for hb__aa27b96be996cb1c8f1047ba0b1bee5d: docker inspect returned 1
Running healthcheck: test -f /var/run/toolathlon/ready
Healthcheck failed (rc=1, in_start_period=True)
Healthcheck failed (rc=1, in_start_period=True)
Healthcheck failed (rc=1, in_start_period=False)
Healthcheck failed (rc=1, in_start_period=False)
Healthcheck failed (rc=1, in_start_period=False)
Healthcheck failed (rc=1, in_start_period=False)
Healthcheck failed (rc=1, in_start_period=False)
Healthcheck failed (rc=1, in_start_period=False)
Healthcheck failed (rc=1, in_start_period=False)
Healthcheck failed (rc=1, in_start_period=False)
Healthcheck failed (rc=1, in_start_period=False)
Healthcheck failed (rc=1, in_start_period=False)
Healthcheck failed (rc=1, in_start_period=False)
Healthcheck failed (rc=1, in_start_period=False)
Healthcheck failed (rc=1, in_start_period=False)
Healthcheck failed (rc=1, in_start_period=False)
Healthcheck failed (rc=1, in_start_period=False)
Healthcheck failed (rc=1, in_start_period=False)
Healthcheck failed (rc=1, in_start_period=False)
Healthcheck failed (rc=1, in_start_period=False)
Healthcheck failed (rc=1, in_start_period=False)
Healthcheck failed (rc=1, in_start_period=False)
Healthcheck failed (rc=1, in_start_period=False)
Healthcheck failed (rc=1, in_start_period=False)
Healthcheck failed (rc=1, in_start_period=False)
Healthcheck failed (rc=1, in_start_period=False)
Healthcheck failed (rc=1, in_start_period=False)
Healthcheck failed (rc=1, in_start_period=False)
Healthcheck failed (rc=1, in_start_period=False)
Healthcheck failed (rc=1, in_start_period=False)
Healthcheck failed (rc=1, in_start_period=False)
Healthcheck failed (rc=1, in_start_period=False)
Healthcheck failed (rc=1, in_start_period=False)
Healthcheck failed (rc=1, in_start_period=False)
Healthcheck failed (rc=1, in_start_period=False)
Healthcheck failed (rc=1, in_start_period=False)
Healthcheck failed (rc=1, in_start_period=False)
Healthcheck failed (rc=1, in_start_period=False)
Healthcheck failed (rc=1, in_start_period=False)
Healthcheck failed (rc=1, in_start_period=False)
Healthcheck failed (rc=1, in_start_period=False)
Healthcheck failed (rc=1, in_start_period=False)
Healthcheck failed (rc=1, in_start_period=False)
Healthcheck failed (rc=1, in_start_period=False)
Healthcheck failed (rc=1, in_start_period=False)
Healthcheck failed (rc=1, in_start_period=False)
Healthcheck failed (rc=1, in_start_period=False)
Healthcheck failed (rc=1, in_start_period=False)
Healthcheck failed (rc=1, in_start_period=False)
Healthcheck failed (rc=1, in_start_period=False)
Healthcheck failed (rc=1, in_start_period=False)
Healthcheck failed (rc=1, in_start_period=False)
Healthcheck failed (rc=1, in_start_period=False)
Healthcheck failed (rc=1, in_start_period=False)
Healthcheck failed (rc=1, in_start_period=False)
Healthcheck failed (rc=1, in_start_period=False)
Healthcheck failed (rc=1, in_start_period=False)
Healthcheck failed (rc=1, in_start_period=False)
Healthcheck failed (rc=1, in_start_period=False)
Healthcheck failed (rc=1, in_start_period=False)
Healthcheck failed (rc=1, in_start_period=False)
Healthcheck failed (rc=1, in_start_period=False)
Trial dataset-license-issue__dJSva6S failed: Healthcheck failed after 60 consecutive retries: test -f /var/run/toolathlon/ready
Collecting main service artifacts
