Skipping image OS validation for hb__a9df7ef8ba3a008b0a76ceec5b947cbc: docker inspect returned 1
Running healthcheck: test -f /var/run/toolathlon/ready
Healthcheck passed
Parser warnings: - Extra text detected before JSON object
Trajectory dumped to jobs/qwen5x-batch2/add-bibtex__HYWeE7Y/agent/trajectory.json
Parser warnings: - Extra text detected before JSON object
- Extra text detected after JSON object
Parser warnings: - Extra text detected before JSON object
- Extra text detected after JSON object
Trajectory dumped to jobs/qwen5x-batch2/add-bibtex__HYWeE7Y/agent/trajectory.json
Parser warnings: - Extra text detected before JSON object
Trajectory dumped to jobs/qwen5x-batch2/add-bibtex__HYWeE7Y/agent/trajectory.json
Parser warnings: - Extra text detected before JSON object
Trajectory dumped to jobs/qwen5x-batch2/add-bibtex__HYWeE7Y/agent/trajectory.json
Parser warnings: - Extra text detected before JSON object
Trajectory dumped to jobs/qwen5x-batch2/add-bibtex__HYWeE7Y/agent/trajectory.json
Parser warnings: - Extra text detected before JSON object
Trajectory dumped to jobs/qwen5x-batch2/add-bibtex__HYWeE7Y/agent/trajectory.json
Trial add-bibtex__HYWeE7Y failed: add-bibtex__HYWeE7Y__env: failed to send non-blocking keys: command='tmux send-keys -t terminus-2 -- \'curl -sL \'"\'"\'https://arxiv.org/abs/2312.16034\'"\'"\' 2>/dev/, return_code=1, stderr=None, stdout='request returned 500 Internal Server Error for API route and version http://%2FUsers%2Fchili%2F.docker%2Frun%2Fdocker.sock/v1.54/containers/json?filters=%7B%22label%22%3A%7B%22com.docker.compose.config-hash%22%3Atrue%2C%22com.docker.compose.project%3Dadd-bibtex__hywee7y__env%22%3Atrue%2C%22com.docker.compose.service%3Dmain%22%3Atrue%7D%7D, check if the server supports the requested API version\n'
Collecting main service artifacts
Docker compose down failed: Docker compose command failed for environment add-bibtex. Command: docker compose --project-name add-bibtex__hywee7y__env --project-directory /Users/chili/Projects/self-evolve/datasets/toolathlon/add-bibtex/environment -f /private/var/folders/qs/wcbkf5sx6zl5w5n9226c88n40000gp/T/tmpd5wlwi_n/add-bibtex__HYWeE7Y__env-docker-compose-resources.json -f /Users/chili/Projects/self-evolve/.venv/lib/python3.13/site-packages/harbor/environments/docker/docker-compose-build.yaml -f /private/var/folders/qs/wcbkf5sx6zl5w5n9226c88n40000gp/T/tmp8mp3l4bv/docker-compose-environment.json -f /private/var/folders/qs/wcbkf5sx6zl5w5n9226c88n40000gp/T/tmpuxuqe427/docker-compose-mounts.json down --rmi local --volumes --remove-orphans. Return code: 1. Stdout: request returned 500 Internal Server Error for API route and version http://%2FUsers%2Fchili%2F.docker%2Frun%2Fdocker.sock/v1.54/containers/json?all=1&filters=%7B%22label%22%3A%7B%22com.docker.compose.config-hash%22%3Atrue%2C%22com.docker.compose.project%3Dadd-bibtex__hywee7y__env%22%3Atrue%7D%7D, check if the server supports the requested API version
. Stderr: None. 
