Skipping image OS validation for hb__eef4e2cd56bc9841b40dad2b668dc56c: docker inspect returned 1
Running healthcheck: test -f /var/run/toolathlon/ready
Healthcheck passed
Parser warnings: - Extra text detected before JSON object
Trajectory dumped to jobs/topup5/nvidia-market__gUeTUXC/agent/trajectory.json
Parser warnings: - Extra text detected before JSON object
Trajectory dumped to jobs/topup5/nvidia-market__gUeTUXC/agent/trajectory.json
Parser warnings: - Extra text detected before JSON object
Trajectory dumped to jobs/topup5/nvidia-market__gUeTUXC/agent/trajectory.json
Parser warnings: - Extra text detected before JSON object
Trajectory dumped to jobs/topup5/nvidia-market__gUeTUXC/agent/trajectory.json
Parser warnings: - Extra text detected before JSON object
Trajectory dumped to jobs/topup5/nvidia-market__gUeTUXC/agent/trajectory.json
Parser warnings: - Extra text detected before JSON object
Trajectory dumped to jobs/topup5/nvidia-market__gUeTUXC/agent/trajectory.json
Parser warnings: - Extra text detected before JSON object
Trajectory dumped to jobs/topup5/nvidia-market__gUeTUXC/agent/trajectory.json
Parser warnings: - Extra text detected before JSON object
Trajectory dumped to jobs/topup5/nvidia-market__gUeTUXC/agent/trajectory.json
Parser warnings: - Extra text detected before JSON object
Trajectory dumped to jobs/topup5/nvidia-market__gUeTUXC/agent/trajectory.json
Parser warnings: - Extra text detected before JSON object
Trajectory dumped to jobs/topup5/nvidia-market__gUeTUXC/agent/trajectory.json
Parser warnings: - Extra text detected before JSON object
Trajectory dumped to jobs/topup5/nvidia-market__gUeTUXC/agent/trajectory.json
Parser warnings: - Extra text detected before JSON object
Trajectory dumped to jobs/topup5/nvidia-market__gUeTUXC/agent/trajectory.json
Parser warnings: - Extra text detected before JSON object
Trajectory dumped to jobs/topup5/nvidia-market__gUeTUXC/agent/trajectory.json
Parser warnings: - Extra text detected before JSON object
Trajectory dumped to jobs/topup5/nvidia-market__gUeTUXC/agent/trajectory.json
Parser warnings: - Extra text detected before JSON object
Trajectory dumped to jobs/topup5/nvidia-market__gUeTUXC/agent/trajectory.json
Parser warnings: - Extra text detected before JSON object
Trajectory dumped to jobs/topup5/nvidia-market__gUeTUXC/agent/trajectory.json
Parser warnings: - Extra text detected before JSON object
Trajectory dumped to jobs/topup5/nvidia-market__gUeTUXC/agent/trajectory.json
Parser warnings: - Extra text detected before JSON object
Trajectory dumped to jobs/topup5/nvidia-market__gUeTUXC/agent/trajectory.json
Parser warnings: - Extra text detected before JSON object
Trajectory dumped to jobs/topup5/nvidia-market__gUeTUXC/agent/trajectory.json
Parser warnings: - Extra text detected before JSON object
Trajectory dumped to jobs/topup5/nvidia-market__gUeTUXC/agent/trajectory.json
Parser warnings: - Extra text detected before JSON object
Trajectory dumped to jobs/topup5/nvidia-market__gUeTUXC/agent/trajectory.json
Parser warnings: - Extra text detected before JSON object
Trajectory dumped to jobs/topup5/nvidia-market__gUeTUXC/agent/trajectory.json
Parser warnings: - Extra text detected before JSON object
Trajectory dumped to jobs/topup5/nvidia-market__gUeTUXC/agent/trajectory.json
Parser warnings: - Extra text detected before JSON object
Trajectory dumped to jobs/topup5/nvidia-market__gUeTUXC/agent/trajectory.json
Parser warnings: - Extra text detected before JSON object
Trajectory dumped to jobs/topup5/nvidia-market__gUeTUXC/agent/trajectory.json
Parser warnings: - Extra text detected before JSON object
Trajectory dumped to jobs/topup5/nvidia-market__gUeTUXC/agent/trajectory.json
Trajectory dumped to jobs/topup5/nvidia-market__gUeTUXC/agent/trajectory.json
Parser warnings: - Extra text detected before JSON object
Trajectory dumped to jobs/topup5/nvidia-market__gUeTUXC/agent/trajectory.json
Parser warnings: - Extra text detected before JSON object
Trajectory dumped to jobs/topup5/nvidia-market__gUeTUXC/agent/trajectory.json
Parser warnings: - Extra text detected before JSON object
Trajectory dumped to jobs/topup5/nvidia-market__gUeTUXC/agent/trajectory.json
Parser warnings: - Extra text detected before JSON object
Trajectory dumped to jobs/topup5/nvidia-market__gUeTUXC/agent/trajectory.json
Parser warnings: - Extra text detected before JSON object
Trajectory dumped to jobs/topup5/nvidia-market__gUeTUXC/agent/trajectory.json
Trajectory dumped to jobs/topup5/nvidia-market__gUeTUXC/agent/trajectory.json
Parser warnings: - Extra text detected before JSON object
Trajectory dumped to jobs/topup5/nvidia-market__gUeTUXC/agent/trajectory.json
Parser warnings: - Extra text detected before JSON object
Trajectory dumped to jobs/topup5/nvidia-market__gUeTUXC/agent/trajectory.json
Parser warnings: - Extra text detected before JSON object
Trajectory dumped to jobs/topup5/nvidia-market__gUeTUXC/agent/trajectory.json
Trajectory dumped to jobs/topup5/nvidia-market__gUeTUXC/agent/trajectory.json
Parser warnings: - Extra text detected before JSON object
Trajectory dumped to jobs/topup5/nvidia-market__gUeTUXC/agent/trajectory.json
Trajectory dumped to jobs/topup5/nvidia-market__gUeTUXC/agent/trajectory.json
Parser warnings: - Extra text detected before JSON object
Trajectory dumped to jobs/topup5/nvidia-market__gUeTUXC/agent/trajectory.json
Parser warnings: - Extra text detected before JSON object
Trajectory dumped to jobs/topup5/nvidia-market__gUeTUXC/agent/trajectory.json
Trajectory dumped to jobs/topup5/nvidia-market__gUeTUXC/agent/trajectory.json
Parser warnings: - Extra text detected before JSON object
Trajectory dumped to jobs/topup5/nvidia-market__gUeTUXC/agent/trajectory.json
Trajectory dumped to jobs/topup5/nvidia-market__gUeTUXC/agent/trajectory.json
Parser warnings: - Extra text detected before JSON object
Trajectory dumped to jobs/topup5/nvidia-market__gUeTUXC/agent/trajectory.json
Parser warnings: - Extra text detected before JSON object
- Extra text detected after JSON object
Parser warnings: - Extra text detected before JSON object
Trajectory dumped to jobs/topup5/nvidia-market__gUeTUXC/agent/trajectory.json
Parser warnings: - Extra text detected before JSON object
Trajectory dumped to jobs/topup5/nvidia-market__gUeTUXC/agent/trajectory.json
Parser warnings: - Extra text detected before JSON object
Trajectory dumped to jobs/topup5/nvidia-market__gUeTUXC/agent/trajectory.json
Parser warnings: - Extra text detected before JSON object
Trajectory dumped to jobs/topup5/nvidia-market__gUeTUXC/agent/trajectory.json
Parser warnings: - Extra text detected before JSON object
Trajectory dumped to jobs/topup5/nvidia-market__gUeTUXC/agent/trajectory.json
Parser warnings: - Extra text detected before JSON object
Trajectory dumped to jobs/topup5/nvidia-market__gUeTUXC/agent/trajectory.json
Trajectory dumped to jobs/topup5/nvidia-market__gUeTUXC/agent/trajectory.json
Trajectory dumped to jobs/topup5/nvidia-market__gUeTUXC/agent/trajectory.json
Trajectory dumped to jobs/topup5/nvidia-market__gUeTUXC/agent/trajectory.json
Trajectory dumped to jobs/topup5/nvidia-market__gUeTUXC/agent/trajectory.json
Parser warnings: - Extra text detected before JSON object
Trajectory dumped to jobs/topup5/nvidia-market__gUeTUXC/agent/trajectory.json
Trajectory dumped to jobs/topup5/nvidia-market__gUeTUXC/agent/trajectory.json
Parser warnings: - Extra text detected before JSON object
Trajectory dumped to jobs/topup5/nvidia-market__gUeTUXC/agent/trajectory.json
Parser warnings: - Extra text detected before JSON object
Trajectory dumped to jobs/topup5/nvidia-market__gUeTUXC/agent/trajectory.json
Parser warnings: - Extra text detected before JSON object
Trajectory dumped to jobs/topup5/nvidia-market__gUeTUXC/agent/trajectory.json
Parser warnings: - Extra text detected before JSON object
- Command 1 should end with newline when followed by another command. Otherwise the two commands will be concatenated together on the same line.
- Command 2 should end with newline when followed by another command. Otherwise the two commands will be concatenated together on the same line.
Trajectory dumped to jobs/topup5/nvidia-market__gUeTUXC/agent/trajectory.json
Trajectory dumped to jobs/topup5/nvidia-market__gUeTUXC/agent/trajectory.json
Parser warnings: - Extra text detected before JSON object
Trajectory dumped to jobs/topup5/nvidia-market__gUeTUXC/agent/trajectory.json
Parser warnings: - Extra text detected before JSON object
Trajectory dumped to jobs/topup5/nvidia-market__gUeTUXC/agent/trajectory.json
Parser warnings: - Extra text detected before JSON object
Trajectory dumped to jobs/topup5/nvidia-market__gUeTUXC/agent/trajectory.json
Trajectory dumped to jobs/topup5/nvidia-market__gUeTUXC/agent/trajectory.json
Parser warnings: - Extra text detected before JSON object
Trajectory dumped to jobs/topup5/nvidia-market__gUeTUXC/agent/trajectory.json
Trajectory dumped to jobs/topup5/nvidia-market__gUeTUXC/agent/trajectory.json
Parser warnings: - Extra text detected before JSON object
Trajectory dumped to jobs/topup5/nvidia-market__gUeTUXC/agent/trajectory.json
Parser warnings: - Extra text detected before JSON object
Trajectory dumped to jobs/topup5/nvidia-market__gUeTUXC/agent/trajectory.json
Parser warnings: - Extra text detected before JSON object
Trajectory dumped to jobs/topup5/nvidia-market__gUeTUXC/agent/trajectory.json
Parser warnings: - Extra text detected before JSON object
Trajectory dumped to jobs/topup5/nvidia-market__gUeTUXC/agent/trajectory.json
Parser warnings: - Extra text detected before JSON object
Trajectory dumped to jobs/topup5/nvidia-market__gUeTUXC/agent/trajectory.json
Parser warnings: - Extra text detected before JSON object
Trajectory dumped to jobs/topup5/nvidia-market__gUeTUXC/agent/trajectory.json
Parser warnings: - Extra text detected before JSON object
Trajectory dumped to jobs/topup5/nvidia-market__gUeTUXC/agent/trajectory.json
Parser warnings: - Extra text detected before JSON object
Trajectory dumped to jobs/topup5/nvidia-market__gUeTUXC/agent/trajectory.json
Parser warnings: - Extra text detected before JSON object
Trajectory dumped to jobs/topup5/nvidia-market__gUeTUXC/agent/trajectory.json
Trajectory dumped to jobs/topup5/nvidia-market__gUeTUXC/agent/trajectory.json
Collecting main service artifacts
