Skipping image OS validation for hb__e1c31657594d24f35d2741c433d4e4c5: docker inspect returned 1
Running healthcheck: test -f /var/run/toolathlon/ready
Healthcheck failed (rc=1, in_start_period=True)
Healthcheck failed (rc=1, in_start_period=False)
Healthcheck failed (rc=1, in_start_period=False)
Healthcheck failed (rc=1, in_start_period=False)
Healthcheck passed
Parser warnings: - Extra text detected before JSON object
Trajectory dumped to jobs/topup5/course-assistant__3ZNCXCw/agent/trajectory.json
Parser warnings: - Extra text detected before JSON object
Trajectory dumped to jobs/topup5/course-assistant__3ZNCXCw/agent/trajectory.json
Parser warnings: - Extra text detected before JSON object
Trajectory dumped to jobs/topup5/course-assistant__3ZNCXCw/agent/trajectory.json
Parser warnings: - Extra text detected before JSON object
Trajectory dumped to jobs/topup5/course-assistant__3ZNCXCw/agent/trajectory.json
Parser warnings: - Extra text detected before JSON object
Trajectory dumped to jobs/topup5/course-assistant__3ZNCXCw/agent/trajectory.json
Parser warnings: - Extra text detected before JSON object
Trajectory dumped to jobs/topup5/course-assistant__3ZNCXCw/agent/trajectory.json
Parser warnings: - Extra text detected before JSON object
Trajectory dumped to jobs/topup5/course-assistant__3ZNCXCw/agent/trajectory.json
Trajectory dumped to jobs/topup5/course-assistant__3ZNCXCw/agent/trajectory.json
Collecting main service artifacts
