Skipping image OS validation for hb__7fa1174af8284969f0149e2e51b6763c: docker inspect returned 1
Running healthcheck: test -f /var/run/toolathlon/ready
Healthcheck passed
Parser warnings: - Extra text detected before JSON object
Trajectory dumped to jobs/topup3b/logical-datasets-collection__nV2vVrB/agent/trajectory.json
Parser warnings: - Extra text detected before JSON object
Trajectory dumped to jobs/topup3b/logical-datasets-collection__nV2vVrB/agent/trajectory.json
Parser warnings: - Extra text detected before JSON object
Trajectory dumped to jobs/topup3b/logical-datasets-collection__nV2vVrB/agent/trajectory.json
Parser warnings: - Extra text detected before JSON object
Trajectory dumped to jobs/topup3b/logical-datasets-collection__nV2vVrB/agent/trajectory.json
Parser warnings: - Extra text detected before JSON object
Trajectory dumped to jobs/topup3b/logical-datasets-collection__nV2vVrB/agent/trajectory.json
Parser warnings: - Extra text detected before JSON object
Trajectory dumped to jobs/topup3b/logical-datasets-collection__nV2vVrB/agent/trajectory.json
Parser warnings: - Extra text detected before JSON object
Trajectory dumped to jobs/topup3b/logical-datasets-collection__nV2vVrB/agent/trajectory.json
Parser warnings: - Extra text detected before JSON object
Trajectory dumped to jobs/topup3b/logical-datasets-collection__nV2vVrB/agent/trajectory.json
Parser warnings: - Extra text detected before JSON object
Trajectory dumped to jobs/topup3b/logical-datasets-collection__nV2vVrB/agent/trajectory.json
Parser warnings: - Extra text detected before JSON object
Trajectory dumped to jobs/topup3b/logical-datasets-collection__nV2vVrB/agent/trajectory.json
Parser warnings: - Extra text detected before JSON object
Trajectory dumped to jobs/topup3b/logical-datasets-collection__nV2vVrB/agent/trajectory.json
Parser warnings: - Extra text detected before JSON object
Trajectory dumped to jobs/topup3b/logical-datasets-collection__nV2vVrB/agent/trajectory.json
Parser warnings: - Extra text detected before JSON object
Trajectory dumped to jobs/topup3b/logical-datasets-collection__nV2vVrB/agent/trajectory.json
Parser warnings: - Extra text detected before JSON object
Trajectory dumped to jobs/topup3b/logical-datasets-collection__nV2vVrB/agent/trajectory.json
Parser warnings: - Extra text detected before JSON object
Trajectory dumped to jobs/topup3b/logical-datasets-collection__nV2vVrB/agent/trajectory.json
Parser warnings: - Extra text detected before JSON object
Trajectory dumped to jobs/topup3b/logical-datasets-collection__nV2vVrB/agent/trajectory.json
Parser warnings: - Extra text detected before JSON object
Trajectory dumped to jobs/topup3b/logical-datasets-collection__nV2vVrB/agent/trajectory.json
Parser warnings: - Extra text detected before JSON object
Trajectory dumped to jobs/topup3b/logical-datasets-collection__nV2vVrB/agent/trajectory.json
Trajectory dumped to jobs/topup3b/logical-datasets-collection__nV2vVrB/agent/trajectory.json
Parser warnings: - Extra text detected before JSON object
Trajectory dumped to jobs/topup3b/logical-datasets-collection__nV2vVrB/agent/trajectory.json
Parser warnings: - Extra text detected before JSON object
Trajectory dumped to jobs/topup3b/logical-datasets-collection__nV2vVrB/agent/trajectory.json
Parser warnings: - Extra text detected before JSON object
Trajectory dumped to jobs/topup3b/logical-datasets-collection__nV2vVrB/agent/trajectory.json
Parser warnings: - Extra text detected before JSON object
Trajectory dumped to jobs/topup3b/logical-datasets-collection__nV2vVrB/agent/trajectory.json
Parser warnings: - Extra text detected before JSON object
Trajectory dumped to jobs/topup3b/logical-datasets-collection__nV2vVrB/agent/trajectory.json
Trajectory dumped to jobs/topup3b/logical-datasets-collection__nV2vVrB/agent/trajectory.json
Parser warnings: - Extra text detected before JSON object
Trajectory dumped to jobs/topup3b/logical-datasets-collection__nV2vVrB/agent/trajectory.json
Parser warnings: - Extra text detected before JSON object
Trajectory dumped to jobs/topup3b/logical-datasets-collection__nV2vVrB/agent/trajectory.json
Parser warnings: - Extra text detected before JSON object
Trajectory dumped to jobs/topup3b/logical-datasets-collection__nV2vVrB/agent/trajectory.json
Parser warnings: - Extra text detected before JSON object
Trajectory dumped to jobs/topup3b/logical-datasets-collection__nV2vVrB/agent/trajectory.json
Parser warnings: - Extra text detected before JSON object
Trajectory dumped to jobs/topup3b/logical-datasets-collection__nV2vVrB/agent/trajectory.json
Parser warnings: - Extra text detected before JSON object
Trajectory dumped to jobs/topup3b/logical-datasets-collection__nV2vVrB/agent/trajectory.json
Parser warnings: - Extra text detected before JSON object
Trajectory dumped to jobs/topup3b/logical-datasets-collection__nV2vVrB/agent/trajectory.json
Trajectory dumped to jobs/topup3b/logical-datasets-collection__nV2vVrB/agent/trajectory.json
Trajectory dumped to jobs/topup3b/logical-datasets-collection__nV2vVrB/agent/trajectory.json
Trajectory dumped to jobs/topup3b/logical-datasets-collection__nV2vVrB/agent/trajectory.json
Parser warnings: - AUTO-CORRECTED: Extracted JSON from mixed content - please fix this in future responses
Trajectory dumped to jobs/topup3b/logical-datasets-collection__nV2vVrB/agent/trajectory.json
Parser warnings: - AUTO-CORRECTED: Extracted JSON from mixed content - please fix this in future responses
Trajectory dumped to jobs/topup3b/logical-datasets-collection__nV2vVrB/agent/trajectory.json
Parser warnings: - Extra text detected before JSON object
Trajectory dumped to jobs/topup3b/logical-datasets-collection__nV2vVrB/agent/trajectory.json
Parser warnings: - Extra text detected before JSON object
Trajectory dumped to jobs/topup3b/logical-datasets-collection__nV2vVrB/agent/trajectory.json
Parser warnings: - AUTO-CORRECTED: Extracted JSON from mixed content - please fix this in future responses
Trajectory dumped to jobs/topup3b/logical-datasets-collection__nV2vVrB/agent/trajectory.json
Trajectory dumped to jobs/topup3b/logical-datasets-collection__nV2vVrB/agent/trajectory.json
Collecting main service artifacts
