Skipping image OS validation for hb__d899112447484751b3d3c429077066c4: docker inspect returned 1
Running healthcheck: test -f /var/run/toolathlon/ready
Healthcheck passed
Parser warnings: - Extra text detected before JSON object
Trajectory dumped to jobs/topup3b/course-schedule__t8vDzWX/agent/trajectory.json
Parser warnings: - Extra text detected before JSON object
Trajectory dumped to jobs/topup3b/course-schedule__t8vDzWX/agent/trajectory.json
Parser warnings: - Extra text detected before JSON object
Trajectory dumped to jobs/topup3b/course-schedule__t8vDzWX/agent/trajectory.json
Parser warnings: - Extra text detected before JSON object
Trajectory dumped to jobs/topup3b/course-schedule__t8vDzWX/agent/trajectory.json
Parser warnings: - Extra text detected before JSON object
Trajectory dumped to jobs/topup3b/course-schedule__t8vDzWX/agent/trajectory.json
Parser warnings: - Extra text detected before JSON object
Trajectory dumped to jobs/topup3b/course-schedule__t8vDzWX/agent/trajectory.json
Parser warnings: - Extra text detected before JSON object
Trajectory dumped to jobs/topup3b/course-schedule__t8vDzWX/agent/trajectory.json
Parser warnings: - Extra text detected before JSON object
Trajectory dumped to jobs/topup3b/course-schedule__t8vDzWX/agent/trajectory.json
Parser warnings: - Extra text detected before JSON object
Trajectory dumped to jobs/topup3b/course-schedule__t8vDzWX/agent/trajectory.json
Parser warnings: - Extra text detected before JSON object
Trajectory dumped to jobs/topup3b/course-schedule__t8vDzWX/agent/trajectory.json
Parser warnings: - Extra text detected before JSON object
Trajectory dumped to jobs/topup3b/course-schedule__t8vDzWX/agent/trajectory.json
Parser warnings: - Extra text detected before JSON object
- Extra text detected after JSON object
Parser warnings: - Extra text detected before JSON object
Trajectory dumped to jobs/topup3b/course-schedule__t8vDzWX/agent/trajectory.json
Parser warnings: - Extra text detected before JSON object
Trajectory dumped to jobs/topup3b/course-schedule__t8vDzWX/agent/trajectory.json
Parser warnings: - Extra text detected before JSON object
Trajectory dumped to jobs/topup3b/course-schedule__t8vDzWX/agent/trajectory.json
Trajectory dumped to jobs/topup3b/course-schedule__t8vDzWX/agent/trajectory.json
Collecting main service artifacts
