Skipping image OS validation for hb__171574b169ba7f2515dd624e2e7cde0e: docker inspect returned 1
Running healthcheck: test -f /var/run/toolathlon/ready
Healthcheck passed
Parser warnings: - Extra text detected before JSON object
Trajectory dumped to jobs/qwen5x-batch2/mrbeast-analysis__QEMWWkX/agent/trajectory.json
Parser warnings: - Extra text detected before JSON object
Trajectory dumped to jobs/qwen5x-batch2/mrbeast-analysis__QEMWWkX/agent/trajectory.json
Parser warnings: - Extra text detected before JSON object
Trajectory dumped to jobs/qwen5x-batch2/mrbeast-analysis__QEMWWkX/agent/trajectory.json
Parser warnings: - Extra text detected before JSON object
Trajectory dumped to jobs/qwen5x-batch2/mrbeast-analysis__QEMWWkX/agent/trajectory.json
Parser warnings: - Extra text detected before JSON object
Trajectory dumped to jobs/qwen5x-batch2/mrbeast-analysis__QEMWWkX/agent/trajectory.json
Parser warnings: - Extra text detected before JSON object
Trajectory dumped to jobs/qwen5x-batch2/mrbeast-analysis__QEMWWkX/agent/trajectory.json
Parser warnings: - Extra text detected before JSON object
Trajectory dumped to jobs/qwen5x-batch2/mrbeast-analysis__QEMWWkX/agent/trajectory.json
Parser warnings: - Extra text detected before JSON object
Trajectory dumped to jobs/qwen5x-batch2/mrbeast-analysis__QEMWWkX/agent/trajectory.json
Parser warnings: - Extra text detected before JSON object
Trajectory dumped to jobs/qwen5x-batch2/mrbeast-analysis__QEMWWkX/agent/trajectory.json
Parser warnings: - Extra text detected before JSON object
Trajectory dumped to jobs/qwen5x-batch2/mrbeast-analysis__QEMWWkX/agent/trajectory.json
Parser warnings: - Extra text detected before JSON object
Trajectory dumped to jobs/qwen5x-batch2/mrbeast-analysis__QEMWWkX/agent/trajectory.json
Parser warnings: - Extra text detected before JSON object
Trajectory dumped to jobs/qwen5x-batch2/mrbeast-analysis__QEMWWkX/agent/trajectory.json
Parser warnings: - Extra text detected before JSON object
Trajectory dumped to jobs/qwen5x-batch2/mrbeast-analysis__QEMWWkX/agent/trajectory.json
Parser warnings: - Extra text detected before JSON object
Trajectory dumped to jobs/qwen5x-batch2/mrbeast-analysis__QEMWWkX/agent/trajectory.json
Parser warnings: - Extra text detected before JSON object
Trajectory dumped to jobs/qwen5x-batch2/mrbeast-analysis__QEMWWkX/agent/trajectory.json
Parser warnings: - Extra text detected before JSON object
Trajectory dumped to jobs/qwen5x-batch2/mrbeast-analysis__QEMWWkX/agent/trajectory.json
Parser warnings: - Extra text detected before JSON object
Trajectory dumped to jobs/qwen5x-batch2/mrbeast-analysis__QEMWWkX/agent/trajectory.json
Parser warnings: - Extra text detected before JSON object
Trajectory dumped to jobs/qwen5x-batch2/mrbeast-analysis__QEMWWkX/agent/trajectory.json
Parser warnings: - Extra text detected before JSON object
Trajectory dumped to jobs/qwen5x-batch2/mrbeast-analysis__QEMWWkX/agent/trajectory.json
Parser warnings: - Extra text detected before JSON object
Trajectory dumped to jobs/qwen5x-batch2/mrbeast-analysis__QEMWWkX/agent/trajectory.json
Parser warnings: - Extra text detected before JSON object
Trajectory dumped to jobs/qwen5x-batch2/mrbeast-analysis__QEMWWkX/agent/trajectory.json
Parser warnings: - Extra text detected before JSON object
Trajectory dumped to jobs/qwen5x-batch2/mrbeast-analysis__QEMWWkX/agent/trajectory.json
Parser warnings: - Extra text detected before JSON object
Trajectory dumped to jobs/qwen5x-batch2/mrbeast-analysis__QEMWWkX/agent/trajectory.json
Parser warnings: - Extra text detected before JSON object
Trajectory dumped to jobs/qwen5x-batch2/mrbeast-analysis__QEMWWkX/agent/trajectory.json
Parser warnings: - Extra text detected before JSON object
Trajectory dumped to jobs/qwen5x-batch2/mrbeast-analysis__QEMWWkX/agent/trajectory.json
Parser warnings: - Extra text detected before JSON object
Trajectory dumped to jobs/qwen5x-batch2/mrbeast-analysis__QEMWWkX/agent/trajectory.json
Parser warnings: - Extra text detected before JSON object
Trajectory dumped to jobs/qwen5x-batch2/mrbeast-analysis__QEMWWkX/agent/trajectory.json
Parser warnings: - Extra text detected before JSON object
Trajectory dumped to jobs/qwen5x-batch2/mrbeast-analysis__QEMWWkX/agent/trajectory.json
Parser warnings: - Extra text detected before JSON object
Trajectory dumped to jobs/qwen5x-batch2/mrbeast-analysis__QEMWWkX/agent/trajectory.json
Parser warnings: - Extra text detected before JSON object
Trajectory dumped to jobs/qwen5x-batch2/mrbeast-analysis__QEMWWkX/agent/trajectory.json
Parser warnings: - Extra text detected before JSON object
- Command 1 should end with newline when followed by another command. Otherwise the two commands will be concatenated together on the same line.
Trajectory dumped to jobs/qwen5x-batch2/mrbeast-analysis__QEMWWkX/agent/trajectory.json
Parser warnings: - Extra text detected before JSON object
Trajectory dumped to jobs/qwen5x-batch2/mrbeast-analysis__QEMWWkX/agent/trajectory.json
Parser warnings: - Extra text detected before JSON object
Trajectory dumped to jobs/qwen5x-batch2/mrbeast-analysis__QEMWWkX/agent/trajectory.json
Parser warnings: - Extra text detected before JSON object
Trajectory dumped to jobs/qwen5x-batch2/mrbeast-analysis__QEMWWkX/agent/trajectory.json
Parser warnings: - Extra text detected before JSON object
Trajectory dumped to jobs/qwen5x-batch2/mrbeast-analysis__QEMWWkX/agent/trajectory.json
Parser warnings: - Extra text detected before JSON object
Trajectory dumped to jobs/qwen5x-batch2/mrbeast-analysis__QEMWWkX/agent/trajectory.json
Parser warnings: - Extra text detected before JSON object
Trajectory dumped to jobs/qwen5x-batch2/mrbeast-analysis__QEMWWkX/agent/trajectory.json
Parser warnings: - Extra text detected before JSON object
Trajectory dumped to jobs/qwen5x-batch2/mrbeast-analysis__QEMWWkX/agent/trajectory.json
Parser warnings: - Extra text detected before JSON object
Trajectory dumped to jobs/qwen5x-batch2/mrbeast-analysis__QEMWWkX/agent/trajectory.json
Parser warnings: - Extra text detected before JSON object
Trajectory dumped to jobs/qwen5x-batch2/mrbeast-analysis__QEMWWkX/agent/trajectory.json
Parser warnings: - Extra text detected before JSON object
Trajectory dumped to jobs/qwen5x-batch2/mrbeast-analysis__QEMWWkX/agent/trajectory.json
Parser warnings: - Extra text detected before JSON object
Trajectory dumped to jobs/qwen5x-batch2/mrbeast-analysis__QEMWWkX/agent/trajectory.json
Parser warnings: - Extra text detected before JSON object
Trajectory dumped to jobs/qwen5x-batch2/mrbeast-analysis__QEMWWkX/agent/trajectory.json
Parser warnings: - Extra text detected before JSON object
Trajectory dumped to jobs/qwen5x-batch2/mrbeast-analysis__QEMWWkX/agent/trajectory.json
Parser warnings: - Extra text detected before JSON object
Trajectory dumped to jobs/qwen5x-batch2/mrbeast-analysis__QEMWWkX/agent/trajectory.json
Parser warnings: - Extra text detected before JSON object
Trajectory dumped to jobs/qwen5x-batch2/mrbeast-analysis__QEMWWkX/agent/trajectory.json
Trajectory dumped to jobs/qwen5x-batch2/mrbeast-analysis__QEMWWkX/agent/trajectory.json
Parser warnings: - Extra text detected before JSON object
- Command 1 should end with newline when followed by another command. Otherwise the two commands will be concatenated together on the same line.
Trajectory dumped to jobs/qwen5x-batch2/mrbeast-analysis__QEMWWkX/agent/trajectory.json
Parser warnings: - Extra text detected before JSON object
Trajectory dumped to jobs/qwen5x-batch2/mrbeast-analysis__QEMWWkX/agent/trajectory.json
Parser warnings: - Extra text detected before JSON object
Trajectory dumped to jobs/qwen5x-batch2/mrbeast-analysis__QEMWWkX/agent/trajectory.json
Parser warnings: - Extra text detected before JSON object
Trajectory dumped to jobs/qwen5x-batch2/mrbeast-analysis__QEMWWkX/agent/trajectory.json
Parser warnings: - Extra text detected before JSON object
Trajectory dumped to jobs/qwen5x-batch2/mrbeast-analysis__QEMWWkX/agent/trajectory.json
Parser warnings: - Extra text detected before JSON object
Trajectory dumped to jobs/qwen5x-batch2/mrbeast-analysis__QEMWWkX/agent/trajectory.json
Parser warnings: - Extra text detected before JSON object
Trajectory dumped to jobs/qwen5x-batch2/mrbeast-analysis__QEMWWkX/agent/trajectory.json
Parser warnings: - Extra text detected before JSON object
Trajectory dumped to jobs/qwen5x-batch2/mrbeast-analysis__QEMWWkX/agent/trajectory.json
Parser warnings: - Extra text detected before JSON object
Trajectory dumped to jobs/qwen5x-batch2/mrbeast-analysis__QEMWWkX/agent/trajectory.json
Parser warnings: - No valid JSON object found
Parser warnings: - Extra text detected before JSON object
- Extra text detected after JSON object
Trajectory dumped to jobs/qwen5x-batch2/mrbeast-analysis__QEMWWkX/agent/trajectory.json
Parser warnings: - Extra text detected before JSON object
Trajectory dumped to jobs/qwen5x-batch2/mrbeast-analysis__QEMWWkX/agent/trajectory.json
Parser warnings: - Extra text detected before JSON object
Trajectory dumped to jobs/qwen5x-batch2/mrbeast-analysis__QEMWWkX/agent/trajectory.json
Parser warnings: - Extra text detected before JSON object
Trajectory dumped to jobs/qwen5x-batch2/mrbeast-analysis__QEMWWkX/agent/trajectory.json
Parser warnings: - Extra text detected before JSON object
Trajectory dumped to jobs/qwen5x-batch2/mrbeast-analysis__QEMWWkX/agent/trajectory.json
Parser warnings: - Extra text detected before JSON object
- Extra text detected after JSON object
Trajectory dumped to jobs/qwen5x-batch2/mrbeast-analysis__QEMWWkX/agent/trajectory.json
Parser warnings: - Extra text detected before JSON object
- Extra text detected after JSON object
Trajectory dumped to jobs/qwen5x-batch2/mrbeast-analysis__QEMWWkX/agent/trajectory.json
Parser warnings: - Extra text detected before JSON object
- Command 1 should end with newline when followed by another command. Otherwise the two commands will be concatenated together on the same line.
- Command 2 should end with newline when followed by another command. Otherwise the two commands will be concatenated together on the same line.
- Command 3 should end with newline when followed by another command. Otherwise the two commands will be concatenated together on the same line.
Trajectory dumped to jobs/qwen5x-batch2/mrbeast-analysis__QEMWWkX/agent/trajectory.json
Parser warnings: - Extra text detected before JSON object
- Extra text detected after JSON object
- Command 1 should end with newline when followed by another command. Otherwise the two commands will be concatenated together on the same line.
- Command 2 should end with newline when followed by another command. Otherwise the two commands will be concatenated together on the same line.
- Command 3 should end with newline when followed by another command. Otherwise the two commands will be concatenated together on the same line.
- Command 4 should end with newline when followed by another command. Otherwise the two commands will be concatenated together on the same line.
- Command 5 should end with newline when followed by another command. Otherwise the two commands will be concatenated together on the same line.
Trajectory dumped to jobs/qwen5x-batch2/mrbeast-analysis__QEMWWkX/agent/trajectory.json
Parser warnings: - Extra text detected before JSON object
- Extra text detected after JSON object
Trajectory dumped to jobs/qwen5x-batch2/mrbeast-analysis__QEMWWkX/agent/trajectory.json
Parser warnings: - Extra text detected before JSON object
- Extra text detected after JSON object
Trajectory dumped to jobs/qwen5x-batch2/mrbeast-analysis__QEMWWkX/agent/trajectory.json
Parser warnings: - Extra text detected before JSON object
- Extra text detected after JSON object
Trajectory dumped to jobs/qwen5x-batch2/mrbeast-analysis__QEMWWkX/agent/trajectory.json
Parser warnings: - Extra text detected before JSON object
- Extra text detected after JSON object
- Command 3 should end with newline when followed by another command. Otherwise the two commands will be concatenated together on the same line.
Trajectory dumped to jobs/qwen5x-batch2/mrbeast-analysis__QEMWWkX/agent/trajectory.json
Parser warnings: - Extra text detected before JSON object
- Extra text detected after JSON object
Trajectory dumped to jobs/qwen5x-batch2/mrbeast-analysis__QEMWWkX/agent/trajectory.json
Parser warnings: - Extra text detected before JSON object
- Extra text detected after JSON object
Trajectory dumped to jobs/qwen5x-batch2/mrbeast-analysis__QEMWWkX/agent/trajectory.json
Parser warnings: - Extra text detected before JSON object
- Extra text detected after JSON object
- Command 1 should end with newline when followed by another command. Otherwise the two commands will be concatenated together on the same line.
Trajectory dumped to jobs/qwen5x-batch2/mrbeast-analysis__QEMWWkX/agent/trajectory.json
Parser warnings: - Extra text detected before JSON object
- Extra text detected after JSON object
- Command 1 should end with newline when followed by another command. Otherwise the two commands will be concatenated together on the same line.
Trajectory dumped to jobs/qwen5x-batch2/mrbeast-analysis__QEMWWkX/agent/trajectory.json
Parser warnings: - Extra text detected before JSON object
- Extra text detected after JSON object
Trajectory dumped to jobs/qwen5x-batch2/mrbeast-analysis__QEMWWkX/agent/trajectory.json
Parser warnings: - Extra text detected before JSON object
Trajectory dumped to jobs/qwen5x-batch2/mrbeast-analysis__QEMWWkX/agent/trajectory.json
Parser warnings: - Extra text detected before JSON object
Trajectory dumped to jobs/qwen5x-batch2/mrbeast-analysis__QEMWWkX/agent/trajectory.json
Parser warnings: - Extra text detected before JSON object
- Extra text detected after JSON object
Trajectory dumped to jobs/qwen5x-batch2/mrbeast-analysis__QEMWWkX/agent/trajectory.json
Parser warnings: - Extra text detected before JSON object
- Extra text detected after JSON object
- Command 1 should end with newline when followed by another command. Otherwise the two commands will be concatenated together on the same line.
Trajectory dumped to jobs/qwen5x-batch2/mrbeast-analysis__QEMWWkX/agent/trajectory.json
Parser warnings: - Extra text detected before JSON object
- Extra text detected after JSON object
Trajectory dumped to jobs/qwen5x-batch2/mrbeast-analysis__QEMWWkX/agent/trajectory.json
Parser warnings: - Extra text detected before JSON object
- Extra text detected after JSON object
Parser warnings: - Extra text detected before JSON object
- Extra text detected after JSON object
Trajectory dumped to jobs/qwen5x-batch2/mrbeast-analysis__QEMWWkX/agent/trajectory.json
Parser warnings: - Extra text detected before JSON object
- Extra text detected after JSON object
Trajectory dumped to jobs/qwen5x-batch2/mrbeast-analysis__QEMWWkX/agent/trajectory.json
Parser warnings: - Extra text detected before JSON object
- Extra text detected after JSON object
- Command 1 should end with newline when followed by another command. Otherwise the two commands will be concatenated together on the same line.
- Command 2 should end with newline when followed by another command. Otherwise the two commands will be concatenated together on the same line.
- Command 3 should end with newline when followed by another command. Otherwise the two commands will be concatenated together on the same line.
Trajectory dumped to jobs/qwen5x-batch2/mrbeast-analysis__QEMWWkX/agent/trajectory.json
Parser warnings: - Extra text detected before JSON object
- Extra text detected after JSON object
Trajectory dumped to jobs/qwen5x-batch2/mrbeast-analysis__QEMWWkX/agent/trajectory.json
Parser warnings: - Extra text detected before JSON object
Trajectory dumped to jobs/qwen5x-batch2/mrbeast-analysis__QEMWWkX/agent/trajectory.json
Parser warnings: - Extra text detected before JSON object
- Extra text detected after JSON object
Trajectory dumped to jobs/qwen5x-batch2/mrbeast-analysis__QEMWWkX/agent/trajectory.json
Parser warnings: - Extra text detected before JSON object
- Extra text detected after JSON object
Trajectory dumped to jobs/qwen5x-batch2/mrbeast-analysis__QEMWWkX/agent/trajectory.json
Parser warnings: - Extra text detected before JSON object
- Extra text detected after JSON object
Trajectory dumped to jobs/qwen5x-batch2/mrbeast-analysis__QEMWWkX/agent/trajectory.json
Parser warnings: - Extra text detected before JSON object
- Extra text detected after JSON object
Trajectory dumped to jobs/qwen5x-batch2/mrbeast-analysis__QEMWWkX/agent/trajectory.json
Parser warnings: - Extra text detected before JSON object
- Extra text detected after JSON object
Trajectory dumped to jobs/qwen5x-batch2/mrbeast-analysis__QEMWWkX/agent/trajectory.json
Parser warnings: - Extra text detected before JSON object
- Extra text detected after JSON object
Trajectory dumped to jobs/qwen5x-batch2/mrbeast-analysis__QEMWWkX/agent/trajectory.json
Parser warnings: - Extra text detected before JSON object
- Extra text detected after JSON object
- Command 1 should end with newline when followed by another command. Otherwise the two commands will be concatenated together on the same line.
- Command 2 should end with newline when followed by another command. Otherwise the two commands will be concatenated together on the same line.
- Command 3 should end with newline when followed by another command. Otherwise the two commands will be concatenated together on the same line.
- Command 4 should end with newline when followed by another command. Otherwise the two commands will be concatenated together on the same line.
- Command 5 should end with newline when followed by another command. Otherwise the two commands will be concatenated together on the same line.
- Command 6 should end with newline when followed by another command. Otherwise the two commands will be concatenated together on the same line.
- Command 7 should end with newline when followed by another command. Otherwise the two commands will be concatenated together on the same line.
- Command 8 should end with newline when followed by another command. Otherwise the two commands will be concatenated together on the same line.
- Command 9 should end with newline when followed by another command. Otherwise the two commands will be concatenated together on the same line.
- Command 10 should end with newline when followed by another command. Otherwise the two commands will be concatenated together on the same line.
Trajectory dumped to jobs/qwen5x-batch2/mrbeast-analysis__QEMWWkX/agent/trajectory.json
Parser warnings: - Extra text detected before JSON object
- Extra text detected after JSON object
Trajectory dumped to jobs/qwen5x-batch2/mrbeast-analysis__QEMWWkX/agent/trajectory.json
Parser warnings: - Extra text detected before JSON object
- Extra text detected after JSON object
- Command 2 should end with newline when followed by another command. Otherwise the two commands will be concatenated together on the same line.
Trajectory dumped to jobs/qwen5x-batch2/mrbeast-analysis__QEMWWkX/agent/trajectory.json
Parser warnings: - Extra text detected before JSON object
- Extra text detected after JSON object
Trajectory dumped to jobs/qwen5x-batch2/mrbeast-analysis__QEMWWkX/agent/trajectory.json
Parser warnings: - Extra text detected before JSON object
- Extra text detected after JSON object
Trajectory dumped to jobs/qwen5x-batch2/mrbeast-analysis__QEMWWkX/agent/trajectory.json
Parser warnings: - Extra text detected before JSON object
- Extra text detected after JSON object
Trajectory dumped to jobs/qwen5x-batch2/mrbeast-analysis__QEMWWkX/agent/trajectory.json
Parser warnings: - Extra text detected before JSON object
- Extra text detected after JSON object
Trajectory dumped to jobs/qwen5x-batch2/mrbeast-analysis__QEMWWkX/agent/trajectory.json
Parser warnings: - Extra text detected before JSON object
- Extra text detected after JSON object
Trajectory dumped to jobs/qwen5x-batch2/mrbeast-analysis__QEMWWkX/agent/trajectory.json
Parser warnings: - Extra text detected before JSON object
- Extra text detected after JSON object
Trajectory dumped to jobs/qwen5x-batch2/mrbeast-analysis__QEMWWkX/agent/trajectory.json
Parser warnings: - Extra text detected before JSON object
- Extra text detected after JSON object
Trajectory dumped to jobs/qwen5x-batch2/mrbeast-analysis__QEMWWkX/agent/trajectory.json
Parser warnings: - Extra text detected before JSON object
- Extra text detected after JSON object
Trajectory dumped to jobs/qwen5x-batch2/mrbeast-analysis__QEMWWkX/agent/trajectory.json
Parser warnings: - Extra text detected before JSON object
- Extra text detected after JSON object
Trajectory dumped to jobs/qwen5x-batch2/mrbeast-analysis__QEMWWkX/agent/trajectory.json
Parser warnings: - Extra text detected before JSON object
- Extra text detected after JSON object
Trajectory dumped to jobs/qwen5x-batch2/mrbeast-analysis__QEMWWkX/agent/trajectory.json
Trial mrbeast-analysis__QEMWWkX failed: mrbeast-analysis__QEMWWkX__env: failed to send non-blocking keys: command="tmux send-keys -t terminus-2 -- 'PYEOF\n'", return_code=1, stderr=None, stdout='request returned 500 Internal Server Error for API route and version http://%2FUsers%2Fchili%2F.docker%2Frun%2Fdocker.sock/v1.54/containers/json?filters=%7B%22label%22%3A%7B%22com.docker.compose.config-hash%22%3Atrue%2C%22com.docker.compose.project%3Dmrbeast-analysis__qemwwkx__env%22%3Atrue%2C%22com.docker.compose.service%3Dmain%22%3Atrue%7D%7D, check if the server supports the requested API version\n'
Collecting main service artifacts
Docker compose down failed: Docker compose command failed for environment mrbeast-analysis. Command: docker compose --project-name mrbeast-analysis__qemwwkx__env --project-directory /Users/chili/Projects/self-evolve/datasets/toolathlon/mrbeast-analysis/environment -f /private/var/folders/qs/wcbkf5sx6zl5w5n9226c88n40000gp/T/tmpp2td5n1y/mrbeast-analysis__QEMWWkX__env-docker-compose-resources.json -f /Users/chili/Projects/self-evolve/.venv/lib/python3.13/site-packages/harbor/environments/docker/docker-compose-build.yaml -f /private/var/folders/qs/wcbkf5sx6zl5w5n9226c88n40000gp/T/tmpl80lhlm8/docker-compose-environment.json -f /private/var/folders/qs/wcbkf5sx6zl5w5n9226c88n40000gp/T/tmpd6ivzvxd/docker-compose-mounts.json down --rmi local --volumes --remove-orphans. Return code: 1. Stdout: request returned 500 Internal Server Error for API route and version http://%2FUsers%2Fchili%2F.docker%2Frun%2Fdocker.sock/v1.54/containers/json?all=1&filters=%7B%22label%22%3A%7B%22com.docker.compose.config-hash%22%3Atrue%2C%22com.docker.compose.project%3Dmrbeast-analysis__qemwwkx__env%22%3Atrue%7D%7D, check if the server supports the requested API version
. Stderr: None. 
