Skipping image OS validation for hb__94bb84907e219ebc7011db24b691cbdd: docker inspect returned 1
Running healthcheck: test -f /var/run/toolathlon/ready
Healthcheck failed (rc=1, in_start_period=True)
Healthcheck passed
Parser warnings: - Extra text detected before JSON object
Trajectory dumped to jobs/qwen5x-gcp-mock/live-transactions__7EZwMTr/agent/trajectory.json
Parser warnings: - Extra text detected before JSON object
Trajectory dumped to jobs/qwen5x-gcp-mock/live-transactions__7EZwMTr/agent/trajectory.json
Parser warnings: - Extra text detected before JSON object
Trajectory dumped to jobs/qwen5x-gcp-mock/live-transactions__7EZwMTr/agent/trajectory.json
Parser warnings: - Extra text detected before JSON object
Trajectory dumped to jobs/qwen5x-gcp-mock/live-transactions__7EZwMTr/agent/trajectory.json
Parser warnings: - Extra text detected before JSON object
Trajectory dumped to jobs/qwen5x-gcp-mock/live-transactions__7EZwMTr/agent/trajectory.json
Parser warnings: - Extra text detected before JSON object
Trajectory dumped to jobs/qwen5x-gcp-mock/live-transactions__7EZwMTr/agent/trajectory.json
Parser warnings: - Extra text detected before JSON object
Trajectory dumped to jobs/qwen5x-gcp-mock/live-transactions__7EZwMTr/agent/trajectory.json
Parser warnings: - Extra text detected before JSON object
Trajectory dumped to jobs/qwen5x-gcp-mock/live-transactions__7EZwMTr/agent/trajectory.json
Parser warnings: - Extra text detected before JSON object
Trajectory dumped to jobs/qwen5x-gcp-mock/live-transactions__7EZwMTr/agent/trajectory.json
Parser warnings: - Extra text detected before JSON object
Trajectory dumped to jobs/qwen5x-gcp-mock/live-transactions__7EZwMTr/agent/trajectory.json
Parser warnings: - Extra text detected before JSON object
Trajectory dumped to jobs/qwen5x-gcp-mock/live-transactions__7EZwMTr/agent/trajectory.json
Parser warnings: - Extra text detected before JSON object
Trajectory dumped to jobs/qwen5x-gcp-mock/live-transactions__7EZwMTr/agent/trajectory.json
Parser warnings: - Extra text detected before JSON object
Trajectory dumped to jobs/qwen5x-gcp-mock/live-transactions__7EZwMTr/agent/trajectory.json
Parser warnings: - Extra text detected before JSON object
Trajectory dumped to jobs/qwen5x-gcp-mock/live-transactions__7EZwMTr/agent/trajectory.json
Parser warnings: - Extra text detected before JSON object
Trajectory dumped to jobs/qwen5x-gcp-mock/live-transactions__7EZwMTr/agent/trajectory.json
Parser warnings: - Extra text detected before JSON object
Trajectory dumped to jobs/qwen5x-gcp-mock/live-transactions__7EZwMTr/agent/trajectory.json
Parser warnings: - Extra text detected before JSON object
Trajectory dumped to jobs/qwen5x-gcp-mock/live-transactions__7EZwMTr/agent/trajectory.json
Parser warnings: - Extra text detected before JSON object
Trajectory dumped to jobs/qwen5x-gcp-mock/live-transactions__7EZwMTr/agent/trajectory.json
Parser warnings: - Extra text detected before JSON object
Trajectory dumped to jobs/qwen5x-gcp-mock/live-transactions__7EZwMTr/agent/trajectory.json
Parser warnings: - Extra text detected before JSON object
Trajectory dumped to jobs/qwen5x-gcp-mock/live-transactions__7EZwMTr/agent/trajectory.json
Parser warnings: - Extra text detected before JSON object
Trajectory dumped to jobs/qwen5x-gcp-mock/live-transactions__7EZwMTr/agent/trajectory.json
Parser warnings: - Extra text detected before JSON object
Trajectory dumped to jobs/qwen5x-gcp-mock/live-transactions__7EZwMTr/agent/trajectory.json
Parser warnings: - Extra text detected before JSON object
- Extra text detected after JSON object
Parser warnings: - Extra text detected before JSON object
- Command 1 should end with newline when followed by another command. Otherwise the two commands will be concatenated together on the same line.
Trajectory dumped to jobs/qwen5x-gcp-mock/live-transactions__7EZwMTr/agent/trajectory.json
Parser warnings: - Extra text detected before JSON object
Trajectory dumped to jobs/qwen5x-gcp-mock/live-transactions__7EZwMTr/agent/trajectory.json
Parser warnings: - Extra text detected before JSON object
- Extra text detected after JSON object
Parser warnings: - Extra text detected before JSON object
Trajectory dumped to jobs/qwen5x-gcp-mock/live-transactions__7EZwMTr/agent/trajectory.json
Parser warnings: - Extra text detected before JSON object
Trajectory dumped to jobs/qwen5x-gcp-mock/live-transactions__7EZwMTr/agent/trajectory.json
Parser warnings: - Extra text detected before JSON object
Trajectory dumped to jobs/qwen5x-gcp-mock/live-transactions__7EZwMTr/agent/trajectory.json
Parser warnings: - Extra text detected before JSON object
Trajectory dumped to jobs/qwen5x-gcp-mock/live-transactions__7EZwMTr/agent/trajectory.json
Parser warnings: - Extra text detected before JSON object
Trajectory dumped to jobs/qwen5x-gcp-mock/live-transactions__7EZwMTr/agent/trajectory.json
Parser warnings: - Extra text detected before JSON object
Trajectory dumped to jobs/qwen5x-gcp-mock/live-transactions__7EZwMTr/agent/trajectory.json
Parser warnings: - Extra text detected before JSON object
Trajectory dumped to jobs/qwen5x-gcp-mock/live-transactions__7EZwMTr/agent/trajectory.json
Parser warnings: - Extra text detected before JSON object
Trajectory dumped to jobs/qwen5x-gcp-mock/live-transactions__7EZwMTr/agent/trajectory.json
Parser warnings: - Extra text detected before JSON object
Trajectory dumped to jobs/qwen5x-gcp-mock/live-transactions__7EZwMTr/agent/trajectory.json
Parser warnings: - Extra text detected before JSON object
- Extra text detected after JSON object
Parser warnings: - Extra text detected before JSON object
Trajectory dumped to jobs/qwen5x-gcp-mock/live-transactions__7EZwMTr/agent/trajectory.json
Parser warnings: - Extra text detected before JSON object
Trajectory dumped to jobs/qwen5x-gcp-mock/live-transactions__7EZwMTr/agent/trajectory.json
Parser warnings: - Extra text detected before JSON object
- Extra text detected after JSON object
Parser warnings: - Extra text detected before JSON object
Trajectory dumped to jobs/qwen5x-gcp-mock/live-transactions__7EZwMTr/agent/trajectory.json
Parser warnings: - Extra text detected before JSON object
Trajectory dumped to jobs/qwen5x-gcp-mock/live-transactions__7EZwMTr/agent/trajectory.json
Parser warnings: - Extra text detected before JSON object
Trajectory dumped to jobs/qwen5x-gcp-mock/live-transactions__7EZwMTr/agent/trajectory.json
Parser warnings: - Extra text detected before JSON object
Trajectory dumped to jobs/qwen5x-gcp-mock/live-transactions__7EZwMTr/agent/trajectory.json
Parser warnings: - Extra text detected before JSON object
Trajectory dumped to jobs/qwen5x-gcp-mock/live-transactions__7EZwMTr/agent/trajectory.json
Parser warnings: - Extra text detected before JSON object
Trajectory dumped to jobs/qwen5x-gcp-mock/live-transactions__7EZwMTr/agent/trajectory.json
Trajectory dumped to jobs/qwen5x-gcp-mock/live-transactions__7EZwMTr/agent/trajectory.json
Collecting main service artifacts
