Skipping image OS validation for hb__171574b169ba7f2515dd624e2e7cde0e: docker inspect returned 1
Running healthcheck: test -f /var/run/toolathlon/ready
Healthcheck passed
Parser warnings: - Extra text detected before JSON object
Trajectory dumped to jobs/qwen5x-batch2/mrbeast-analysis__Zscpaue/agent/trajectory.json
Parser warnings: - Extra text detected before JSON object
Trajectory dumped to jobs/qwen5x-batch2/mrbeast-analysis__Zscpaue/agent/trajectory.json
Parser warnings: - Extra text detected before JSON object
Trajectory dumped to jobs/qwen5x-batch2/mrbeast-analysis__Zscpaue/agent/trajectory.json
Parser warnings: - Extra text detected before JSON object
Trajectory dumped to jobs/qwen5x-batch2/mrbeast-analysis__Zscpaue/agent/trajectory.json
Parser warnings: - Extra text detected before JSON object
Trajectory dumped to jobs/qwen5x-batch2/mrbeast-analysis__Zscpaue/agent/trajectory.json
Parser warnings: - Extra text detected before JSON object
Trajectory dumped to jobs/qwen5x-batch2/mrbeast-analysis__Zscpaue/agent/trajectory.json
Parser warnings: - Extra text detected before JSON object
Trajectory dumped to jobs/qwen5x-batch2/mrbeast-analysis__Zscpaue/agent/trajectory.json
Parser warnings: - Extra text detected before JSON object
Trajectory dumped to jobs/qwen5x-batch2/mrbeast-analysis__Zscpaue/agent/trajectory.json
Parser warnings: - Extra text detected before JSON object
Trajectory dumped to jobs/qwen5x-batch2/mrbeast-analysis__Zscpaue/agent/trajectory.json
Parser warnings: - Extra text detected before JSON object
Trajectory dumped to jobs/qwen5x-batch2/mrbeast-analysis__Zscpaue/agent/trajectory.json
Parser warnings: - Extra text detected before JSON object
Trajectory dumped to jobs/qwen5x-batch2/mrbeast-analysis__Zscpaue/agent/trajectory.json
Trajectory dumped to jobs/qwen5x-batch2/mrbeast-analysis__Zscpaue/agent/trajectory.json
Parser warnings: - Extra text detected before JSON object
Trajectory dumped to jobs/qwen5x-batch2/mrbeast-analysis__Zscpaue/agent/trajectory.json
Parser warnings: - Extra text detected before JSON object
- Command 1 should end with newline when followed by another command. Otherwise the two commands will be concatenated together on the same line.
Trajectory dumped to jobs/qwen5x-batch2/mrbeast-analysis__Zscpaue/agent/trajectory.json
Parser warnings: - Extra text detected before JSON object
Trajectory dumped to jobs/qwen5x-batch2/mrbeast-analysis__Zscpaue/agent/trajectory.json
Parser warnings: - Extra text detected before JSON object
Trajectory dumped to jobs/qwen5x-batch2/mrbeast-analysis__Zscpaue/agent/trajectory.json
Parser warnings: - Extra text detected before JSON object
Trajectory dumped to jobs/qwen5x-batch2/mrbeast-analysis__Zscpaue/agent/trajectory.json
Parser warnings: - Extra text detected before JSON object
Trajectory dumped to jobs/qwen5x-batch2/mrbeast-analysis__Zscpaue/agent/trajectory.json
Trajectory dumped to jobs/qwen5x-batch2/mrbeast-analysis__Zscpaue/agent/trajectory.json
Parser warnings: - Extra text detected before JSON object
Trajectory dumped to jobs/qwen5x-batch2/mrbeast-analysis__Zscpaue/agent/trajectory.json
Parser warnings: - Extra text detected before JSON object
Trajectory dumped to jobs/qwen5x-batch2/mrbeast-analysis__Zscpaue/agent/trajectory.json
Parser warnings: - Extra text detected before JSON object
Trajectory dumped to jobs/qwen5x-batch2/mrbeast-analysis__Zscpaue/agent/trajectory.json
Parser warnings: - Extra text detected before JSON object
Trajectory dumped to jobs/qwen5x-batch2/mrbeast-analysis__Zscpaue/agent/trajectory.json
Trajectory dumped to jobs/qwen5x-batch2/mrbeast-analysis__Zscpaue/agent/trajectory.json
Parser warnings: - Extra text detected before JSON object
Trajectory dumped to jobs/qwen5x-batch2/mrbeast-analysis__Zscpaue/agent/trajectory.json
Trajectory dumped to jobs/qwen5x-batch2/mrbeast-analysis__Zscpaue/agent/trajectory.json
Parser warnings: - Extra text detected before JSON object
Trajectory dumped to jobs/qwen5x-batch2/mrbeast-analysis__Zscpaue/agent/trajectory.json
Parser warnings: - Extra text detected before JSON object
Trajectory dumped to jobs/qwen5x-batch2/mrbeast-analysis__Zscpaue/agent/trajectory.json
Session has ended, breaking out of agent loop
Trajectory dumped to jobs/qwen5x-batch2/mrbeast-analysis__Zscpaue/agent/trajectory.json
Collecting main service artifacts
docker compose cp failed; retrying upload with tar stream: Docker compose command failed for environment mrbeast-analysis. Command: docker compose --project-name mrbeast-analysis__zscpaue__env --project-directory /Users/chili/Projects/self-evolve/datasets/toolathlon/mrbeast-analysis/environment -f /private/var/folders/qs/wcbkf5sx6zl5w5n9226c88n40000gp/T/tmpkt6oth2q/mrbeast-analysis__Zscpaue__env-docker-compose-resources.json -f /Users/chili/Projects/self-evolve/.venv/lib/python3.13/site-packages/harbor/environments/docker/docker-compose-build.yaml -f /private/var/folders/qs/wcbkf5sx6zl5w5n9226c88n40000gp/T/tmp7wuk7qps/docker-compose-environment.json -f /private/var/folders/qs/wcbkf5sx6zl5w5n9226c88n40000gp/T/tmph85jx_uh/docker-compose-mounts.json cp /Users/chili/Projects/self-evolve/datasets/toolathlon/mrbeast-analysis/tests/. main:/tests. Return code: 1. Stdout: request returned 500 Internal Server Error for API route and version http://%2FUsers%2Fchili%2F.docker%2Frun%2Fdocker.sock/v1.54/containers/json?all=1&filters=%7B%22label%22%3A%7B%22com.docker.compose.config-hash%22%3Atrue%2C%22com.docker.compose.oneoff%3DFalse%22%3Atrue%2C%22com.docker.compose.project%3Dmrbeast-analysis__zscpaue__env%22%3Atrue%2C%22com.docker.compose.service%3Dmain%22%3Atrue%7D%7D, check if the server supports the requested API version
. Stderr: None. 
Trial mrbeast-analysis__Zscpaue failed: Failed to add tests directory to environment.
Docker compose down failed: Docker compose command failed for environment mrbeast-analysis. Command: docker compose --project-name mrbeast-analysis__zscpaue__env --project-directory /Users/chili/Projects/self-evolve/datasets/toolathlon/mrbeast-analysis/environment -f /private/var/folders/qs/wcbkf5sx6zl5w5n9226c88n40000gp/T/tmpkt6oth2q/mrbeast-analysis__Zscpaue__env-docker-compose-resources.json -f /Users/chili/Projects/self-evolve/.venv/lib/python3.13/site-packages/harbor/environments/docker/docker-compose-build.yaml -f /private/var/folders/qs/wcbkf5sx6zl5w5n9226c88n40000gp/T/tmp7wuk7qps/docker-compose-environment.json -f /private/var/folders/qs/wcbkf5sx6zl5w5n9226c88n40000gp/T/tmph85jx_uh/docker-compose-mounts.json down --rmi local --volumes --remove-orphans. Return code: 1. Stdout: request returned 500 Internal Server Error for API route and version http://%2FUsers%2Fchili%2F.docker%2Frun%2Fdocker.sock/v1.54/containers/json?all=1&filters=%7B%22label%22%3A%7B%22com.docker.compose.config-hash%22%3Atrue%2C%22com.docker.compose.project%3Dmrbeast-analysis__zscpaue__env%22%3Atrue%7D%7D, check if the server supports the requested API version
. Stderr: None. 
