Skipping image OS validation for hb__b9a045cdca8c27b1c33ab3b6b8cba9f0: docker inspect returned 1
Running healthcheck: test -f /var/run/toolathlon/ready
Healthcheck failed (rc=1, in_start_period=True)
Healthcheck failed (rc=1, in_start_period=True)
Healthcheck failed (rc=1, in_start_period=False)
Healthcheck failed (rc=1, in_start_period=False)
Healthcheck failed (rc=1, in_start_period=False)
Healthcheck failed (rc=1, in_start_period=False)
Healthcheck failed (rc=1, in_start_period=False)
Healthcheck failed (rc=1, in_start_period=False)
Healthcheck failed (rc=1, in_start_period=False)
Healthcheck failed (rc=1, in_start_period=False)
Healthcheck failed (rc=1, in_start_period=False)
Healthcheck failed (rc=1, in_start_period=False)
Healthcheck failed (rc=1, in_start_period=False)
Healthcheck failed (rc=1, in_start_period=False)
Healthcheck failed (rc=1, in_start_period=False)
Healthcheck failed (rc=1, in_start_period=False)
Healthcheck failed (rc=1, in_start_period=False)
Healthcheck failed (rc=1, in_start_period=False)
Healthcheck failed (rc=1, in_start_period=False)
Healthcheck failed (rc=1, in_start_period=False)
Healthcheck failed (rc=1, in_start_period=False)
Healthcheck failed (rc=1, in_start_period=False)
Healthcheck failed (rc=1, in_start_period=False)
Healthcheck failed (rc=1, in_start_period=False)
Healthcheck failed (rc=1, in_start_period=False)
Healthcheck failed (rc=1, in_start_period=False)
Healthcheck failed (rc=1, in_start_period=False)
Healthcheck failed (rc=1, in_start_period=False)
Healthcheck failed (rc=1, in_start_period=False)
Healthcheck failed (rc=1, in_start_period=False)
Healthcheck failed (rc=1, in_start_period=False)
Healthcheck failed (rc=1, in_start_period=False)
Healthcheck failed (rc=1, in_start_period=False)
Healthcheck failed (rc=1, in_start_period=False)
Healthcheck failed (rc=1, in_start_period=False)
Healthcheck failed (rc=1, in_start_period=False)
Healthcheck failed (rc=1, in_start_period=False)
Healthcheck failed (rc=1, in_start_period=False)
Healthcheck failed (rc=1, in_start_period=False)
Healthcheck failed (rc=1, in_start_period=False)
Healthcheck failed (rc=1, in_start_period=False)
Healthcheck failed (rc=1, in_start_period=False)
Healthcheck failed (rc=1, in_start_period=False)
Healthcheck failed (rc=1, in_start_period=False)
Healthcheck failed (rc=1, in_start_period=False)
Healthcheck failed (rc=1, in_start_period=False)
Healthcheck failed (rc=1, in_start_period=False)
Healthcheck failed (rc=1, in_start_period=False)
Healthcheck failed (rc=1, in_start_period=False)
Healthcheck failed (rc=1, in_start_period=False)
Healthcheck failed (rc=1, in_start_period=False)
Healthcheck failed (rc=1, in_start_period=False)
Healthcheck failed (rc=1, in_start_period=False)
Healthcheck failed (rc=1, in_start_period=False)
Healthcheck failed (rc=1, in_start_period=False)
Healthcheck failed (rc=1, in_start_period=False)
Healthcheck failed (rc=1, in_start_period=False)
Healthcheck failed (rc=1, in_start_period=False)
Healthcheck failed (rc=1, in_start_period=False)
Healthcheck failed (rc=1, in_start_period=False)
Healthcheck failed (rc=1, in_start_period=False)
Healthcheck failed (rc=1, in_start_period=False)
Trial travel-expense-reimbursement__Mc2CbCJ failed: Healthcheck failed after 60 consecutive retries: test -f /var/run/toolathlon/ready
Collecting main service artifacts
