Skipping image OS validation for hb__847877938084e2618ed8382b29028f34: docker inspect returned 1
Parser warnings: - AUTO-CORRECTED: Extracted JSON from mixed content - please fix this in future responses
Trajectory dumped to jobs/topup5/git-milestone__HLrtH8d/agent/trajectory.json
Parser warnings: - Extra text detected before JSON object
Trajectory dumped to jobs/topup5/git-milestone__HLrtH8d/agent/trajectory.json
Parser warnings: - AUTO-CORRECTED: Extracted JSON from mixed content - please fix this in future responses
Trajectory dumped to jobs/topup5/git-milestone__HLrtH8d/agent/trajectory.json
Parser warnings: - Extra text detected before JSON object
Trajectory dumped to jobs/topup5/git-milestone__HLrtH8d/agent/trajectory.json
Parser warnings: - Extra text detected before JSON object
Trajectory dumped to jobs/topup5/git-milestone__HLrtH8d/agent/trajectory.json
Parser warnings: - Extra text detected before JSON object
Trajectory dumped to jobs/topup5/git-milestone__HLrtH8d/agent/trajectory.json
Parser warnings: - Extra text detected before JSON object
Trajectory dumped to jobs/topup5/git-milestone__HLrtH8d/agent/trajectory.json
Parser warnings: - Extra text detected before JSON object
Trajectory dumped to jobs/topup5/git-milestone__HLrtH8d/agent/trajectory.json
Parser warnings: - Extra text detected before JSON object
Trajectory dumped to jobs/topup5/git-milestone__HLrtH8d/agent/trajectory.json
Parser warnings: - Extra text detected before JSON object
Trajectory dumped to jobs/topup5/git-milestone__HLrtH8d/agent/trajectory.json
Parser warnings: - Extra text detected before JSON object
Trajectory dumped to jobs/topup5/git-milestone__HLrtH8d/agent/trajectory.json
Trajectory dumped to jobs/topup5/git-milestone__HLrtH8d/agent/trajectory.json
Collecting main service artifacts
