Skipping image OS validation for hb__171574b169ba7f2515dd624e2e7cde0e: docker inspect returned 1
Running healthcheck: test -f /var/run/toolathlon/ready
Healthcheck passed
Parser warnings: - Extra text detected before JSON object
Trajectory dumped to jobs/topup5/mrbeast-analysis__2YdyGpD/agent/trajectory.json
Parser warnings: - Extra text detected before JSON object
Trajectory dumped to jobs/topup5/mrbeast-analysis__2YdyGpD/agent/trajectory.json
Parser warnings: - Extra text detected before JSON object
Trajectory dumped to jobs/topup5/mrbeast-analysis__2YdyGpD/agent/trajectory.json
Parser warnings: - Extra text detected before JSON object
Trajectory dumped to jobs/topup5/mrbeast-analysis__2YdyGpD/agent/trajectory.json
Parser warnings: - Extra text detected before JSON object
Trajectory dumped to jobs/topup5/mrbeast-analysis__2YdyGpD/agent/trajectory.json
Parser warnings: - Extra text detected before JSON object
Trajectory dumped to jobs/topup5/mrbeast-analysis__2YdyGpD/agent/trajectory.json
Parser warnings: - Extra text detected before JSON object
Trajectory dumped to jobs/topup5/mrbeast-analysis__2YdyGpD/agent/trajectory.json
Parser warnings: - Extra text detected before JSON object
Trajectory dumped to jobs/topup5/mrbeast-analysis__2YdyGpD/agent/trajectory.json
Parser warnings: - Extra text detected before JSON object
Trajectory dumped to jobs/topup5/mrbeast-analysis__2YdyGpD/agent/trajectory.json
Parser warnings: - Extra text detected before JSON object
Trajectory dumped to jobs/topup5/mrbeast-analysis__2YdyGpD/agent/trajectory.json
Parser warnings: - Extra text detected before JSON object
Trajectory dumped to jobs/topup5/mrbeast-analysis__2YdyGpD/agent/trajectory.json
Parser warnings: - Extra text detected before JSON object
Trajectory dumped to jobs/topup5/mrbeast-analysis__2YdyGpD/agent/trajectory.json
Parser warnings: - Extra text detected before JSON object
Trajectory dumped to jobs/topup5/mrbeast-analysis__2YdyGpD/agent/trajectory.json
Parser warnings: - Extra text detected before JSON object
Trajectory dumped to jobs/topup5/mrbeast-analysis__2YdyGpD/agent/trajectory.json
Parser warnings: - Extra text detected before JSON object
Trajectory dumped to jobs/topup5/mrbeast-analysis__2YdyGpD/agent/trajectory.json
Parser warnings: - Extra text detected before JSON object
Trajectory dumped to jobs/topup5/mrbeast-analysis__2YdyGpD/agent/trajectory.json
Trajectory dumped to jobs/topup5/mrbeast-analysis__2YdyGpD/agent/trajectory.json
Parser warnings: - Extra text detected before JSON object
Trajectory dumped to jobs/topup5/mrbeast-analysis__2YdyGpD/agent/trajectory.json
Parser warnings: - Extra text detected before JSON object
Trajectory dumped to jobs/topup5/mrbeast-analysis__2YdyGpD/agent/trajectory.json
Parser warnings: - Extra text detected before JSON object
Trajectory dumped to jobs/topup5/mrbeast-analysis__2YdyGpD/agent/trajectory.json
Parser warnings: - Extra text detected before JSON object
Trajectory dumped to jobs/topup5/mrbeast-analysis__2YdyGpD/agent/trajectory.json
Parser warnings: - Extra text detected before JSON object
Trajectory dumped to jobs/topup5/mrbeast-analysis__2YdyGpD/agent/trajectory.json
Parser warnings: - Extra text detected before JSON object
Trajectory dumped to jobs/topup5/mrbeast-analysis__2YdyGpD/agent/trajectory.json
Trajectory dumped to jobs/topup5/mrbeast-analysis__2YdyGpD/agent/trajectory.json
Collecting main service artifacts
