Skipping image OS validation for hb__67085a0a8be6791501fa39c48f78dcd3: docker inspect returned 1
Running healthcheck: test -f /var/run/toolathlon/ready
Healthcheck passed
Parser warnings: - Extra text detected before JSON object
Trajectory dumped to jobs/qwen5x-gcp-mock/machine-operating__RDqEt2W/agent/trajectory.json
Parser warnings: - Extra text detected before JSON object
Trajectory dumped to jobs/qwen5x-gcp-mock/machine-operating__RDqEt2W/agent/trajectory.json
Parser warnings: - Extra text detected before JSON object
Trajectory dumped to jobs/qwen5x-gcp-mock/machine-operating__RDqEt2W/agent/trajectory.json
Parser warnings: - Extra text detected before JSON object
Trajectory dumped to jobs/qwen5x-gcp-mock/machine-operating__RDqEt2W/agent/trajectory.json
Parser warnings: - Extra text detected before JSON object
Trajectory dumped to jobs/qwen5x-gcp-mock/machine-operating__RDqEt2W/agent/trajectory.json
Parser warnings: - Extra text detected before JSON object
Trajectory dumped to jobs/qwen5x-gcp-mock/machine-operating__RDqEt2W/agent/trajectory.json
Parser warnings: - Extra text detected before JSON object
Trajectory dumped to jobs/qwen5x-gcp-mock/machine-operating__RDqEt2W/agent/trajectory.json
Parser warnings: - Extra text detected before JSON object
Trajectory dumped to jobs/qwen5x-gcp-mock/machine-operating__RDqEt2W/agent/trajectory.json
Parser warnings: - Extra text detected before JSON object
Trajectory dumped to jobs/qwen5x-gcp-mock/machine-operating__RDqEt2W/agent/trajectory.json
Parser warnings: - Extra text detected before JSON object
Trajectory dumped to jobs/qwen5x-gcp-mock/machine-operating__RDqEt2W/agent/trajectory.json
Parser warnings: - Extra text detected before JSON object
Trajectory dumped to jobs/qwen5x-gcp-mock/machine-operating__RDqEt2W/agent/trajectory.json
Parser warnings: - Extra text detected before JSON object
Trajectory dumped to jobs/qwen5x-gcp-mock/machine-operating__RDqEt2W/agent/trajectory.json
Parser warnings: - Extra text detected before JSON object
Trajectory dumped to jobs/qwen5x-gcp-mock/machine-operating__RDqEt2W/agent/trajectory.json
Parser warnings: - Extra text detected before JSON object
Trajectory dumped to jobs/qwen5x-gcp-mock/machine-operating__RDqEt2W/agent/trajectory.json
Parser warnings: - Extra text detected before JSON object
Trajectory dumped to jobs/qwen5x-gcp-mock/machine-operating__RDqEt2W/agent/trajectory.json
Parser warnings: - Extra text detected before JSON object
Trajectory dumped to jobs/qwen5x-gcp-mock/machine-operating__RDqEt2W/agent/trajectory.json
Parser warnings: - Extra text detected before JSON object
Trajectory dumped to jobs/qwen5x-gcp-mock/machine-operating__RDqEt2W/agent/trajectory.json
Parser warnings: - Extra text detected before JSON object
Trajectory dumped to jobs/qwen5x-gcp-mock/machine-operating__RDqEt2W/agent/trajectory.json
Parser warnings: - Extra text detected before JSON object
Trajectory dumped to jobs/qwen5x-gcp-mock/machine-operating__RDqEt2W/agent/trajectory.json
Parser warnings: - Extra text detected before JSON object
Trajectory dumped to jobs/qwen5x-gcp-mock/machine-operating__RDqEt2W/agent/trajectory.json
Parser warnings: - Extra text detected before JSON object
Trajectory dumped to jobs/qwen5x-gcp-mock/machine-operating__RDqEt2W/agent/trajectory.json
Trajectory dumped to jobs/qwen5x-gcp-mock/machine-operating__RDqEt2W/agent/trajectory.json
Collecting main service artifacts
