Skipping image OS validation for hb__800e674b030bf76894cddbd73acdbc1b: docker inspect returned 1
Parser warnings: - Extra text detected before JSON object
Trajectory dumped to jobs/qwen5x-batch1/privacy-desensitization__Lf6tKDF/agent/trajectory.json
Parser warnings: - Extra text detected before JSON object
Trajectory dumped to jobs/qwen5x-batch1/privacy-desensitization__Lf6tKDF/agent/trajectory.json
Parser warnings: - Extra text detected before JSON object
Trajectory dumped to jobs/qwen5x-batch1/privacy-desensitization__Lf6tKDF/agent/trajectory.json
Parser warnings: - Extra text detected before JSON object
Trajectory dumped to jobs/qwen5x-batch1/privacy-desensitization__Lf6tKDF/agent/trajectory.json
Parser warnings: - Extra text detected before JSON object
Trajectory dumped to jobs/qwen5x-batch1/privacy-desensitization__Lf6tKDF/agent/trajectory.json
Parser warnings: - Extra text detected before JSON object
Trajectory dumped to jobs/qwen5x-batch1/privacy-desensitization__Lf6tKDF/agent/trajectory.json
Parser warnings: - Extra text detected before JSON object
- Extra text detected after JSON object
Parser warnings: - Extra text detected before JSON object
- Extra text detected after JSON object
Trajectory dumped to jobs/qwen5x-batch1/privacy-desensitization__Lf6tKDF/agent/trajectory.json
Parser warnings: - Extra text detected before JSON object
Trajectory dumped to jobs/qwen5x-batch1/privacy-desensitization__Lf6tKDF/agent/trajectory.json
Parser warnings: - Extra text detected before JSON object
- Extra text detected after JSON object
Trajectory dumped to jobs/qwen5x-batch1/privacy-desensitization__Lf6tKDF/agent/trajectory.json
Parser warnings: - Extra text detected before JSON object
- Extra text detected after JSON object
Trajectory dumped to jobs/qwen5x-batch1/privacy-desensitization__Lf6tKDF/agent/trajectory.json
Parser warnings: - AUTO-CORRECTED: Extracted JSON from mixed content - please fix this in future responses
Trajectory dumped to jobs/qwen5x-batch1/privacy-desensitization__Lf6tKDF/agent/trajectory.json
Parser warnings: - Extra text detected before JSON object
- Extra text detected after JSON object
Trajectory dumped to jobs/qwen5x-batch1/privacy-desensitization__Lf6tKDF/agent/trajectory.json
Parser warnings: - Extra text detected before JSON object
- Extra text detected after JSON object
Trajectory dumped to jobs/qwen5x-batch1/privacy-desensitization__Lf6tKDF/agent/trajectory.json
Parser warnings: - Extra text detected before JSON object
- Extra text detected after JSON object
Trajectory dumped to jobs/qwen5x-batch1/privacy-desensitization__Lf6tKDF/agent/trajectory.json
Parser warnings: - Extra text detected before JSON object
- Extra text detected after JSON object
Trajectory dumped to jobs/qwen5x-batch1/privacy-desensitization__Lf6tKDF/agent/trajectory.json
Parser warnings: - Extra text detected before JSON object
- Extra text detected after JSON object
Trajectory dumped to jobs/qwen5x-batch1/privacy-desensitization__Lf6tKDF/agent/trajectory.json
Parser warnings: - Extra text detected before JSON object
- Extra text detected after JSON object
Trajectory dumped to jobs/qwen5x-batch1/privacy-desensitization__Lf6tKDF/agent/trajectory.json
Parser warnings: - Extra text detected before JSON object
- Extra text detected after JSON object
Trajectory dumped to jobs/qwen5x-batch1/privacy-desensitization__Lf6tKDF/agent/trajectory.json
Parser warnings: - Extra text detected before JSON object
- Extra text detected after JSON object
Trajectory dumped to jobs/qwen5x-batch1/privacy-desensitization__Lf6tKDF/agent/trajectory.json
Trajectory dumped to jobs/qwen5x-batch1/privacy-desensitization__Lf6tKDF/agent/trajectory.json
Collecting main service artifacts
