Skipping image OS validation for hb__eef4e2cd56bc9841b40dad2b668dc56c: docker inspect returned 1
Running healthcheck: test -f /var/run/toolathlon/ready
Healthcheck passed
Parser warnings: - Extra text detected before JSON object
Trajectory dumped to jobs/qwen5x-batch2/nvidia-market__MxbY64K/agent/trajectory.json
Parser warnings: - Extra text detected before JSON object
Trajectory dumped to jobs/qwen5x-batch2/nvidia-market__MxbY64K/agent/trajectory.json
Parser warnings: - Extra text detected before JSON object
Trajectory dumped to jobs/qwen5x-batch2/nvidia-market__MxbY64K/agent/trajectory.json
Parser warnings: - Extra text detected before JSON object
Trajectory dumped to jobs/qwen5x-batch2/nvidia-market__MxbY64K/agent/trajectory.json
Parser warnings: - Extra text detected before JSON object
Trajectory dumped to jobs/qwen5x-batch2/nvidia-market__MxbY64K/agent/trajectory.json
Parser warnings: - Extra text detected before JSON object
Trajectory dumped to jobs/qwen5x-batch2/nvidia-market__MxbY64K/agent/trajectory.json
Parser warnings: - Extra text detected before JSON object
Trajectory dumped to jobs/qwen5x-batch2/nvidia-market__MxbY64K/agent/trajectory.json
Parser warnings: - Extra text detected before JSON object
Trajectory dumped to jobs/qwen5x-batch2/nvidia-market__MxbY64K/agent/trajectory.json
Parser warnings: - Extra text detected before JSON object
Trajectory dumped to jobs/qwen5x-batch2/nvidia-market__MxbY64K/agent/trajectory.json
Parser warnings: - Extra text detected before JSON object
Trajectory dumped to jobs/qwen5x-batch2/nvidia-market__MxbY64K/agent/trajectory.json
Trajectory dumped to jobs/qwen5x-batch2/nvidia-market__MxbY64K/agent/trajectory.json
Parser warnings: - Extra text detected before JSON object
Trajectory dumped to jobs/qwen5x-batch2/nvidia-market__MxbY64K/agent/trajectory.json
Parser warnings: - Extra text detected before JSON object
Trajectory dumped to jobs/qwen5x-batch2/nvidia-market__MxbY64K/agent/trajectory.json
Parser warnings: - Extra text detected before JSON object
Trajectory dumped to jobs/qwen5x-batch2/nvidia-market__MxbY64K/agent/trajectory.json
Parser warnings: - Extra text detected before JSON object
Trajectory dumped to jobs/qwen5x-batch2/nvidia-market__MxbY64K/agent/trajectory.json
Parser warnings: - Extra text detected before JSON object
Trajectory dumped to jobs/qwen5x-batch2/nvidia-market__MxbY64K/agent/trajectory.json
Parser warnings: - Extra text detected before JSON object
Trajectory dumped to jobs/qwen5x-batch2/nvidia-market__MxbY64K/agent/trajectory.json
Parser warnings: - Extra text detected before JSON object
Trajectory dumped to jobs/qwen5x-batch2/nvidia-market__MxbY64K/agent/trajectory.json
Parser warnings: - Extra text detected before JSON object
- Extra text detected after JSON object
Parser warnings: - Extra text detected before JSON object
Trajectory dumped to jobs/qwen5x-batch2/nvidia-market__MxbY64K/agent/trajectory.json
Parser warnings: - Extra text detected before JSON object
Trajectory dumped to jobs/qwen5x-batch2/nvidia-market__MxbY64K/agent/trajectory.json
Parser warnings: - Extra text detected before JSON object
Trajectory dumped to jobs/qwen5x-batch2/nvidia-market__MxbY64K/agent/trajectory.json
Parser warnings: - Extra text detected before JSON object
Trajectory dumped to jobs/qwen5x-batch2/nvidia-market__MxbY64K/agent/trajectory.json
Parser warnings: - Extra text detected before JSON object
Trajectory dumped to jobs/qwen5x-batch2/nvidia-market__MxbY64K/agent/trajectory.json
Parser warnings: - Extra text detected before JSON object
Trajectory dumped to jobs/qwen5x-batch2/nvidia-market__MxbY64K/agent/trajectory.json
Parser warnings: - Extra text detected before JSON object
Trajectory dumped to jobs/qwen5x-batch2/nvidia-market__MxbY64K/agent/trajectory.json
Parser warnings: - Extra text detected before JSON object
Trajectory dumped to jobs/qwen5x-batch2/nvidia-market__MxbY64K/agent/trajectory.json
Parser warnings: - Extra text detected before JSON object
Trajectory dumped to jobs/qwen5x-batch2/nvidia-market__MxbY64K/agent/trajectory.json
Parser warnings: - Extra text detected before JSON object
Trajectory dumped to jobs/qwen5x-batch2/nvidia-market__MxbY64K/agent/trajectory.json
Parser warnings: - Extra text detected before JSON object
Trajectory dumped to jobs/qwen5x-batch2/nvidia-market__MxbY64K/agent/trajectory.json
Parser warnings: - Extra text detected before JSON object
Trajectory dumped to jobs/qwen5x-batch2/nvidia-market__MxbY64K/agent/trajectory.json
Parser warnings: - Extra text detected before JSON object
Trajectory dumped to jobs/qwen5x-batch2/nvidia-market__MxbY64K/agent/trajectory.json
Parser warnings: - Extra text detected before JSON object
Trajectory dumped to jobs/qwen5x-batch2/nvidia-market__MxbY64K/agent/trajectory.json
Trajectory dumped to jobs/qwen5x-batch2/nvidia-market__MxbY64K/agent/trajectory.json
Parser warnings: - Extra text detected before JSON object
Trajectory dumped to jobs/qwen5x-batch2/nvidia-market__MxbY64K/agent/trajectory.json
Parser warnings: - Extra text detected before JSON object
Trajectory dumped to jobs/qwen5x-batch2/nvidia-market__MxbY64K/agent/trajectory.json
Parser warnings: - Extra text detected before JSON object
Trajectory dumped to jobs/qwen5x-batch2/nvidia-market__MxbY64K/agent/trajectory.json
Parser warnings: - Extra text detected before JSON object
- Extra text detected after JSON object
Parser warnings: - Extra text detected before JSON object
Trajectory dumped to jobs/qwen5x-batch2/nvidia-market__MxbY64K/agent/trajectory.json
Parser warnings: - Extra text detected before JSON object
Trajectory dumped to jobs/qwen5x-batch2/nvidia-market__MxbY64K/agent/trajectory.json
Parser warnings: - Extra text detected before JSON object
Trajectory dumped to jobs/qwen5x-batch2/nvidia-market__MxbY64K/agent/trajectory.json
Parser warnings: - Extra text detected before JSON object
Trajectory dumped to jobs/qwen5x-batch2/nvidia-market__MxbY64K/agent/trajectory.json
Parser warnings: - Extra text detected before JSON object
Trajectory dumped to jobs/qwen5x-batch2/nvidia-market__MxbY64K/agent/trajectory.json
Parser warnings: - Extra text detected before JSON object
Trajectory dumped to jobs/qwen5x-batch2/nvidia-market__MxbY64K/agent/trajectory.json
Parser warnings: - Extra text detected before JSON object
Trajectory dumped to jobs/qwen5x-batch2/nvidia-market__MxbY64K/agent/trajectory.json
Parser warnings: - Extra text detected before JSON object
Trajectory dumped to jobs/qwen5x-batch2/nvidia-market__MxbY64K/agent/trajectory.json
Parser warnings: - Extra text detected before JSON object
Trajectory dumped to jobs/qwen5x-batch2/nvidia-market__MxbY64K/agent/trajectory.json
Parser warnings: - Extra text detected before JSON object
Trajectory dumped to jobs/qwen5x-batch2/nvidia-market__MxbY64K/agent/trajectory.json
Trajectory dumped to jobs/qwen5x-batch2/nvidia-market__MxbY64K/agent/trajectory.json
Parser warnings: - Extra text detected before JSON object
Trajectory dumped to jobs/qwen5x-batch2/nvidia-market__MxbY64K/agent/trajectory.json
Trajectory dumped to jobs/qwen5x-batch2/nvidia-market__MxbY64K/agent/trajectory.json
Trajectory dumped to jobs/qwen5x-batch2/nvidia-market__MxbY64K/agent/trajectory.json
Trajectory dumped to jobs/qwen5x-batch2/nvidia-market__MxbY64K/agent/trajectory.json
Parser warnings: - Extra text detected before JSON object
Trajectory dumped to jobs/qwen5x-batch2/nvidia-market__MxbY64K/agent/trajectory.json
Parser warnings: - Extra text detected before JSON object
Trajectory dumped to jobs/qwen5x-batch2/nvidia-market__MxbY64K/agent/trajectory.json
Parser warnings: - Extra text detected before JSON object
Trajectory dumped to jobs/qwen5x-batch2/nvidia-market__MxbY64K/agent/trajectory.json
Parser warnings: - Extra text detected before JSON object
Trajectory dumped to jobs/qwen5x-batch2/nvidia-market__MxbY64K/agent/trajectory.json
Parser warnings: - Extra text detected before JSON object
Trajectory dumped to jobs/qwen5x-batch2/nvidia-market__MxbY64K/agent/trajectory.json
Parser warnings: - Extra text detected before JSON object
Trajectory dumped to jobs/qwen5x-batch2/nvidia-market__MxbY64K/agent/trajectory.json
Parser warnings: - Extra text detected before JSON object
Trajectory dumped to jobs/qwen5x-batch2/nvidia-market__MxbY64K/agent/trajectory.json
Parser warnings: - Extra text detected before JSON object
Trajectory dumped to jobs/qwen5x-batch2/nvidia-market__MxbY64K/agent/trajectory.json
Parser warnings: - Extra text detected before JSON object
Trajectory dumped to jobs/qwen5x-batch2/nvidia-market__MxbY64K/agent/trajectory.json
Parser warnings: - Extra text detected before JSON object
Trajectory dumped to jobs/qwen5x-batch2/nvidia-market__MxbY64K/agent/trajectory.json
Parser warnings: - Extra text detected before JSON object
Trajectory dumped to jobs/qwen5x-batch2/nvidia-market__MxbY64K/agent/trajectory.json
Parser warnings: - Extra text detected before JSON object
Trajectory dumped to jobs/qwen5x-batch2/nvidia-market__MxbY64K/agent/trajectory.json
Parser warnings: - Extra text detected before JSON object
Trajectory dumped to jobs/qwen5x-batch2/nvidia-market__MxbY64K/agent/trajectory.json
Parser warnings: - Extra text detected before JSON object
Trajectory dumped to jobs/qwen5x-batch2/nvidia-market__MxbY64K/agent/trajectory.json
Parser warnings: - Extra text detected before JSON object
Trajectory dumped to jobs/qwen5x-batch2/nvidia-market__MxbY64K/agent/trajectory.json
Session has ended, breaking out of agent loop
Trajectory dumped to jobs/qwen5x-batch2/nvidia-market__MxbY64K/agent/trajectory.json
Collecting main service artifacts
docker compose cp failed; retrying upload with tar stream: Docker compose command failed for environment nvidia-market. Command: docker compose --project-name nvidia-market__mxby64k__env --project-directory /Users/chili/Projects/self-evolve/datasets/toolathlon/nvidia-market/environment -f /private/var/folders/qs/wcbkf5sx6zl5w5n9226c88n40000gp/T/tmp1kfzi187/nvidia-market__MxbY64K__env-docker-compose-resources.json -f /Users/chili/Projects/self-evolve/.venv/lib/python3.13/site-packages/harbor/environments/docker/docker-compose-build.yaml -f /private/var/folders/qs/wcbkf5sx6zl5w5n9226c88n40000gp/T/tmp5qi47qsp/docker-compose-environment.json -f /private/var/folders/qs/wcbkf5sx6zl5w5n9226c88n40000gp/T/tmppt4x8s0s/docker-compose-mounts.json cp /Users/chili/Projects/self-evolve/datasets/toolathlon/nvidia-market/tests/. main:/tests. Return code: 1. Stdout: request returned 500 Internal Server Error for API route and version http://%2FUsers%2Fchili%2F.docker%2Frun%2Fdocker.sock/v1.54/containers/json?all=1&filters=%7B%22label%22%3A%7B%22com.docker.compose.config-hash%22%3Atrue%2C%22com.docker.compose.oneoff%3DFalse%22%3Atrue%2C%22com.docker.compose.project%3Dnvidia-market__mxby64k__env%22%3Atrue%2C%22com.docker.compose.service%3Dmain%22%3Atrue%7D%7D, check if the server supports the requested API version
. Stderr: None. 
Trial nvidia-market__MxbY64K failed: Failed to add tests directory to environment.
Docker compose down failed: Docker compose command failed for environment nvidia-market. Command: docker compose --project-name nvidia-market__mxby64k__env --project-directory /Users/chili/Projects/self-evolve/datasets/toolathlon/nvidia-market/environment -f /private/var/folders/qs/wcbkf5sx6zl5w5n9226c88n40000gp/T/tmp1kfzi187/nvidia-market__MxbY64K__env-docker-compose-resources.json -f /Users/chili/Projects/self-evolve/.venv/lib/python3.13/site-packages/harbor/environments/docker/docker-compose-build.yaml -f /private/var/folders/qs/wcbkf5sx6zl5w5n9226c88n40000gp/T/tmp5qi47qsp/docker-compose-environment.json -f /private/var/folders/qs/wcbkf5sx6zl5w5n9226c88n40000gp/T/tmppt4x8s0s/docker-compose-mounts.json down --rmi local --volumes --remove-orphans. Return code: 1. Stdout: request returned 500 Internal Server Error for API route and version http://%2FUsers%2Fchili%2F.docker%2Frun%2Fdocker.sock/v1.54/containers/json?all=1&filters=%7B%22label%22%3A%7B%22com.docker.compose.config-hash%22%3Atrue%2C%22com.docker.compose.project%3Dnvidia-market__mxby64k__env%22%3Atrue%7D%7D, check if the server supports the requested API version
. Stderr: None. 
