Skipping image OS validation for hb__cb5f017bdc5b35893fcb3d47071e4701: docker inspect returned 1
Running healthcheck: test -f /var/run/toolathlon/ready
Healthcheck failed (rc=1, in_start_period=True)
Healthcheck failed (rc=1, in_start_period=True)
Healthcheck failed (rc=1, in_start_period=False)
Healthcheck failed (rc=1, in_start_period=False)
Healthcheck passed
Parser warnings: - Extra text detected before JSON object
Trajectory dumped to jobs/qwen5x-gcp-mock/game-statistics__dxDWfSm/agent/trajectory.json
Parser warnings: - Extra text detected before JSON object
Trajectory dumped to jobs/qwen5x-gcp-mock/game-statistics__dxDWfSm/agent/trajectory.json
Parser warnings: - Extra text detected before JSON object
Trajectory dumped to jobs/qwen5x-gcp-mock/game-statistics__dxDWfSm/agent/trajectory.json
Parser warnings: - Extra text detected before JSON object
Trajectory dumped to jobs/qwen5x-gcp-mock/game-statistics__dxDWfSm/agent/trajectory.json
Parser warnings: - Extra text detected before JSON object
Trajectory dumped to jobs/qwen5x-gcp-mock/game-statistics__dxDWfSm/agent/trajectory.json
Parser warnings: - Extra text detected before JSON object
Trajectory dumped to jobs/qwen5x-gcp-mock/game-statistics__dxDWfSm/agent/trajectory.json
Parser warnings: - Extra text detected before JSON object
Trajectory dumped to jobs/qwen5x-gcp-mock/game-statistics__dxDWfSm/agent/trajectory.json
Parser warnings: - Extra text detected before JSON object
Trajectory dumped to jobs/qwen5x-gcp-mock/game-statistics__dxDWfSm/agent/trajectory.json
Parser warnings: - Extra text detected before JSON object
Trajectory dumped to jobs/qwen5x-gcp-mock/game-statistics__dxDWfSm/agent/trajectory.json
Parser warnings: - Extra text detected before JSON object
Trajectory dumped to jobs/qwen5x-gcp-mock/game-statistics__dxDWfSm/agent/trajectory.json
Parser warnings: - Extra text detected before JSON object
Trajectory dumped to jobs/qwen5x-gcp-mock/game-statistics__dxDWfSm/agent/trajectory.json
Parser warnings: - Extra text detected before JSON object
Trajectory dumped to jobs/qwen5x-gcp-mock/game-statistics__dxDWfSm/agent/trajectory.json
Parser warnings: - Extra text detected before JSON object
Trajectory dumped to jobs/qwen5x-gcp-mock/game-statistics__dxDWfSm/agent/trajectory.json
Parser warnings: - Extra text detected before JSON object
Trajectory dumped to jobs/qwen5x-gcp-mock/game-statistics__dxDWfSm/agent/trajectory.json
Parser warnings: - Extra text detected before JSON object
Trajectory dumped to jobs/qwen5x-gcp-mock/game-statistics__dxDWfSm/agent/trajectory.json
Parser warnings: - Extra text detected before JSON object
Trajectory dumped to jobs/qwen5x-gcp-mock/game-statistics__dxDWfSm/agent/trajectory.json
Parser warnings: - Extra text detected before JSON object
Trajectory dumped to jobs/qwen5x-gcp-mock/game-statistics__dxDWfSm/agent/trajectory.json
Parser warnings: - Extra text detected before JSON object
Trajectory dumped to jobs/qwen5x-gcp-mock/game-statistics__dxDWfSm/agent/trajectory.json
Trajectory dumped to jobs/qwen5x-gcp-mock/game-statistics__dxDWfSm/agent/trajectory.json
Parser warnings: - Extra text detected before JSON object
Trajectory dumped to jobs/qwen5x-gcp-mock/game-statistics__dxDWfSm/agent/trajectory.json
Parser warnings: - Extra text detected before JSON object
Trajectory dumped to jobs/qwen5x-gcp-mock/game-statistics__dxDWfSm/agent/trajectory.json
Parser warnings: - Extra text detected before JSON object
Trajectory dumped to jobs/qwen5x-gcp-mock/game-statistics__dxDWfSm/agent/trajectory.json
Parser warnings: - Extra text detected before JSON object
Trajectory dumped to jobs/qwen5x-gcp-mock/game-statistics__dxDWfSm/agent/trajectory.json
Parser warnings: - Extra text detected before JSON object
Trajectory dumped to jobs/qwen5x-gcp-mock/game-statistics__dxDWfSm/agent/trajectory.json
Parser warnings: - Extra text detected before JSON object
Trajectory dumped to jobs/qwen5x-gcp-mock/game-statistics__dxDWfSm/agent/trajectory.json
Parser warnings: - Extra text detected before JSON object
Trajectory dumped to jobs/qwen5x-gcp-mock/game-statistics__dxDWfSm/agent/trajectory.json
Parser warnings: - Extra text detected before JSON object
Trajectory dumped to jobs/qwen5x-gcp-mock/game-statistics__dxDWfSm/agent/trajectory.json
Parser warnings: - Extra text detected before JSON object
Trajectory dumped to jobs/qwen5x-gcp-mock/game-statistics__dxDWfSm/agent/trajectory.json
Trajectory dumped to jobs/qwen5x-gcp-mock/game-statistics__dxDWfSm/agent/trajectory.json
Collecting main service artifacts
