Skipping image OS validation for hb__f428d8756e7110aacf81ec4ad4924275: docker inspect returned 1
Running healthcheck: test -f /var/run/toolathlon/ready
Healthcheck failed (rc=1, in_start_period=True)
Healthcheck failed (rc=1, in_start_period=False)
Healthcheck passed
Parser warnings: - Extra text detected before JSON object
Trajectory dumped to jobs/topup5b/update-material-inventory__QVpnEVQ/agent/trajectory.json
Parser warnings: - Extra text detected before JSON object
Trajectory dumped to jobs/topup5b/update-material-inventory__QVpnEVQ/agent/trajectory.json
Parser warnings: - Extra text detected before JSON object
Trajectory dumped to jobs/topup5b/update-material-inventory__QVpnEVQ/agent/trajectory.json
Parser warnings: - Extra text detected before JSON object
Trajectory dumped to jobs/topup5b/update-material-inventory__QVpnEVQ/agent/trajectory.json
Parser warnings: - Extra text detected before JSON object
Trajectory dumped to jobs/topup5b/update-material-inventory__QVpnEVQ/agent/trajectory.json
Parser warnings: - Extra text detected before JSON object
Trajectory dumped to jobs/topup5b/update-material-inventory__QVpnEVQ/agent/trajectory.json
Parser warnings: - Extra text detected before JSON object
Trajectory dumped to jobs/topup5b/update-material-inventory__QVpnEVQ/agent/trajectory.json
Parser warnings: - Extra text detected before JSON object
Trajectory dumped to jobs/topup5b/update-material-inventory__QVpnEVQ/agent/trajectory.json
Parser warnings: - Extra text detected before JSON object
Trajectory dumped to jobs/topup5b/update-material-inventory__QVpnEVQ/agent/trajectory.json
Parser warnings: - Extra text detected before JSON object
Trajectory dumped to jobs/topup5b/update-material-inventory__QVpnEVQ/agent/trajectory.json
Parser warnings: - Extra text detected before JSON object
Trajectory dumped to jobs/topup5b/update-material-inventory__QVpnEVQ/agent/trajectory.json
Parser warnings: - Extra text detected before JSON object
Trajectory dumped to jobs/topup5b/update-material-inventory__QVpnEVQ/agent/trajectory.json
Parser warnings: - Extra text detected before JSON object
Trajectory dumped to jobs/topup5b/update-material-inventory__QVpnEVQ/agent/trajectory.json
Parser warnings: - Extra text detected before JSON object
Trajectory dumped to jobs/topup5b/update-material-inventory__QVpnEVQ/agent/trajectory.json
Parser warnings: - Extra text detected before JSON object
Trajectory dumped to jobs/topup5b/update-material-inventory__QVpnEVQ/agent/trajectory.json
Parser warnings: - Extra text detected before JSON object
Trajectory dumped to jobs/topup5b/update-material-inventory__QVpnEVQ/agent/trajectory.json
Trajectory dumped to jobs/topup5b/update-material-inventory__QVpnEVQ/agent/trajectory.json
Collecting main service artifacts
