Skipping image OS validation for hb__7fa1174af8284969f0149e2e51b6763c: docker inspect returned 1
Running healthcheck: test -f /var/run/toolathlon/ready
Healthcheck passed
Parser warnings: - Extra text detected before JSON object
Trajectory dumped to jobs/topup3b/logical-datasets-collection__B2gucJ9/agent/trajectory.json
Parser warnings: - Extra text detected before JSON object
Trajectory dumped to jobs/topup3b/logical-datasets-collection__B2gucJ9/agent/trajectory.json
Parser warnings: - Extra text detected before JSON object
Trajectory dumped to jobs/topup3b/logical-datasets-collection__B2gucJ9/agent/trajectory.json
Parser warnings: - Extra text detected before JSON object
Trajectory dumped to jobs/topup3b/logical-datasets-collection__B2gucJ9/agent/trajectory.json
Parser warnings: - Extra text detected before JSON object
Trajectory dumped to jobs/topup3b/logical-datasets-collection__B2gucJ9/agent/trajectory.json
Parser warnings: - Extra text detected before JSON object
Trajectory dumped to jobs/topup3b/logical-datasets-collection__B2gucJ9/agent/trajectory.json
Parser warnings: - Extra text detected before JSON object
Trajectory dumped to jobs/topup3b/logical-datasets-collection__B2gucJ9/agent/trajectory.json
Parser warnings: - Extra text detected before JSON object
Trajectory dumped to jobs/topup3b/logical-datasets-collection__B2gucJ9/agent/trajectory.json
Parser warnings: - Extra text detected before JSON object
Trajectory dumped to jobs/topup3b/logical-datasets-collection__B2gucJ9/agent/trajectory.json
Parser warnings: - Extra text detected before JSON object
Trajectory dumped to jobs/topup3b/logical-datasets-collection__B2gucJ9/agent/trajectory.json
Parser warnings: - Extra text detected before JSON object
Trajectory dumped to jobs/topup3b/logical-datasets-collection__B2gucJ9/agent/trajectory.json
Parser warnings: - Extra text detected before JSON object
- Command 1 should end with newline when followed by another command. Otherwise the two commands will be concatenated together on the same line.
Trajectory dumped to jobs/topup3b/logical-datasets-collection__B2gucJ9/agent/trajectory.json
Parser warnings: - Extra text detected before JSON object
Trajectory dumped to jobs/topup3b/logical-datasets-collection__B2gucJ9/agent/trajectory.json
Parser warnings: - Extra text detected before JSON object
Trajectory dumped to jobs/topup3b/logical-datasets-collection__B2gucJ9/agent/trajectory.json
Parser warnings: - Extra text detected before JSON object
Trajectory dumped to jobs/topup3b/logical-datasets-collection__B2gucJ9/agent/trajectory.json
Parser warnings: - Extra text detected before JSON object
Trajectory dumped to jobs/topup3b/logical-datasets-collection__B2gucJ9/agent/trajectory.json
Parser warnings: - Extra text detected before JSON object
Trajectory dumped to jobs/topup3b/logical-datasets-collection__B2gucJ9/agent/trajectory.json
Parser warnings: - Extra text detected before JSON object
Trajectory dumped to jobs/topup3b/logical-datasets-collection__B2gucJ9/agent/trajectory.json
Parser warnings: - Extra text detected before JSON object
Trajectory dumped to jobs/topup3b/logical-datasets-collection__B2gucJ9/agent/trajectory.json
Parser warnings: - Extra text detected before JSON object
Trajectory dumped to jobs/topup3b/logical-datasets-collection__B2gucJ9/agent/trajectory.json
Parser warnings: - Extra text detected before JSON object
Trajectory dumped to jobs/topup3b/logical-datasets-collection__B2gucJ9/agent/trajectory.json
Parser warnings: - Extra text detected before JSON object
Trajectory dumped to jobs/topup3b/logical-datasets-collection__B2gucJ9/agent/trajectory.json
Parser warnings: - Extra text detected before JSON object
Trajectory dumped to jobs/topup3b/logical-datasets-collection__B2gucJ9/agent/trajectory.json
Parser warnings: - Extra text detected before JSON object
Trajectory dumped to jobs/topup3b/logical-datasets-collection__B2gucJ9/agent/trajectory.json
Parser warnings: - Extra text detected before JSON object
Trajectory dumped to jobs/topup3b/logical-datasets-collection__B2gucJ9/agent/trajectory.json
Parser warnings: - Extra text detected before JSON object
Trajectory dumped to jobs/topup3b/logical-datasets-collection__B2gucJ9/agent/trajectory.json
Parser warnings: - Extra text detected before JSON object
Trajectory dumped to jobs/topup3b/logical-datasets-collection__B2gucJ9/agent/trajectory.json
Parser warnings: - Extra text detected before JSON object
Trajectory dumped to jobs/topup3b/logical-datasets-collection__B2gucJ9/agent/trajectory.json
Parser warnings: - Extra text detected before JSON object
Trajectory dumped to jobs/topup3b/logical-datasets-collection__B2gucJ9/agent/trajectory.json
Parser warnings: - Extra text detected before JSON object
Trajectory dumped to jobs/topup3b/logical-datasets-collection__B2gucJ9/agent/trajectory.json
Parser warnings: - Extra text detected before JSON object
Trajectory dumped to jobs/topup3b/logical-datasets-collection__B2gucJ9/agent/trajectory.json
Trajectory dumped to jobs/topup3b/logical-datasets-collection__B2gucJ9/agent/trajectory.json
Parser warnings: - Extra text detected before JSON object
Trajectory dumped to jobs/topup3b/logical-datasets-collection__B2gucJ9/agent/trajectory.json
Trajectory dumped to jobs/topup3b/logical-datasets-collection__B2gucJ9/agent/trajectory.json
Parser warnings: - Extra text detected before JSON object
Trajectory dumped to jobs/topup3b/logical-datasets-collection__B2gucJ9/agent/trajectory.json
Parser warnings: - Extra text detected before JSON object
Trajectory dumped to jobs/topup3b/logical-datasets-collection__B2gucJ9/agent/trajectory.json
Parser warnings: - Extra text detected before JSON object
Trajectory dumped to jobs/topup3b/logical-datasets-collection__B2gucJ9/agent/trajectory.json
Parser warnings: - Extra text detected before JSON object
Trajectory dumped to jobs/topup3b/logical-datasets-collection__B2gucJ9/agent/trajectory.json
Parser warnings: - Extra text detected before JSON object
Trajectory dumped to jobs/topup3b/logical-datasets-collection__B2gucJ9/agent/trajectory.json
Parser warnings: - Extra text detected before JSON object
Trajectory dumped to jobs/topup3b/logical-datasets-collection__B2gucJ9/agent/trajectory.json
Parser warnings: - Extra text detected before JSON object
Trajectory dumped to jobs/topup3b/logical-datasets-collection__B2gucJ9/agent/trajectory.json
Parser warnings: - Extra text detected before JSON object
Trajectory dumped to jobs/topup3b/logical-datasets-collection__B2gucJ9/agent/trajectory.json
Parser warnings: - Extra text detected before JSON object
Trajectory dumped to jobs/topup3b/logical-datasets-collection__B2gucJ9/agent/trajectory.json
Parser warnings: - Extra text detected before JSON object
Trajectory dumped to jobs/topup3b/logical-datasets-collection__B2gucJ9/agent/trajectory.json
Parser warnings: - Extra text detected before JSON object
Trajectory dumped to jobs/topup3b/logical-datasets-collection__B2gucJ9/agent/trajectory.json
Parser warnings: - Extra text detected before JSON object
Trajectory dumped to jobs/topup3b/logical-datasets-collection__B2gucJ9/agent/trajectory.json
Parser warnings: - Extra text detected before JSON object
Trajectory dumped to jobs/topup3b/logical-datasets-collection__B2gucJ9/agent/trajectory.json
Parser warnings: - Extra text detected before JSON object
Trajectory dumped to jobs/topup3b/logical-datasets-collection__B2gucJ9/agent/trajectory.json
Parser warnings: - Extra text detected before JSON object
Trajectory dumped to jobs/topup3b/logical-datasets-collection__B2gucJ9/agent/trajectory.json
Parser warnings: - Extra text detected before JSON object
Trajectory dumped to jobs/topup3b/logical-datasets-collection__B2gucJ9/agent/trajectory.json
Parser warnings: - Extra text detected before JSON object
Trajectory dumped to jobs/topup3b/logical-datasets-collection__B2gucJ9/agent/trajectory.json
Parser warnings: - Extra text detected before JSON object
Trajectory dumped to jobs/topup3b/logical-datasets-collection__B2gucJ9/agent/trajectory.json
Trajectory dumped to jobs/topup3b/logical-datasets-collection__B2gucJ9/agent/trajectory.json
Parser warnings: - Extra text detected before JSON object
Trajectory dumped to jobs/topup3b/logical-datasets-collection__B2gucJ9/agent/trajectory.json
Parser warnings: - Extra text detected before JSON object
Trajectory dumped to jobs/topup3b/logical-datasets-collection__B2gucJ9/agent/trajectory.json
Parser warnings: - Extra text detected before JSON object
Trajectory dumped to jobs/topup3b/logical-datasets-collection__B2gucJ9/agent/trajectory.json
Parser warnings: - Extra text detected before JSON object
Trajectory dumped to jobs/topup3b/logical-datasets-collection__B2gucJ9/agent/trajectory.json
Parser warnings: - Extra text detected before JSON object
Trajectory dumped to jobs/topup3b/logical-datasets-collection__B2gucJ9/agent/trajectory.json
Trajectory dumped to jobs/topup3b/logical-datasets-collection__B2gucJ9/agent/trajectory.json
Parser warnings: - Extra text detected before JSON object
Trajectory dumped to jobs/topup3b/logical-datasets-collection__B2gucJ9/agent/trajectory.json
Trajectory dumped to jobs/topup3b/logical-datasets-collection__B2gucJ9/agent/trajectory.json
Parser warnings: - Extra text detected before JSON object
Trajectory dumped to jobs/topup3b/logical-datasets-collection__B2gucJ9/agent/trajectory.json
Parser warnings: - Extra text detected before JSON object
- Extra text detected after JSON object
Parser warnings: - Extra text detected before JSON object
Trajectory dumped to jobs/topup3b/logical-datasets-collection__B2gucJ9/agent/trajectory.json
Parser warnings: - Extra text detected before JSON object
Trajectory dumped to jobs/topup3b/logical-datasets-collection__B2gucJ9/agent/trajectory.json
Trajectory dumped to jobs/topup3b/logical-datasets-collection__B2gucJ9/agent/trajectory.json
Parser warnings: - Extra text detected before JSON object
Trajectory dumped to jobs/topup3b/logical-datasets-collection__B2gucJ9/agent/trajectory.json
Trajectory dumped to jobs/topup3b/logical-datasets-collection__B2gucJ9/agent/trajectory.json
Parser warnings: - Extra text detected before JSON object
- Extra text detected after JSON object
Parser warnings: - Extra text detected before JSON object
Trajectory dumped to jobs/topup3b/logical-datasets-collection__B2gucJ9/agent/trajectory.json
Trajectory dumped to jobs/topup3b/logical-datasets-collection__B2gucJ9/agent/trajectory.json
Collecting main service artifacts
