Skipping image OS validation for hb__26ef1e6e5b35246773964f8f2b6fa1f9: docker inspect returned 1
Parser warnings: - Extra text detected before JSON object
Trajectory dumped to jobs/topup5/yahoo-analysis__LtCyuLR/agent/trajectory.json
Parser warnings: - Extra text detected before JSON object
Trajectory dumped to jobs/topup5/yahoo-analysis__LtCyuLR/agent/trajectory.json
Parser warnings: - Extra text detected before JSON object
Trajectory dumped to jobs/topup5/yahoo-analysis__LtCyuLR/agent/trajectory.json
Parser warnings: - Extra text detected before JSON object
Trajectory dumped to jobs/topup5/yahoo-analysis__LtCyuLR/agent/trajectory.json
Parser warnings: - Extra text detected before JSON object
Trajectory dumped to jobs/topup5/yahoo-analysis__LtCyuLR/agent/trajectory.json
Parser warnings: - Extra text detected before JSON object
Trajectory dumped to jobs/topup5/yahoo-analysis__LtCyuLR/agent/trajectory.json
Parser warnings: - Extra text detected before JSON object
Trajectory dumped to jobs/topup5/yahoo-analysis__LtCyuLR/agent/trajectory.json
Parser warnings: - Extra text detected before JSON object
Trajectory dumped to jobs/topup5/yahoo-analysis__LtCyuLR/agent/trajectory.json
Parser warnings: - Extra text detected before JSON object
Trajectory dumped to jobs/topup5/yahoo-analysis__LtCyuLR/agent/trajectory.json
Parser warnings: - Extra text detected before JSON object
- Command 1 should end with newline when followed by another command. Otherwise the two commands will be concatenated together on the same line.
Trajectory dumped to jobs/topup5/yahoo-analysis__LtCyuLR/agent/trajectory.json
Parser warnings: - Extra text detected before JSON object
Trajectory dumped to jobs/topup5/yahoo-analysis__LtCyuLR/agent/trajectory.json
Parser warnings: - Extra text detected before JSON object
Trajectory dumped to jobs/topup5/yahoo-analysis__LtCyuLR/agent/trajectory.json
Parser warnings: - Extra text detected before JSON object
Trajectory dumped to jobs/topup5/yahoo-analysis__LtCyuLR/agent/trajectory.json
Parser warnings: - Extra text detected before JSON object
Trajectory dumped to jobs/topup5/yahoo-analysis__LtCyuLR/agent/trajectory.json
Parser warnings: - Extra text detected before JSON object
Trajectory dumped to jobs/topup5/yahoo-analysis__LtCyuLR/agent/trajectory.json
Parser warnings: - Extra text detected before JSON object
Trajectory dumped to jobs/topup5/yahoo-analysis__LtCyuLR/agent/trajectory.json
Parser warnings: - Extra text detected before JSON object
Trajectory dumped to jobs/topup5/yahoo-analysis__LtCyuLR/agent/trajectory.json
Parser warnings: - Extra text detected before JSON object
Trajectory dumped to jobs/topup5/yahoo-analysis__LtCyuLR/agent/trajectory.json
Parser warnings: - Extra text detected before JSON object
Trajectory dumped to jobs/topup5/yahoo-analysis__LtCyuLR/agent/trajectory.json
Parser warnings: - Extra text detected before JSON object
Trajectory dumped to jobs/topup5/yahoo-analysis__LtCyuLR/agent/trajectory.json
Trajectory dumped to jobs/topup5/yahoo-analysis__LtCyuLR/agent/trajectory.json
Collecting main service artifacts
